Archive member included to satisfy reference by file (symbol)

C:\Users\umar.hassan\AppData\Local\Temp\VMBuilds\Test01\stm32duino_genericSTM32F103C\Debug\core.a(exc.S.o)
                              (__exc_nmi)
C:\Users\umar.hassan\AppData\Local\Temp\VMBuilds\Test01\stm32duino_genericSTM32F103C\Debug\core.a(isrs.S.o)
                              (__stm32reservedexception7)
C:\Users\umar.hassan\AppData\Local\Temp\VMBuilds\Test01\stm32duino_genericSTM32F103C\Debug\core.a(vector_table.S.o)
                              (__stm32_vector_table)
C:\Users\umar.hassan\AppData\Local\Temp\VMBuilds\Test01\stm32duino_genericSTM32F103C\Debug\core.a(adc.c.o)
                              C:\Users\umar.hassan\AppData\Local\Temp\VMBCore\arduino16x\01e210328e8f8eb8bd5c91a53680a4aa\variant\boards.cpp.o (adc_set_sample_rate)
C:\Users\umar.hassan\AppData\Local\Temp\VMBuilds\Test01\stm32duino_genericSTM32F103C\Debug\core.a(adc_f1.c.o)
                              C:\Users\umar.hassan\AppData\Local\Temp\VMBuilds\Test01\stm32duino_genericSTM32F103C\Debug\core.a(vector_table.S.o) (__irq_adc)
C:\Users\umar.hassan\AppData\Local\Temp\VMBuilds\Test01\stm32duino_genericSTM32F103C\Debug\core.a(dma_f1.c.o)
                              C:\Users\umar.hassan\AppData\Local\Temp\VMBuilds\Test01\stm32duino_genericSTM32F103C\Debug\core.a(vector_table.S.o) (__irq_dma1_channel1)
C:\Users\umar.hassan\AppData\Local\Temp\VMBuilds\Test01\stm32duino_genericSTM32F103C\Debug\core.a(exti.c.o)
                              C:\Users\umar.hassan\AppData\Local\Temp\VMBuilds\Test01\stm32duino_genericSTM32F103C\Debug\core.a(vector_table.S.o) (__irq_exti0)
C:\Users\umar.hassan\AppData\Local\Temp\VMBuilds\Test01\stm32duino_genericSTM32F103C\Debug\core.a(exti_f1.c.o)
                              C:\Users\umar.hassan\AppData\Local\Temp\VMBuilds\Test01\stm32duino_genericSTM32F103C\Debug\core.a(exti.c.o) (exti_select)
C:\Users\umar.hassan\AppData\Local\Temp\VMBuilds\Test01\stm32duino_genericSTM32F103C\Debug\core.a(flash.c.o)
                              C:\Users\umar.hassan\AppData\Local\Temp\VMBCore\arduino16x\01e210328e8f8eb8bd5c91a53680a4aa\variant\boards.cpp.o (flash_set_latency)
C:\Users\umar.hassan\AppData\Local\Temp\VMBuilds\Test01\stm32duino_genericSTM32F103C\Debug\core.a(gpio_f1.c.o)
                              C:\Users\umar.hassan\AppData\Local\Temp\VMBCore\arduino16x\01e210328e8f8eb8bd5c91a53680a4aa\variant\boards_setup.cpp.o (gpio_init_all)
C:\Users\umar.hassan\AppData\Local\Temp\VMBuilds\Test01\stm32duino_genericSTM32F103C\Debug\core.a(i2c_f1.c.o)
                              C:\Users\umar.hassan\AppData\Local\Temp\VMBuilds\Test01\stm32duino_genericSTM32F103C\Debug\core.a(vector_table.S.o) (__irq_i2c1_ev)
C:\Users\umar.hassan\AppData\Local\Temp\VMBuilds\Test01\stm32duino_genericSTM32F103C\Debug\core.a(nvic.c.o)
                              C:\Users\umar.hassan\AppData\Local\Temp\VMBuilds\Test01\stm32duino_genericSTM32F103C\Debug\core.a(i2c_f1.c.o) (nvic_irq_set_priority)
C:\Users\umar.hassan\AppData\Local\Temp\VMBuilds\Test01\stm32duino_genericSTM32F103C\Debug\core.a(rcc.c.o)
                              C:\Users\umar.hassan\AppData\Local\Temp\VMBCore\arduino16x\01e210328e8f8eb8bd5c91a53680a4aa\variant\boards.cpp.o (rcc_switch_sysclk)
C:\Users\umar.hassan\AppData\Local\Temp\VMBuilds\Test01\stm32duino_genericSTM32F103C\Debug\core.a(rcc_f1.c.o)
                              C:\Users\umar.hassan\AppData\Local\Temp\VMBCore\arduino16x\01e210328e8f8eb8bd5c91a53680a4aa\variant\boards.cpp.o (rcc_configure_pll)
C:\Users\umar.hassan\AppData\Local\Temp\VMBuilds\Test01\stm32duino_genericSTM32F103C\Debug\core.a(systick.c.o)
                              C:\Users\umar.hassan\AppData\Local\Temp\VMBCore\arduino16x\01e210328e8f8eb8bd5c91a53680a4aa\variant\boards.cpp.o (systick_init)
C:\Users\umar.hassan\AppData\Local\Temp\VMBuilds\Test01\stm32duino_genericSTM32F103C\Debug\core.a(timer.c.o)
                              C:\Users\umar.hassan\AppData\Local\Temp\VMBCore\arduino16x\01e210328e8f8eb8bd5c91a53680a4aa\variant\boards.cpp.o (timer_foreach)
C:\Users\umar.hassan\AppData\Local\Temp\VMBuilds\Test01\stm32duino_genericSTM32F103C\Debug\core.a(usart_f1.c.o)
                              C:\Users\umar.hassan\AppData\Local\Temp\VMBuilds\Test01\stm32duino_genericSTM32F103C\Debug\core.a(vector_table.S.o) (__irq_usart1)
C:\Users\umar.hassan\AppData\Local\Temp\VMBuilds\Test01\stm32duino_genericSTM32F103C\Debug\core.a(usart_private.c.o)
                              C:\Users\umar.hassan\AppData\Local\Temp\VMBuilds\Test01\stm32duino_genericSTM32F103C\Debug\core.a(usart_f1.c.o) (_usart_clock_freq)
C:\Users\umar.hassan\AppData\Local\Temp\VMBuilds\Test01\stm32duino_genericSTM32F103C\Debug\core.a(util.c.o)
                              C:\Users\umar.hassan\AppData\Local\Temp\VMBuilds\Test01\stm32duino_genericSTM32F103C\Debug\core.a(exc.S.o) (__error)
C:\Users\umar.hassan\AppData\Local\Temp\VMBuilds\Test01\stm32duino_genericSTM32F103C\Debug\core.a(usb.c.o)
[...]
Memory Configuration

Name             Origin             Length             Attributes
ram              0x0000000020000000 0x0000000000005000 xrw
rom              0x0000000008000000 0x0000000000010000 xr
*default*        0x0000000000000000 0xffffffffffffffff

Linker script and memory map

LOAD c:/users/umar.hassan/appdata/local/arduino15/packages/arduino/tools/arm-none-eabi-gcc/4.8.3-2014q1/bin/../lib/gcc/arm-none-eabi/7.3.1/thumb/v7-m/crti.o
LOAD c:/users/umar.hassan/appdata/local/arduino15/packages/arduino/tools/arm-none-eabi-gcc/4.8.3-2014q1/bin/../lib/gcc/arm-none-eabi/7.3.1/thumb/v7-m/crtbegin.o
LOAD c:/users/umar.hassan/appdata/local/arduino15/packages/arduino/tools/arm-none-eabi-gcc/4.8.3-2014q1/bin/../lib/gcc/arm-none-eabi/7.3.1/../../../../arm-none-eabi/lib/thumb/v7-m/crt0.o
LOAD c:/users/umar.hassan/appdata/local/arduino15/packages/arduino/tools/arm-none-eabi-gcc/4.8.3-2014q1/bin/../lib/gcc/arm-none-eabi/7.3.1/thumb/v7-m\libgcc.a
START GROUP
LOAD Test01.cpp.o
LOAD VM_DBG\VM_DBG.cpp.o
LOAD VM_DBG\VM_mem_check_sam.cpp.o
LOAD C:\Users\umar.hassan\AppData\Local\Temp\VMBCore\arduino16x\01e210328e8f8eb8bd5c91a53680a4aa\variant\start.S.o
LOAD C:\Users\umar.hassan\AppData\Local\Temp\VMBCore\arduino16x\01e210328e8f8eb8bd5c91a53680a4aa\variant\start_c.c.o
LOAD C:\Users\umar.hassan\AppData\Local\Temp\VMBCore\arduino16x\01e210328e8f8eb8bd5c91a53680a4aa\variant\syscalls.c.o
LOAD C:\Users\umar.hassan\AppData\Local\Temp\VMBCore\arduino16x\01e210328e8f8eb8bd5c91a53680a4aa\variant\board.cpp.o
LOAD C:\Users\umar.hassan\AppData\Local\Temp\VMBCore\arduino16x\01e210328e8f8eb8bd5c91a53680a4aa\variant\boards.cpp.o
LOAD C:\Users\umar.hassan\AppData\Local\Temp\VMBCore\arduino16x\01e210328e8f8eb8bd5c91a53680a4aa\variant\boards_setup.cpp.o
LOAD C:\Users\umar.hassan\AppData\Local\Temp\VMBuilds\Test01\stm32duino_genericSTM32F103C\Debug\core.a
END GROUP
LOAD c:/users/umar.hassan/appdata/local/arduino15/packages/arduino/tools/arm-none-eabi-gcc/4.8.3-2014q1/bin/../lib/gcc/arm-none-eabi/7.3.1/../../../../arm-none-eabi/lib/thumb/v7-m\libstdc++_nano.a
LOAD c:/users/umar.hassan/appdata/local/arduino15/packages/arduino/tools/arm-none-eabi-gcc/4.8.3-2014q1/bin/../lib/gcc/arm-none-eabi/7.3.1/../../../../arm-none-eabi/lib/thumb/v7-m\libm.a
START GROUP
LOAD c:/users/umar.hassan/appdata/local/arduino15/packages/arduino/tools/arm-none-eabi-gcc/4.8.3-2014q1/bin/../lib/gcc/arm-none-eabi/7.3.1/thumb/v7-m\libgcc.a
LOAD c:/users/umar.hassan/appdata/local/arduino15/packages/arduino/tools/arm-none-eabi-gcc/4.8.3-2014q1/bin/../lib/gcc/arm-none-eabi/7.3.1/../../../../arm-none-eabi/lib/thumb/v7-m\libc_nano.a
END GROUP
START GROUP
LOAD c:/users/umar.hassan/appdata/local/arduino15/packages/arduino/tools/arm-none-eabi-gcc/4.8.3-2014q1/bin/../lib/gcc/arm-none-eabi/7.3.1/thumb/v7-m\libgcc.a
LOAD c:/users/umar.hassan/appdata/local/arduino15/packages/arduino/tools/arm-none-eabi-gcc/4.8.3-2014q1/bin/../lib/gcc/arm-none-eabi/7.3.1/../../../../arm-none-eabi/lib/thumb/v7-m\libc_nano.a
END GROUP
LOAD c:/users/umar.hassan/appdata/local/arduino15/packages/arduino/tools/arm-none-eabi-gcc/4.8.3-2014q1/bin/../lib/gcc/arm-none-eabi/7.3.1/thumb/v7-m/crtend.o
LOAD c:/users/umar.hassan/appdata/local/arduino15/packages/arduino/tools/arm-none-eabi-gcc/4.8.3-2014q1/bin/../lib/gcc/arm-none-eabi/7.3.1/thumb/v7-m/crtn.o
START GROUP
LOAD c:/users/umar.hassan/appdata/local/arduino15/packages/arduino/tools/arm-none-eabi-gcc/4.8.3-2014q1/bin/../lib/gcc/arm-none-eabi/7.3.1/thumb/v7-m\libgcc.a
LOAD c:/users/umar.hassan/appdata/local/arduino15/packages/arduino/tools/arm-none-eabi-gcc/4.8.3-2014q1/bin/../lib/gcc/arm-none-eabi/7.3.1/../../../../arm-none-eabi/lib/thumb/v7-m\libc.a
LOAD c:/users/umar.hassan/appdata/local/arduino15/packages/arduino/tools/arm-none-eabi-gcc/4.8.3-2014q1/bin/../lib/gcc/arm-none-eabi/7.3.1/../../../../arm-none-eabi/lib/thumb/v7-m\libm.a
END GROUP
START GROUP
LOAD c:/users/umar.hassan/appdata/local/arduino15/packages/arduino/tools/arm-none-eabi-gcc/4.8.3-2014q1/bin/../lib/gcc/arm-none-eabi/7.3.1/../../../../arm-none-eabi/lib/thumb/v7-m\libnosys.a
END GROUP
                0x0000000020005000                PROVIDE (__msp_init = (ORIGIN (ram) + LENGTH (ram)))
                0x000000000800031c                PROVIDE (__exc_reset = __start__)

.text           0x0000000008000000     0x2ac8
                0x0000000008000000                __text_start__ = .
 *(.stm32.interrupt_vector)
 .stm32.interrupt_vector
                0x0000000008000000       0xec C:\Users\umar.hassan\AppData\Local\Temp\VMBuilds\Test01\stm32duino_genericSTM32F103C\Debug\core.a(vector_table.S.o)
                0x0000000008000000                __stm32_vector_table
 *(.text .text.* .gnu.linkonce.t.*)
 .text          0x00000000080000ec       0x40 c:/users/umar.hassan/appdata/local/arduino15/packages/arduino/tools/arm-none-eabi-gcc/4.8.3-2014q1/bin/../lib/gcc/arm-none-eabi/7.3.1/thumb/v7-m/crtbegin.o
 .text._Z5setupv
                0x000000000800012c       0x74 Test01.cpp.o
                0x000000000800012c                setup()
 .text._Z4loopv
                0x00000000080001a0       0x24 Test01.cpp.o
                0x00000000080001a0                loop()
 .text._ZN16VisualMicroDebug16DBG_YieldAndWaitEmb
                0x00000000080001c4       0x18 VM_DBG\VM_DBG.cpp.o
                0x00000000080001c4                VisualMicroDebug::DBG_YieldAndWait(unsigned long, bool)
 .text._ZN16VisualMicroDebug16DBG_YieldAndWaitEm
                0x00000000080001dc        0x6 VM_DBG\VM_DBG.cpp.o
                0x00000000080001dc                VisualMicroDebug::DBG_YieldAndWait(unsigned long)
 *fill*         0x00000000080001e2        0x2 
 .text._ZN16VisualMicroDebug14outPacketStartEb
                0x00000000080001e4       0x28 VM_DBG\VM_DBG.cpp.o
                0x00000000080001e4                VisualMicroDebug::outPacketStart(bool)
 .text._ZN16VisualMicroDebug12outPacketEndEv
                0x000000000800020c        0x2 VM_DBG\VM_DBG.cpp.o
                0x000000000800020c                VisualMicroDebug::outPacketEnd()
 *fill*         0x000000000800020e        0x2 
 .text._ZN16VisualMicroDebug5beginEm
                0x0000000008000210       0x1c VM_DBG\VM_DBG.cpp.o
                0x0000000008000210                VisualMicroDebug::begin(unsigned long)
 .text._ZN16VisualMicroDebug4initEm
                0x000000000800022c        0xe VM_DBG\VM_DBG.cpp.o
                0x000000000800022c                VisualMicroDebug::init(unsigned long)
 *fill*         0x000000000800023a        0x2 
 .text._ZN16VisualMicroDebug16sendContinuedACKEh
                0x000000000800023c       0x44 VM_DBG\VM_DBG.cpp.o
                0x000000000800023c                VisualMicroDebug::sendContinuedACK(unsigned char)
 .text.startup._GLOBAL__sub_I__ZN16VisualMicroDebug16DBG_YieldAndWaitEm
                0x0000000008000280       0x14 VM_DBG\VM_DBG.cpp.o
 .text._ZN16VisualMicroDebug9breakWaitEh
                0x0000000008000294       0x60 VM_DBG\VM_DBG.cpp.o
                0x0000000008000294                VisualMicroDebug::breakWait(unsigned char)
 .text._ZN16VisualMicroDebug5startEbb
                0x00000000080002f4       0x26 VM_DBG\VM_DBG.cpp.o
                0x00000000080002f4                VisualMicroDebug::start(bool, bool)
 *fill*         0x000000000800031a        0x2 
 .text          0x000000000800031c       0x10 C:\Users\umar.hassan\AppData\Local\Temp\VMBCore\arduino16x\01e210328e8f8eb8bd5c91a53680a4aa\variant\start.S.o
                0x000000000800031c                __start__
 .text.start_c  0x000000000800032c       0x54 C:\Users\umar.hassan\AppData\Local\Temp\VMBCore\arduino16x\01e210328e8f8eb8bd5c91a53680a4aa\variant\start_c.c.o
                0x000000000800032c                start_c
 .text._Z9boardInitv
                0x0000000008000380        0x2 C:\Users\umar.hassan\AppData\Local\Temp\VMBCore\arduino16x\01e210328e8f8eb8bd5c91a53680a4aa\variant\board.cpp.o
                0x0000000008000380                boardInit()
 *fill*         0x0000000008000382        0x2 
 .text.startup._GLOBAL__sub_I__Z9boardInitv
                0x0000000008000384       0x48 C:\Users\umar.hassan\AppData\Local\Temp\VMBCore\arduino16x\01e210328e8f8eb8bd5c91a53680a4aa\variant\board.cpp.o
 .text._ZL18adc_default_configP7adc_dev
                0x00000000080003cc       0x1c C:\Users\umar.hassan\AppData\Local\Temp\VMBCore\arduino16x\01e210328e8f8eb8bd5c91a53680a4aa\variant\boards.cpp.o
 .text._ZL20timer_default_configP9timer_dev
                0x00000000080003e8       0xa8 C:\Users\umar.hassan\AppData\Local\Temp\VMBCore\arduino16x\01e210328e8f8eb8bd5c91a53680a4aa\variant\boards.cpp.o
 .text._Z4initv
                0x0000000008000490       0xbc C:\Users\umar.hassan\AppData\Local\Temp\VMBCore\arduino16x\01e210328e8f8eb8bd5c91a53680a4aa\variant\boards.cpp.o
                0x0000000008000490                init()
 .text._ZN6wirish4priv15board_reset_pllEv
                0x000000000800054c        0x2 C:\Users\umar.hassan\AppData\Local\Temp\VMBCore\arduino16x\01e210328e8f8eb8bd5c91a53680a4aa\variant\boards_setup.cpp.o
                0x000000000800054c                wirish::priv::board_reset_pll()
 .text._ZN6wirish4priv28board_setup_clock_prescalersEv
                0x000000000800054e       0x2e C:\Users\umar.hassan\AppData\Local\Temp\VMBCore\arduino16x\01e210328e8f8eb8bd5c91a53680a4aa\variant\boards_setup.cpp.o
                0x000000000800054e                wirish::priv::board_setup_clock_prescalers()
 .text._ZN6wirish4priv16board_setup_gpioEv
                0x000000000800057c        0x4 C:\Users\umar.hassan\AppData\Local\Temp\VMBCore\arduino16x\01e210328e8f8eb8bd5c91a53680a4aa\variant\boards_setup.cpp.o
                0x000000000800057c                wirish::priv::board_setup_gpio()
 .text._ZN6wirish4priv15board_setup_usbEv
                0x0000000008000580        0x2 C:\Users\umar.hassan\AppData\Local\Temp\VMBCore\arduino16x\01e210328e8f8eb8bd5c91a53680a4aa\variant\boards_setup.cpp.o
                0x0000000008000580                wirish::priv::board_setup_usb()
 .text._ZN6wirish4priv11series_initEv
                0x0000000008000582        0x4 C:\Users\umar.hassan\AppData\Local\Temp\VMBCore\arduino16x\01e210328e8f8eb8bd5c91a53680a4aa\variant\boards_setup.cpp.o
                0x0000000008000582                wirish::priv::series_init()
 *fill*         0x0000000008000586        0xa 
 .text          0x0000000008000590       0x54 C:\Users\umar.hassan\AppData\Local\Temp\VMBuilds\Test01\stm32duino_genericSTM32F103C\Debug\core.a(exc.S.o)
                0x0000000008000590                __exc_nmi
                0x0000000008000594                __exc_hardfault
                0x0000000008000598                __exc_memmanage
                0x000000000800059c                __exc_busfault
                0x00000000080005a0                __exc_usagefault
 .text          0x00000000080005e4        0x2 C:\Users\umar.hassan\AppData\Local\Temp\VMBuilds\Test01\stm32duino_genericSTM32F103C\Debug\core.a(isrs.S.o)
                0x00000000080005e4                __stm32reservedexception9
                0x00000000080005e4                __exc_debug_monitor
                0x00000000080005e4                __exc_svc
                0x00000000080005e4                __irq_can_rx1
                0x00000000080005e4                __irq_spi2
                0x00000000080005e4                __irq_can_sce
                0x00000000080005e4                __irq_pvd
                0x00000000080005e4                __irq_tamper
                0x00000000080005e4                __default_handler
                0x00000000080005e4                __irq_wwdg
                0x00000000080005e4                __stm32reservedexception10
                0x00000000080005e4                __irq_flash
                0x00000000080005e4                __stm32reservedexception13
                0x00000000080005e4                __irq_rtc
                0x00000000080005e4                __irq_spi1
                0x00000000080005e4                __stm32reservedexception7
                0x00000000080005e4                __irq_usb_hp_can_tx
                0x00000000080005e4                __irq_rtcalarm
                0x00000000080005e4                __stm32reservedexception8
                0x00000000080005e4                __exc_pendsv
                0x00000000080005e4                __irq_usbwakeup
                0x00000000080005e4                __irq_rcc
 .text.adc_init
                0x00000000080005e6       0x14 C:\Users\umar.hassan\AppData\Local\Temp\VMBuilds\Test01\stm32duino_genericSTM32F103C\Debug\core.a(adc.c.o)
                0x00000000080005e6                adc_init
 .text.adc_set_extsel
                0x00000000080005fa       0x12 C:\Users\umar.hassan\AppData\Local\Temp\VMBuilds\Test01\stm32duino_genericSTM32F103C\Debug\core.a(adc.c.o)
                0x00000000080005fa                adc_set_extsel
 .text.adc_set_sample_rate
                0x000000000800060c       0x2a C:\Users\umar.hassan\AppData\Local\Temp\VMBuilds\Test01\stm32duino_genericSTM32F103C\Debug\core.a(adc.c.o)
                0x000000000800060c                adc_set_sample_rate
 *fill*         0x0000000008000636        0x2 
 .text.__irq_adc
                0x0000000008000638       0x54 C:\Users\umar.hassan\AppData\Local\Temp\VMBuilds\Test01\stm32duino_genericSTM32F103C\Debug\core.a(adc_f1.c.o)
                0x0000000008000638                __irq_adc
 .text.adc_calibrate
                0x000000000800068c       0x24 C:\Users\umar.hassan\AppData\Local\Temp\VMBuilds\Test01\stm32duino_genericSTM32F103C\Debug\core.a(adc_f1.c.o)
                0x000000000800068c                adc_calibrate
 .text.adc_set_prescaler
                0x00000000080006b0        0x8 C:\Users\umar.hassan\AppData\Local\Temp\VMBuilds\Test01\stm32duino_genericSTM32F103C\Debug\core.a(adc_f1.c.o)
                0x00000000080006b0                adc_set_prescaler
 .text.adc_foreach
                0x00000000080006b8       0x20 C:\Users\umar.hassan\AppData\Local\Temp\VMBuilds\Test01\stm32duino_genericSTM32F103C\Debug\core.a(adc_f1.c.o)
                0x00000000080006b8                adc_foreach
 .text.adc_enable_single_swstart
                0x00000000080006d8       0x36 C:\Users\umar.hassan\AppData\Local\Temp\VMBuilds\Test01\stm32duino_genericSTM32F103C\Debug\core.a(adc_f1.c.o)
                0x00000000080006d8                adc_enable_single_swstart
 .text.dma_irq_handler
                0x000000000800070e       0x1a C:\Users\umar.hassan\AppData\Local\Temp\VMBuilds\Test01\stm32duino_genericSTM32F103C\Debug\core.a(dma_f1.c.o)
 .text.__irq_dma1_channel1
                0x0000000008000728       0x10 C:\Users\umar.hassan\AppData\Local\Temp\VMBuilds\Test01\stm32duino_genericSTM32F103C\Debug\core.a(dma_f1.c.o)
                0x0000000008000728                __irq_dma1_channel1
 .text.__irq_dma1_channel2
                0x0000000008000738       0x10 C:\Users\umar.hassan\AppData\Local\Temp\VMBuilds\Test01\stm32duino_genericSTM32F103C\Debug\core.a(dma_f1.c.o)
                0x0000000008000738                __irq_dma1_channel2
 .text.__irq_dma1_channel3
                0x0000000008000748       0x10 C:\Users\umar.hassan\AppData\Local\Temp\VMBuilds\Test01\stm32duino_genericSTM32F103C\Debug\core.a(dma_f1.c.o)
                0x0000000008000748                __irq_dma1_channel3
 .text.__irq_dma1_channel4
                0x0000000008000758       0x10 C:\Users\umar.hassan\AppData\Local\Temp\VMBuilds\Test01\stm32duino_genericSTM32F103C\Debug\core.a(dma_f1.c.o)
                0x0000000008000758                __irq_dma1_channel4
 .text.__irq_dma1_channel5
                0x0000000008000768       0x10 C:\Users\umar.hassan\AppData\Local\Temp\VMBuilds\Test01\stm32duino_genericSTM32F103C\Debug\core.a(dma_f1.c.o)
                0x0000000008000768                __irq_dma1_channel5
 .text.__irq_dma1_channel6
                0x0000000008000778       0x10 C:\Users\umar.hassan\AppData\Local\Temp\VMBuilds\Test01\stm32duino_genericSTM32F103C\Debug\core.a(dma_f1.c.o)
                0x0000000008000778                __irq_dma1_channel6
 .text.__irq_dma1_channel7
                0x0000000008000788       0x10 C:\Users\umar.hassan\AppData\Local\Temp\VMBuilds\Test01\stm32duino_genericSTM32F103C\Debug\core.a(dma_f1.c.o)
                0x0000000008000788                __irq_dma1_channel7
 .text.dispatch_single_exti
                0x0000000008000798       0x2c C:\Users\umar.hassan\AppData\Local\Temp\VMBuilds\Test01\stm32duino_genericSTM32F103C\Debug\core.a(exti.c.o)
                0x0000000008000798                dispatch_single_exti
 .text.dispatch_extis
                0x00000000080007c4       0x4c C:\Users\umar.hassan\AppData\Local\Temp\VMBuilds\Test01\stm32duino_genericSTM32F103C\Debug\core.a(exti.c.o)
                0x00000000080007c4                dispatch_extis
 .text.__irq_exti0
                0x0000000008000810        0x6 C:\Users\umar.hassan\AppData\Local\Temp\VMBuilds\Test01\stm32duino_genericSTM32F103C\Debug\core.a(exti.c.o)
                0x0000000008000810                __irq_exti0
 .text.__irq_exti1
                0x0000000008000816        0x6 C:\Users\umar.hassan\AppData\Local\Temp\VMBuilds\Test01\stm32duino_genericSTM32F103C\Debug\core.a(exti.c.o)
                0x0000000008000816                __irq_exti1
 .text.__irq_exti2
                0x000000000800081c        0x6 C:\Users\umar.hassan\AppData\Local\Temp\VMBuilds\Test01\stm32duino_genericSTM32F103C\Debug\core.a(exti.c.o)
                0x000000000800081c                __irq_exti2
 .text.__irq_exti3
                0x0000000008000822        0x6 C:\Users\umar.hassan\AppData\Local\Temp\VMBuilds\Test01\stm32duino_genericSTM32F103C\Debug\core.a(exti.c.o)
                0x0000000008000822                __irq_exti3
 .text.__irq_exti4
                0x0000000008000828        0x6 C:\Users\umar.hassan\AppData\Local\Temp\VMBuilds\Test01\stm32duino_genericSTM32F103C\Debug\core.a(exti.c.o)
                0x0000000008000828                __irq_exti4
 .text.__irq_exti9_5
                0x000000000800082e        0x8 C:\Users\umar.hassan\AppData\Local\Temp\VMBuilds\Test01\stm32duino_genericSTM32F103C\Debug\core.a(exti.c.o)
                0x000000000800082e                __irq_exti9_5
 .text.__irq_exti15_10
                0x0000000008000836        0x8 C:\Users\umar.hassan\AppData\Local\Temp\VMBuilds\Test01\stm32duino_genericSTM32F103C\Debug\core.a(exti.c.o)
                0x0000000008000836                __irq_exti15_10
 *fill*         0x000000000800083e        0x2 
 .text.flash_set_latency
                0x0000000008000840       0x14 C:\Users\umar.hassan\AppData\Local\Temp\VMBuilds\Test01\stm32duino_genericSTM32F103C\Debug\core.a(flash.c.o)
                0x0000000008000840                flash_set_latency
 .text.gpio_init_all
                0x0000000008000854       0x30 C:\Users\umar.hassan\AppData\Local\Temp\VMBuilds\Test01\stm32duino_genericSTM32F103C\Debug\core.a(gpio_f1.c.o)
                0x0000000008000854                gpio_init_all
 .text.gpio_set_mode
                0x0000000008000884       0x4e C:\Users\umar.hassan\AppData\Local\Temp\VMBuilds\Test01\stm32duino_genericSTM32F103C\Debug\core.a(gpio_f1.c.o)
                0x0000000008000884                gpio_set_mode
 .text.afio_init
                0x00000000080008d2       0x12 C:\Users\umar.hassan\AppData\Local\Temp\VMBuilds\Test01\stm32duino_genericSTM32F103C\Debug\core.a(gpio_f1.c.o)
                0x00000000080008d2                afio_init
 .text.__irq_i2c1_ev
                0x00000000080008e4        0xc C:\Users\umar.hassan\AppData\Local\Temp\VMBuilds\Test01\stm32duino_genericSTM32F103C\Debug\core.a(i2c_f1.c.o)
                0x00000000080008e4                __irq_i2c1_ev
 .text.__irq_i2c2_ev
                0x00000000080008f0        0xc C:\Users\umar.hassan\AppData\Local\Temp\VMBuilds\Test01\stm32duino_genericSTM32F103C\Debug\core.a(i2c_f1.c.o)
                0x00000000080008f0                __irq_i2c2_ev
 .text.__irq_i2c1_er
                0x00000000080008fc        0xc C:\Users\umar.hassan\AppData\Local\Temp\VMBuilds\Test01\stm32duino_genericSTM32F103C\Debug\core.a(i2c_f1.c.o)
                0x00000000080008fc                __irq_i2c1_er
 .text.__irq_i2c2_er
                0x0000000008000908        0xc C:\Users\umar.hassan\AppData\Local\Temp\VMBuilds\Test01\stm32duino_genericSTM32F103C\Debug\core.a(i2c_f1.c.o)
                0x0000000008000908                __irq_i2c2_er
 .text.nvic_irq_set_priority
                0x0000000008000914       0x28 C:\Users\umar.hassan\AppData\Local\Temp\VMBuilds\Test01\stm32duino_genericSTM32F103C\Debug\core.a(nvic.c.o)
                0x0000000008000914                nvic_irq_set_priority
 .text.nvic_init
                0x000000000800093c       0x2c C:\Users\umar.hassan\AppData\Local\Temp\VMBuilds\Test01\stm32duino_genericSTM32F103C\Debug\core.a(nvic.c.o)
                0x000000000800093c                nvic_init
 .text.rcc_dev_clk
                0x0000000008000968        0xc C:\Users\umar.hassan\AppData\Local\Temp\VMBuilds\Test01\stm32duino_genericSTM32F103C\Debug\core.a(rcc.c.o)
                0x0000000008000968                rcc_dev_clk
 .text.rcc_switch_sysclk
                0x0000000008000974       0x20 C:\Users\umar.hassan\AppData\Local\Temp\VMBuilds\Test01\stm32duino_genericSTM32F103C\Debug\core.a(rcc.c.o)
                0x0000000008000974                rcc_switch_sysclk
 .text.rcc_turn_on_clk
                0x0000000008000994       0x18 C:\Users\umar.hassan\AppData\Local\Temp\VMBuilds\Test01\stm32duino_genericSTM32F103C\Debug\core.a(rcc.c.o)
                0x0000000008000994                rcc_turn_on_clk
 .text.rcc_turn_off_clk
                0x00000000080009ac       0x1c C:\Users\umar.hassan\AppData\Local\Temp\VMBuilds\Test01\stm32duino_genericSTM32F103C\Debug\core.a(rcc.c.o)
                0x00000000080009ac                rcc_turn_off_clk
 .text.rcc_is_clk_ready
                0x00000000080009c8       0x18 C:\Users\umar.hassan\AppData\Local\Temp\VMBuilds\Test01\stm32duino_genericSTM32F103C\Debug\core.a(rcc.c.o)
                0x00000000080009c8                rcc_is_clk_ready
 .text.rcc_configure_pll
                0x00000000080009e0       0x1c C:\Users\umar.hassan\AppData\Local\Temp\VMBuilds\Test01\stm32duino_genericSTM32F103C\Debug\core.a(rcc_f1.c.o)
                0x00000000080009e0                rcc_configure_pll
 .text.rcc_clk_enable
                0x00000000080009fc       0x30 C:\Users\umar.hassan\AppData\Local\Temp\VMBuilds\Test01\stm32duino_genericSTM32F103C\Debug\core.a(rcc_f1.c.o)
                0x00000000080009fc                rcc_clk_enable
 .text.rcc_reset_dev
                0x0000000008000a2c       0x34 C:\Users\umar.hassan\AppData\Local\Temp\VMBuilds\Test01\stm32duino_genericSTM32F103C\Debug\core.a(rcc_f1.c.o)
                0x0000000008000a2c                rcc_reset_dev
 .text.rcc_set_prescaler
                0x0000000008000a60       0x20 C:\Users\umar.hassan\AppData\Local\Temp\VMBuilds\Test01\stm32duino_genericSTM32F103C\Debug\core.a(rcc_f1.c.o)
                0x0000000008000a60                rcc_set_prescaler
 .text.rcc_clk_disable
                0x0000000008000a80       0x30 C:\Users\umar.hassan\AppData\Local\Temp\VMBuilds\Test01\stm32duino_genericSTM32F103C\Debug\core.a(rcc_f1.c.o)
                0x0000000008000a80                rcc_clk_disable
 .text.systick_init
                0x0000000008000ab0       0x10 C:\Users\umar.hassan\AppData\Local\Temp\VMBuilds\Test01\stm32duino_genericSTM32F103C\Debug\core.a(systick.c.o)
                0x0000000008000ab0                systick_init
 .text.__exc_systick
                0x0000000008000ac0       0x1c C:\Users\umar.hassan\AppData\Local\Temp\VMBuilds\Test01\stm32duino_genericSTM32F103C\Debug\core.a(systick.c.o)
                0x0000000008000ac0                __exc_systick
 .text.timer_oc_set_mode
                0x0000000008000adc       0x32 C:\Users\umar.hassan\AppData\Local\Temp\VMBuilds\Test01\stm32duino_genericSTM32F103C\Debug\core.a(timer.c.o)
 .text.dispatch_general
                0x0000000008000b0e       0x66 C:\Users\umar.hassan\AppData\Local\Temp\VMBuilds\Test01\stm32duino_genericSTM32F103C\Debug\core.a(timer.c.o)
 .text.timer_cc_enable
                0x0000000008000b74       0x1c C:\Users\umar.hassan\AppData\Local\Temp\VMBuilds\Test01\stm32duino_genericSTM32F103C\Debug\core.a(timer.c.o)
 .text.timer_foreach
                0x0000000008000b90       0x2c C:\Users\umar.hassan\AppData\Local\Temp\VMBuilds\Test01\stm32duino_genericSTM32F103C\Debug\core.a(timer.c.o)
                0x0000000008000b90                timer_foreach
 .text.timer_init
                0x0000000008000bbc       0x14 C:\Users\umar.hassan\AppData\Local\Temp\VMBuilds\Test01\stm32duino_genericSTM32F103C\Debug\core.a(timer.c.o)
                0x0000000008000bbc                timer_init
 .text.timer_has_cc_channel
                0x0000000008000bd0       0x30 C:\Users\umar.hassan\AppData\Local\Temp\VMBuilds\Test01\stm32duino_genericSTM32F103C\Debug\core.a(timer.c.o)
                0x0000000008000bd0                timer_has_cc_channel
 .text.timer_detach_interrupt
                0x0000000008000c00       0x1e C:\Users\umar.hassan\AppData\Local\Temp\VMBuilds\Test01\stm32duino_genericSTM32F103C\Debug\core.a(timer.c.o)
                0x0000000008000c00                timer_detach_interrupt
 .text.input_capture_mode
                0x0000000008000c1e       0x1a C:\Users\umar.hassan\AppData\Local\Temp\VMBuilds\Test01\stm32duino_genericSTM32F103C\Debug\core.a(timer.c.o)
                0x0000000008000c1e                input_capture_mode
 .text.timer_set_mode
                0x0000000008000c38       0x8e C:\Users\umar.hassan\AppData\Local\Temp\VMBuilds\Test01\stm32duino_genericSTM32F103C\Debug\core.a(timer.c.o)
                0x0000000008000c38                timer_set_mode
 *fill*         0x0000000008000cc6        0x2 
 .text.__irq_tim1_brk
                0x0000000008000cc8       0x24 C:\Users\umar.hassan\AppData\Local\Temp\VMBuilds\Test01\stm32duino_genericSTM32F103C\Debug\core.a(timer.c.o)
                0x0000000008000cc8                __irq_tim1_brk
 .text.__irq_tim1_up
                0x0000000008000cec       0x24 C:\Users\umar.hassan\AppData\Local\Temp\VMBuilds\Test01\stm32duino_genericSTM32F103C\Debug\core.a(timer.c.o)
                0x0000000008000cec                __irq_tim1_up
 .text.__irq_tim1_trg_com
                0x0000000008000d10       0x34 C:\Users\umar.hassan\AppData\Local\Temp\VMBuilds\Test01\stm32duino_genericSTM32F103C\Debug\core.a(timer.c.o)
                0x0000000008000d10                __irq_tim1_trg_com
 .text.__irq_tim1_cc
                0x0000000008000d44       0x50 C:\Users\umar.hassan\AppData\Local\Temp\VMBuilds\Test01\stm32duino_genericSTM32F103C\Debug\core.a(timer.c.o)
                0x0000000008000d44                __irq_tim1_cc
 .text.__irq_tim2
                0x0000000008000d94        0xc C:\Users\umar.hassan\AppData\Local\Temp\VMBuilds\Test01\stm32duino_genericSTM32F103C\Debug\core.a(timer.c.o)
                0x0000000008000d94                __irq_tim2
 .text.__irq_tim3
                0x0000000008000da0        0xc C:\Users\umar.hassan\AppData\Local\Temp\VMBuilds\Test01\stm32duino_genericSTM32F103C\Debug\core.a(timer.c.o)
                0x0000000008000da0                __irq_tim3
 .text.__irq_tim4
                0x0000000008000dac        0xc C:\Users\umar.hassan\AppData\Local\Temp\VMBuilds\Test01\stm32duino_genericSTM32F103C\Debug\core.a(timer.c.o)
                0x0000000008000dac                __irq_tim4
 .text.usart_irq
                0x0000000008000db8       0xb4 C:\Users\umar.hassan\AppData\Local\Temp\VMBuilds\Test01\stm32duino_genericSTM32F103C\Debug\core.a(usart_f1.c.o)
 .text.usart_config_gpios_async
                0x0000000008000e6c       0x4a C:\Users\umar.hassan\AppData\Local\Temp\VMBuilds\Test01\stm32duino_genericSTM32F103C\Debug\core.a(usart_f1.c.o)
                0x0000000008000e6c                usart_config_gpios_async
 .text.usart_set_baud_rate
                0x0000000008000eb6       0x3a C:\Users\umar.hassan\AppData\Local\Temp\VMBuilds\Test01\stm32duino_genericSTM32F103C\Debug\core.a(usart_f1.c.o)
                0x0000000008000eb6                usart_set_baud_rate
 .text.__irq_usart1
                0x0000000008000ef0       0x18 C:\Users\umar.hassan\AppData\Local\Temp\VMBuilds\Test01\stm32duino_genericSTM32F103C\Debug\core.a(usart_f1.c.o)
                0x0000000008000ef0                __irq_usart1
 .text.__irq_usart2
                0x0000000008000f08       0x18 C:\Users\umar.hassan\AppData\Local\Temp\VMBuilds\Test01\stm32duino_genericSTM32F103C\Debug\core.a(usart_f1.c.o)
                0x0000000008000f08                __irq_usart2
 .text.__irq_usart3
                0x0000000008000f20       0x18 C:\Users\umar.hassan\AppData\Local\Temp\VMBuilds\Test01\stm32duino_genericSTM32F103C\Debug\core.a(usart_f1.c.o)
                0x0000000008000f20                __irq_usart3
 .text._usart_clock_freq
                0x0000000008000f38       0x24 C:\Users\umar.hassan\AppData\Local\Temp\VMBuilds\Test01\stm32duino_genericSTM32F103C\Debug\core.a(usart_private.c.o)
                0x0000000008000f38                _usart_clock_freq
 .text.throb    0x0000000008000f5c       0x58 C:\Users\umar.hassan\AppData\Local\Temp\VMBuilds\Test01\stm32duino_genericSTM32F103C\Debug\core.a(util.c.o)
                0x0000000008000f5c                throb
 .text.__error  0x0000000008000fb4       0x14 C:\Users\umar.hassan\AppData\Local\Temp\VMBuilds\Test01\stm32duino_genericSTM32F103C\Debug\core.a(util.c.o)
                0x0000000008000fb4                __error
 .text.set_rx_tx_status0
                0x0000000008000fc8       0x30 C:\Users\umar.hassan\AppData\Local\Temp\VMBuilds\Test01\stm32duino_genericSTM32F103C\Debug\core.a(usb.c.o)
 .text.usb_resume
                0x0000000008000ff8       0xb0 C:\Users\umar.hassan\AppData\Local\Temp\VMBuilds\Test01\stm32duino_genericSTM32F103C\Debug\core.a(usb.c.o)
 .text.__irq_usb_lp_can_rx0
                0x00000000080010a8      0x18c C:\Users\umar.hassan\AppData\Local\Temp\VMBuilds\Test01\stm32duino_genericSTM32F103C\Debug\core.a(usb.c.o)
                0x00000000080010a8                __irq_usb_lp_can_rx0
 .text.usb_set_ep_rx_stat
                0x0000000008001234       0x22 C:\Users\umar.hassan\AppData\Local\Temp\VMBuilds\Test01\stm32duino_genericSTM32F103C\Debug\core.a(usb_cdcacm.c.o)
 *fill*         0x0000000008001256        0x2 
 .text.vcomGetSetLineCoding
                0x0000000008001258       0x18 C:\Users\umar.hassan\AppData\Local\Temp\VMBuilds\Test01\stm32duino_genericSTM32F103C\Debug\core.a(usb_cdcacm.c.o)
 .text.usbInit  0x0000000008001270       0x44 C:\Users\umar.hassan\AppData\Local\Temp\VMBuilds\Test01\stm32duino_genericSTM32F103C\Debug\core.a(usb_cdcacm.c.o)
 .text.usbNoDataSetup
                0x00000000080012b4       0x50 C:\Users\umar.hassan\AppData\Local\Temp\VMBuilds\Test01\stm32duino_genericSTM32F103C\Debug\core.a(usb_cdcacm.c.o)
 .text.usbGetInterfaceSetting
                0x0000000008001304       0x10 C:\Users\umar.hassan\AppData\Local\Temp\VMBuilds\Test01\stm32duino_genericSTM32F103C\Debug\core.a(usb_cdcacm.c.o)
 .text.usbGetStringDescriptor
                0x0000000008001314       0x20 C:\Users\umar.hassan\AppData\Local\Temp\VMBuilds\Test01\stm32duino_genericSTM32F103C\Debug\core.a(usb_cdcacm.c.o)
 .text.usbGetConfigDescriptor
                0x0000000008001334        0xc C:\Users\umar.hassan\AppData\Local\Temp\VMBuilds\Test01\stm32duino_genericSTM32F103C\Debug\core.a(usb_cdcacm.c.o)
 .text.usbGetDeviceDescriptor
                0x0000000008001340        0xc C:\Users\umar.hassan\AppData\Local\Temp\VMBuilds\Test01\stm32duino_genericSTM32F103C\Debug\core.a(usb_cdcacm.c.o)
 .text.usbDataSetup
                0x000000000800134c       0x54 C:\Users\umar.hassan\AppData\Local\Temp\VMBuilds\Test01\stm32duino_genericSTM32F103C\Debug\core.a(usb_cdcacm.c.o)
 .text.usbReset
                0x00000000080013a0      0x15c C:\Users\umar.hassan\AppData\Local\Temp\VMBuilds\Test01\stm32duino_genericSTM32F103C\Debug\core.a(usb_cdcacm.c.o)
 .text.usb_set_ep_rx_count
                0x00000000080014fc       0x44 C:\Users\umar.hassan\AppData\Local\Temp\VMBuilds\Test01\stm32duino_genericSTM32F103C\Debug\core.a(usb_reg_map.c.o)
                0x00000000080014fc                usb_set_ep_rx_count
 .text.Standard_GetConfiguration
                0x0000000008001540       0x24 C:\Users\umar.hassan\AppData\Local\Temp\VMBuilds\Test01\stm32duino_genericSTM32F103C\Debug\core.a(usb_core.c.o)
                0x0000000008001540                Standard_GetConfiguration
 .text.Standard_GetInterface
                0x0000000008001564       0x24 C:\Users\umar.hassan\AppData\Local\Temp\VMBuilds\Test01\stm32duino_genericSTM32F103C\Debug\core.a(usb_core.c.o)
                0x0000000008001564                Standard_GetInterface
 .text.Standard_GetStatus
                0x0000000008001588       0x88 C:\Users\umar.hassan\AppData\Local\Temp\VMBuilds\Test01\stm32duino_genericSTM32F103C\Debug\core.a(usb_core.c.o)
                0x0000000008001588                Standard_GetStatus
 .text.DataStageIn
                0x0000000008001610       0xac C:\Users\umar.hassan\AppData\Local\Temp\VMBuilds\Test01\stm32duino_genericSTM32F103C\Debug\core.a(usb_core.c.o)
 .text.Standard_SetConfiguration
                0x00000000080016bc       0x38 C:\Users\umar.hassan\AppData\Local\Temp\VMBuilds\Test01\stm32duino_genericSTM32F103C\Debug\core.a(usb_core.c.o)
                0x00000000080016bc                Standard_SetConfiguration
 .text.Standard_SetInterface
                0x00000000080016f4       0x4c C:\Users\umar.hassan\AppData\Local\Temp\VMBuilds\Test01\stm32duino_genericSTM32F103C\Debug\core.a(usb_core.c.o)
                0x00000000080016f4                Standard_SetInterface
 .text.Standard_ClearFeature
                0x0000000008001740       0xc4 C:\Users\umar.hassan\AppData\Local\Temp\VMBuilds\Test01\stm32duino_genericSTM32F103C\Debug\core.a(usb_core.c.o)
                0x0000000008001740                Standard_ClearFeature
 .text.Standard_SetEndPointFeature
                0x0000000008001804       0x7c C:\Users\umar.hassan\AppData\Local\Temp\VMBuilds\Test01\stm32duino_genericSTM32F103C\Debug\core.a(usb_core.c.o)
                0x0000000008001804                Standard_SetEndPointFeature
 .text.Standard_SetDeviceFeature
                0x0000000008001880       0x24 C:\Users\umar.hassan\AppData\Local\Temp\VMBuilds\Test01\stm32duino_genericSTM32F103C\Debug\core.a(usb_core.c.o)
                0x0000000008001880                Standard_SetDeviceFeature
 .text.Standard_GetDescriptorData
                0x00000000080018a4       0x1c C:\Users\umar.hassan\AppData\Local\Temp\VMBuilds\Test01\stm32duino_genericSTM32F103C\Debug\core.a(usb_core.c.o)
                0x00000000080018a4                Standard_GetDescriptorData
 .text.Post0_Process
                0x00000000080018c0       0x40 C:\Users\umar.hassan\AppData\Local\Temp\VMBuilds\Test01\stm32duino_genericSTM32F103C\Debug\core.a(usb_core.c.o)
                0x00000000080018c0                Post0_Process
 .text.Setup0_Process
                0x0000000008001900      0x2b8 C:\Users\umar.hassan\AppData\Local\Temp\VMBuilds\Test01\stm32duino_genericSTM32F103C\Debug\core.a(usb_core.c.o)
                0x0000000008001900                Setup0_Process
 .text.Out0_Process
                0x0000000008001bb8       0xc0 C:\Users\umar.hassan\AppData\Local\Temp\VMBuilds\Test01\stm32duino_genericSTM32F103C\Debug\core.a(usb_core.c.o)
                0x0000000008001bb8                Out0_Process
 .text.SetDeviceAddress
                0x0000000008001c78       0x38 C:\Users\umar.hassan\AppData\Local\Temp\VMBuilds\Test01\stm32duino_genericSTM32F103C\Debug\core.a(usb_core.c.o)
                0x0000000008001c78                SetDeviceAddress
 .text.In0_Process
                0x0000000008001cb0       0x5c C:\Users\umar.hassan\AppData\Local\Temp\VMBuilds\Test01\stm32duino_genericSTM32F103C\Debug\core.a(usb_core.c.o)
                0x0000000008001cb0                In0_Process
 .text.NOP_Process
                0x0000000008001d0c        0x2 C:\Users\umar.hassan\AppData\Local\Temp\VMBuilds\Test01\stm32duino_genericSTM32F103C\Debug\core.a(usb_core.c.o)
                0x0000000008001d0c                NOP_Process
 .text.UserToPMABufferCopy
                0x0000000008001d0e       0x1e C:\Users\umar.hassan\AppData\Local\Temp\VMBuilds\Test01\stm32duino_genericSTM32F103C\Debug\core.a(usb_mem.c.o)
                0x0000000008001d0e                UserToPMABufferCopy
 .text.PMAToUserBufferCopy
                0x0000000008001d2c       0x32 C:\Users\umar.hassan\AppData\Local\Temp\VMBuilds\Test01\stm32duino_genericSTM32F103C\Debug\core.a(usb_mem.c.o)
                0x0000000008001d2c                PMAToUserBufferCopy
 .text.SetEPTxStatus
                0x0000000008001d5e       0x2a C:\Users\umar.hassan\AppData\Local\Temp\VMBuilds\Test01\stm32duino_genericSTM32F103C\Debug\core.a(usb_regs.c.o)
                0x0000000008001d5e                SetEPTxStatus
 .text.ClearDTOG_RX
                0x0000000008001d88       0x26 C:\Users\umar.hassan\AppData\Local\Temp\VMBuilds\Test01\stm32duino_genericSTM32F103C\Debug\core.a(usb_regs.c.o)
                0x0000000008001d88                ClearDTOG_RX
 .text.ClearDTOG_TX
                0x0000000008001dae       0x26 C:\Users\umar.hassan\AppData\Local\Temp\VMBuilds\Test01\stm32duino_genericSTM32F103C\Debug\core.a(usb_regs.c.o)
                0x0000000008001dae                ClearDTOG_TX
 .text.GetEPTxAddr
                0x0000000008001dd4       0x1c C:\Users\umar.hassan\AppData\Local\Temp\VMBuilds\Test01\stm32duino_genericSTM32F103C\Debug\core.a(usb_regs.c.o)
                0x0000000008001dd4                GetEPTxAddr
 .text.GetEPRxAddr
                0x0000000008001df0       0x1c C:\Users\umar.hassan\AppData\Local\Temp\VMBuilds\Test01\stm32duino_genericSTM32F103C\Debug\core.a(usb_regs.c.o)
                0x0000000008001df0                GetEPRxAddr
 .text.SetEPTxCount
                0x0000000008001e0c       0x1c C:\Users\umar.hassan\AppData\Local\Temp\VMBuilds\Test01\stm32duino_genericSTM32F103C\Debug\core.a(usb_regs.c.o)
                0x0000000008001e0c                SetEPTxCount
 .text.SetEPRxCount
                0x0000000008001e28       0x40 C:\Users\umar.hassan\AppData\Local\Temp\VMBuilds\Test01\stm32duino_genericSTM32F103C\Debug\core.a(usb_regs.c.o)
                0x0000000008001e28                SetEPRxCount
 .text.rb_full_count
                0x0000000008001e68       0x18 C:\Users\umar.hassan\AppData\Local\Temp\VMBuilds\Test01\stm32duino_genericSTM32F103C\Debug\core.a(HardwareSerial.cpp.o)
 .text._ZN14HardwareSerial4readEv
                0x0000000008001e80       0x38 C:\Users\umar.hassan\AppData\Local\Temp\VMBuilds\Test01\stm32duino_genericSTM32F103C\Debug\core.a(HardwareSerial.cpp.o)
                0x0000000008001e80                HardwareSerial::read()
 .text._ZN14HardwareSerial9availableEv
                0x0000000008001eb8        0xc C:\Users\umar.hassan\AppData\Local\Temp\VMBuilds\Test01\stm32duino_genericSTM32F103C\Debug\core.a(HardwareSerial.cpp.o)
                0x0000000008001eb8                HardwareSerial::available()
 .text._ZN14HardwareSerial4peekEv
                0x0000000008001ec4       0x20 C:\Users\umar.hassan\AppData\Local\Temp\VMBuilds\Test01\stm32duino_genericSTM32F103C\Debug\core.a(HardwareSerial.cpp.o)
                0x0000000008001ec4                HardwareSerial::peek()
 .text._ZN14HardwareSerial5flushEv
                0x0000000008001ee4       0x18 C:\Users\umar.hassan\AppData\Local\Temp\VMBuilds\Test01\stm32duino_genericSTM32F103C\Debug\core.a(HardwareSerial.cpp.o)
                0x0000000008001ee4                HardwareSerial::flush()
 .text._ZN14HardwareSerial5writeEh
                0x0000000008001efc       0x1e C:\Users\umar.hassan\AppData\Local\Temp\VMBuilds\Test01\stm32duino_genericSTM32F103C\Debug\core.a(HardwareSerial.cpp.o)
                0x0000000008001efc                HardwareSerial::write(unsigned char)
 *fill*         0x0000000008001f1a        0x2 
 .text._ZN14HardwareSerialC2EP9usart_devhh
                0x0000000008001f1c       0x20 C:\Users\umar.hassan\AppData\Local\Temp\VMBuilds\Test01\stm32duino_genericSTM32F103C\Debug\core.a(HardwareSerial.cpp.o)
                0x0000000008001f1c                HardwareSerial::HardwareSerial(usart_dev*, unsigned char, unsigned char)
                0x0000000008001f1c                HardwareSerial::HardwareSerial(usart_dev*, unsigned char, unsigned char)
 .text._ZN14HardwareSerial5beginEmh
                0x0000000008001f3c       0x68 C:\Users\umar.hassan\AppData\Local\Temp\VMBuilds\Test01\stm32duino_genericSTM32F103C\Debug\core.a(HardwareSerial.cpp.o)
                0x0000000008001f3c                HardwareSerial::begin(unsigned long, unsigned char)
 .text._ZN14HardwareSerial5beginEm
                0x0000000008001fa4        0x6 C:\Users\umar.hassan\AppData\Local\Temp\VMBuilds\Test01\stm32duino_genericSTM32F103C\Debug\core.a(HardwareSerial.cpp.o)
                0x0000000008001fa4                HardwareSerial::begin(unsigned long)
 .text.startup._Z7premainv
                0x0000000008001faa        0x4 C:\Users\umar.hassan\AppData\Local\Temp\VMBuilds\Test01\stm32duino_genericSTM32F103C\Debug\core.a(main.cpp.o)
                0x0000000008001faa                premain()
 .text.startup.main
                0x0000000008001fae        0xc C:\Users\umar.hassan\AppData\Local\Temp\VMBuilds\Test01\stm32duino_genericSTM32F103C\Debug\core.a(main.cpp.o)
                0x0000000008001fae                main
 .text._ZN5Print5writeEPKvm
                0x0000000008001fba       0x20 C:\Users\umar.hassan\AppData\Local\Temp\VMBuilds\Test01\stm32duino_genericSTM32F103C\Debug\core.a(Print.cpp.o)
                0x0000000008001fba                Print::write(void const*, unsigned long)
 .text._ZN5Print5writeEPKc
                0x0000000008001fda       0x20 C:\Users\umar.hassan\AppData\Local\Temp\VMBuilds\Test01\stm32duino_genericSTM32F103C\Debug\core.a(Print.cpp.o)
                0x0000000008001fda                Print::write(char const*)
 .text._ZN5Print5printEc
                0x0000000008001ffa        0x6 C:\Users\umar.hassan\AppData\Local\Temp\VMBuilds\Test01\stm32duino_genericSTM32F103C\Debug\core.a(Print.cpp.o)
                0x0000000008001ffa                Print::print(char)
 .text._ZN5Print5printEPKc
                0x0000000008002000        0x6 C:\Users\umar.hassan\AppData\Local\Temp\VMBuilds\Test01\stm32duino_genericSTM32F103C\Debug\core.a(Print.cpp.o)
                0x0000000008002000                Print::print(char const*)
 .text._ZN5Print7printlnEv
                0x0000000008002006       0x18 C:\Users\umar.hassan\AppData\Local\Temp\VMBuilds\Test01\stm32duino_genericSTM32F103C\Debug\core.a(Print.cpp.o)
                0x0000000008002006                Print::println()
 .text._ZN5Print7printlnEPKc
                0x000000000800201e       0x14 C:\Users\umar.hassan\AppData\Local\Temp\VMBuilds\Test01\stm32duino_genericSTM32F103C\Debug\core.a(Print.cpp.o)
                0x000000000800201e                Print::println(char const*)
 .text._ZN5Print11printNumberEyh
                0x0000000008002032       0x6c C:\Users\umar.hassan\AppData\Local\Temp\VMBuilds\Test01\stm32duino_genericSTM32F103C\Debug\core.a(Print.cpp.o)
                0x0000000008002032                Print::printNumber(unsigned long long, unsigned char)
 .text._ZN5Print5printEhi
                0x000000000800209e       0x14 C:\Users\umar.hassan\AppData\Local\Temp\VMBuilds\Test01\stm32duino_genericSTM32F103C\Debug\core.a(Print.cpp.o)
                0x000000000800209e                Print::print(unsigned char, int)
 *fill*         0x00000000080020b2        0x2 
 .text._Z12digitalWritehh
                0x00000000080020b4       0x2c C:\Users\umar.hassan\AppData\Local\Temp\VMBuilds\Test01\stm32duino_genericSTM32F103C\Debug\core.a(wirish_digital.cpp.o)
                0x00000000080020b4                digitalWrite(unsigned char, unsigned char)
 .text.micros   0x00000000080020e0       0x34 C:\Users\umar.hassan\AppData\Local\Temp\VMBuilds\Test01\stm32duino_genericSTM32F103C\Debug\core.a(wirish_time.cpp.o)
 .text.delay    0x0000000008002114       0x26 C:\Users\umar.hassan\AppData\Local\Temp\VMBuilds\Test01\stm32duino_genericSTM32F103C\Debug\core.a(wirish_time.cpp.o)
                0x0000000008002114                delay
 *fill*         0x000000000800213a        0x2 
 .text._Z7pinModeh13WiringPinMode
                0x000000000800213c       0x84 C:\Users\umar.hassan\AppData\Local\Temp\VMBuilds\Test01\stm32duino_genericSTM32F103C\Debug\core.a(wirish_digital_f1.cpp.o)
                0x000000000800213c                pinMode(unsigned char, WiringPinMode)
 .text.__empty  0x00000000080021c0        0x2 C:\Users\umar.hassan\AppData\Local\Temp\VMBuilds\Test01\stm32duino_genericSTM32F103C\Debug\core.a(hooks.c.o)
                0x00000000080021c0                yield
 .text.gpio_init
                0x00000000080021c2       0x14 C:\Users\umar.hassan\AppData\Local\Temp\VMBuilds\Test01\stm32duino_genericSTM32F103C\Debug\core.a(gpio.c.o)
                0x00000000080021c2                gpio_init
 .text.i2c_disable_irq
                0x00000000080021d6        0xc C:\Users\umar.hassan\AppData\Local\Temp\VMBuilds\Test01\stm32duino_genericSTM32F103C\Debug\core.a(i2c.c.o)
 *fill*         0x00000000080021e2        0x2 
 .text._i2c_irq_handler
                0x00000000080021e4      0x3f8 C:\Users\umar.hassan\AppData\Local\Temp\VMBuilds\Test01\stm32duino_genericSTM32F103C\Debug\core.a(i2c.c.o)
                0x00000000080021e4                _i2c_irq_handler
 .text._i2c_irq_error_handler
                0x00000000080025dc       0x74 C:\Users\umar.hassan\AppData\Local\Temp\VMBuilds\Test01\stm32duino_genericSTM32F103C\Debug\core.a(i2c.c.o)
                0x00000000080025dc                _i2c_irq_error_handler
 .text.usart_init
                0x0000000008002650       0x4c C:\Users\umar.hassan\AppData\Local\Temp\VMBuilds\Test01\stm32duino_genericSTM32F103C\Debug\core.a(usart.c.o)
                0x0000000008002650                usart_init
 .text.usart_enable
                0x000000000800269c       0x14 C:\Users\umar.hassan\AppData\Local\Temp\VMBuilds\Test01\stm32duino_genericSTM32F103C\Debug\core.a(usart.c.o)
                0x000000000800269c                usart_enable
 .text.usart_tx
                0x00000000080026b0       0x8e C:\Users\umar.hassan\AppData\Local\Temp\VMBuilds\Test01\stm32duino_genericSTM32F103C\Debug\core.a(usart.c.o)
                0x00000000080026b0                usart_tx
 *fill*         0x000000000800273e        0x2 
 .text          0x0000000008002740       0x30 c:/users/umar.hassan/appdata/local/arduino15/packages/arduino/tools/arm-none-eabi-gcc/4.8.3-2014q1/bin/../lib/gcc/arm-none-eabi/7.3.1/thumb/v7-m\libgcc.a(_aeabi_uldivmod.o)
                0x0000000008002740                __aeabi_uldivmod
 .text          0x0000000008002770      0x2d0 c:/users/umar.hassan/appdata/local/arduino15/packages/arduino/tools/arm-none-eabi-gcc/4.8.3-2014q1/bin/../lib/gcc/arm-none-eabi/7.3.1/thumb/v7-m\libgcc.a(_udivmoddi4.o)
                0x0000000008002770                __udivmoddi4
 .text          0x0000000008002a40        0x4 c:/users/umar.hassan/appdata/local/arduino15/packages/arduino/tools/arm-none-eabi-gcc/4.8.3-2014q1/bin/../lib/gcc/arm-none-eabi/7.3.1/thumb/v7-m\libgcc.a(_dvmd_tls.o)
                0x0000000008002a40                __aeabi_idiv0
                0x0000000008002a40                __aeabi_ldiv0
 .text.__libc_init_array
                0x0000000008002a44       0x48 c:/users/umar.hassan/appdata/local/arduino15/packages/arduino/tools/arm-none-eabi-gcc/4.8.3-2014q1/bin/../lib/gcc/arm-none-eabi/7.3.1/../../../../arm-none-eabi/lib/thumb/v7-m\libc_nano.a(lib_a-init.o)
                0x0000000008002a44                __libc_init_array
 .text          0x0000000008002a8c       0x10 c:/users/umar.hassan/appdata/local/arduino15/packages/arduino/tools/arm-none-eabi-gcc/4.8.3-2014q1/bin/../lib/gcc/arm-none-eabi/7.3.1/../../../../arm-none-eabi/lib/thumb/v7-m\libc_nano.a(lib_a-strlen.o)
                0x0000000008002a8c                strlen
 *(.plt)
 *(.gnu.warning)
 *(.glue_7t)
 .glue_7t       0x0000000008002a9c        0x0 linker stubs
 *(.glue_7)
 .glue_7        0x0000000008002a9c        0x0 linker stubs
 *(.vfp11_veneer)
 .vfp11_veneer  0x0000000008002a9c        0x0 linker stubs
 *(.ARM.extab* .gnu.linkonce.armextab.*)
 *(.gcc_except_table)
 *(.eh_frame_hdr)
 *(.eh_frame)
 .eh_frame      0x0000000008002a9c        0x0 c:/users/umar.hassan/appdata/local/arduino15/packages/arduino/tools/arm-none-eabi-gcc/4.8.3-2014q1/bin/../lib/gcc/arm-none-eabi/7.3.1/thumb/v7-m/crtbegin.o
                0x0000000008002a9c                . = ALIGN (0x4)
 *(.init)
 .init          0x0000000008002a9c        0x4 c:/users/umar.hassan/appdata/local/arduino15/packages/arduino/tools/arm-none-eabi-gcc/4.8.3-2014q1/bin/../lib/gcc/arm-none-eabi/7.3.1/thumb/v7-m/crti.o
                0x0000000008002a9c                _init
 .init          0x0000000008002aa0        0x8 c:/users/umar.hassan/appdata/local/arduino15/packages/arduino/tools/arm-none-eabi-gcc/4.8.3-2014q1/bin/../lib/gcc/arm-none-eabi/7.3.1/thumb/v7-m/crtn.o
                0x0000000008002aa8                . = ALIGN (0x4)
                0x0000000008002aa8                __preinit_array_start = .
 *(.preinit_array)
                0x0000000008002aa8                __preinit_array_end = .
                0x0000000008002aa8                . = ALIGN (0x4)
                0x0000000008002aa8                __init_array_start = .
 *(SORT_BY_NAME(.init_array.*))
 .init_array.00101
                0x0000000008002aa8        0x4 C:\Users\umar.hassan\AppData\Local\Temp\VMBuilds\Test01\stm32duino_genericSTM32F103C\Debug\core.a(main.cpp.o)
 *(.init_array)
 .init_array    0x0000000008002aac        0x4 c:/users/umar.hassan/appdata/local/arduino15/packages/arduino/tools/arm-none-eabi-gcc/4.8.3-2014q1/bin/../lib/gcc/arm-none-eabi/7.3.1/thumb/v7-m/crtbegin.o
 .init_array    0x0000000008002ab0        0x4 VM_DBG\VM_DBG.cpp.o
 .init_array    0x0000000008002ab4        0x4 C:\Users\umar.hassan\AppData\Local\Temp\VMBCore\arduino16x\01e210328e8f8eb8bd5c91a53680a4aa\variant\board.cpp.o
                0x0000000008002ab8                __init_array_end = .
                0x0000000008002ab8                . = ALIGN (0x4)
 *crtbegin.o(.ctors)
 *(EXCLUDE_FILE(*crtend.o) .ctors)
 *(SORT_BY_NAME(.ctors.*))
 *crtend.o(.ctors)
                0x0000000008002ab8                . = ALIGN (0x4)
 *(.fini)
 .fini          0x0000000008002ab8        0x4 c:/users/umar.hassan/appdata/local/arduino15/packages/arduino/tools/arm-none-eabi-gcc/4.8.3-2014q1/bin/../lib/gcc/arm-none-eabi/7.3.1/thumb/v7-m/crti.o
                0x0000000008002ab8                _fini
 .fini          0x0000000008002abc        0x8 c:/users/umar.hassan/appdata/local/arduino15/packages/arduino/tools/arm-none-eabi-gcc/4.8.3-2014q1/bin/../lib/gcc/arm-none-eabi/7.3.1/thumb/v7-m/crtn.o
                0x0000000008002ac4                . = ALIGN (0x4)
                0x0000000008002ac4                __fini_array_start = .
 *(.fini_array)
 .fini_array    0x0000000008002ac4        0x4 c:/users/umar.hassan/appdata/local/arduino15/packages/arduino/tools/arm-none-eabi-gcc/4.8.3-2014q1/bin/../lib/gcc/arm-none-eabi/7.3.1/thumb/v7-m/crtbegin.o
 *(SORT_BY_NAME(.fini_array.*))
                0x0000000008002ac8                __fini_array_end = .
 *crtbegin.o(.dtors)
 *(EXCLUDE_FILE(*crtend.o) .dtors)
 *(SORT_BY_NAME(.dtors.*))
 *crtend.o(.dtors)

.v4_bx          0x0000000008002ac8        0x0
 .v4_bx         0x0000000008002ac8        0x0 linker stubs

.iplt           0x0000000008002ac8        0x0
 .iplt          0x0000000008002ac8        0x0 c:/users/umar.hassan/appdata/local/arduino15/packages/arduino/tools/arm-none-eabi-gcc/4.8.3-2014q1/bin/../lib/gcc/arm-none-eabi/7.3.1/thumb/v7-m/crtbegin.o

.text.align     0x0000000008002ac8        0x0
                0x0000000008002ac8                . = ALIGN (0x8)
                0x0000000008002ac8                __text_end__ = .
                0x0000000008002ac8                __exidx_start = .

.ARM.exidx      0x0000000008002ac8        0x8
 *(.ARM.exidx* .gnu.linkonce.armexidx.*)
 .ARM.exidx     0x0000000008002ac8        0x8 C:\Users\umar.hassan\AppData\Local\Temp\VMBCore\arduino16x\01e210328e8f8eb8bd5c91a53680a4aa\variant\start.S.o
 .ARM.exidx     0x0000000008002ad0        0x0 c:/users/umar.hassan/appdata/local/arduino15/packages/arduino/tools/arm-none-eabi-gcc/4.8.3-2014q1/bin/../lib/gcc/arm-none-eabi/7.3.1/thumb/v7-m\libgcc.a(_udivmoddi4.o)
                                          0x8 (size before relaxing)
                0x0000000008002ad0                __exidx_end = .

.data           0x0000000020000000      0x408 load address 0x0000000008002ad0
                0x0000000020000000                __data_start__ = .
                0x0000000020000000        0x4 LONG 0x0
                0x0000000020000008                . = ALIGN (0x8)
 *fill*         0x0000000020000004        0x4 
 *(.got.plt)
 *(.got)
 *(.data .data.* .gnu.linkonce.d.*)
 .data._ZN6wirish4priv15w_board_pll_cfgE
                0x0000000020000008        0x8 C:\Users\umar.hassan\AppData\Local\Temp\VMBCore\arduino16x\01e210328e8f8eb8bd5c91a53680a4aa\variant\boards_setup.cpp.o
                0x0000000020000008                wirish::priv::w_board_pll_cfg
 .data._ZN6wirish4priv9w_adc_preE
                0x0000000020000010        0x2 C:\Users\umar.hassan\AppData\Local\Temp\VMBCore\arduino16x\01e210328e8f8eb8bd5c91a53680a4aa\variant\boards_setup.cpp.o
                0x0000000020000010                wirish::priv::w_adc_pre
 .data._ZN6wirish4priv9w_adc_smpE
                0x0000000020000012        0x1 C:\Users\umar.hassan\AppData\Local\Temp\VMBCore\arduino16x\01e210328e8f8eb8bd5c91a53680a4aa\variant\boards_setup.cpp.o
                0x0000000020000012                wirish::priv::w_adc_smp
 *fill*         0x0000000020000013        0x1 
 .data._ZN6wirish4privL8pll_dataE
                0x0000000020000014        0x4 C:\Users\umar.hassan\AppData\Local\Temp\VMBCore\arduino16x\01e210328e8f8eb8bd5c91a53680a4aa\variant\boards_setup.cpp.o
 .data.ADC1     0x0000000020000018        0x4 C:\Users\umar.hassan\AppData\Local\Temp\VMBuilds\Test01\stm32duino_genericSTM32F103C\Debug\core.a(adc_f1.c.o)
                0x0000000020000018                ADC1
 .data.ADC2     0x000000002000001c        0x4 C:\Users\umar.hassan\AppData\Local\Temp\VMBuilds\Test01\stm32duino_genericSTM32F103C\Debug\core.a(adc_f1.c.o)
                0x000000002000001c                ADC2
 .data.adc1     0x0000000020000020       0x18 C:\Users\umar.hassan\AppData\Local\Temp\VMBuilds\Test01\stm32duino_genericSTM32F103C\Debug\core.a(adc_f1.c.o)
                0x0000000020000020                adc1
 .data.adc2     0x0000000020000038        0x8 C:\Users\umar.hassan\AppData\Local\Temp\VMBuilds\Test01\stm32duino_genericSTM32F103C\Debug\core.a(adc_f1.c.o)
                0x0000000020000038                adc2
 .data.DMA1     0x0000000020000040        0x4 C:\Users\umar.hassan\AppData\Local\Temp\VMBuilds\Test01\stm32duino_genericSTM32F103C\Debug\core.a(dma_f1.c.o)
                0x0000000020000040                DMA1
 .data.dma1     0x0000000020000044       0x40 C:\Users\umar.hassan\AppData\Local\Temp\VMBuilds\Test01\stm32duino_genericSTM32F103C\Debug\core.a(dma_f1.c.o)
 .data.gpioa    0x0000000020000084        0x8 C:\Users\umar.hassan\AppData\Local\Temp\VMBuilds\Test01\stm32duino_genericSTM32F103C\Debug\core.a(gpio_f1.c.o)
                0x0000000020000084                gpioa
 .data.gpiob    0x000000002000008c        0x8 C:\Users\umar.hassan\AppData\Local\Temp\VMBuilds\Test01\stm32duino_genericSTM32F103C\Debug\core.a(gpio_f1.c.o)
                0x000000002000008c                gpiob
 .data.gpioc    0x0000000020000094        0x8 C:\Users\umar.hassan\AppData\Local\Temp\VMBuilds\Test01\stm32duino_genericSTM32F103C\Debug\core.a(gpio_f1.c.o)
                0x0000000020000094                gpioc
 .data.gpiod    0x000000002000009c        0x8 C:\Users\umar.hassan\AppData\Local\Temp\VMBuilds\Test01\stm32duino_genericSTM32F103C\Debug\core.a(gpio_f1.c.o)
                0x000000002000009c                gpiod
 .data.i2c1     0x00000000200000a4       0x38 C:\Users\umar.hassan\AppData\Local\Temp\VMBuilds\Test01\stm32duino_genericSTM32F103C\Debug\core.a(i2c_f1.c.o)
 .data.i2c2     0x00000000200000dc       0x38 C:\Users\umar.hassan\AppData\Local\Temp\VMBuilds\Test01\stm32duino_genericSTM32F103C\Debug\core.a(i2c_f1.c.o)
 .data.enable_regs.4454
                0x0000000020000114        0xc C:\Users\umar.hassan\AppData\Local\Temp\VMBuilds\Test01\stm32duino_genericSTM32F103C\Debug\core.a(rcc_f1.c.o)
 .data.enable_regs.4467
                0x0000000020000120        0xc C:\Users\umar.hassan\AppData\Local\Temp\VMBuilds\Test01\stm32duino_genericSTM32F103C\Debug\core.a(rcc_f1.c.o)
 .data.reset_regs.4458
                0x000000002000012c        0x8 C:\Users\umar.hassan\AppData\Local\Temp\VMBuilds\Test01\stm32duino_genericSTM32F103C\Debug\core.a(rcc_f1.c.o)
 .data.timer1   0x0000000020000134       0x28 C:\Users\umar.hassan\AppData\Local\Temp\VMBuilds\Test01\stm32duino_genericSTM32F103C\Debug\core.a(timer.c.o)
                0x0000000020000134                timer1
 .data.timer2   0x000000002000015c       0x24 C:\Users\umar.hassan\AppData\Local\Temp\VMBuilds\Test01\stm32duino_genericSTM32F103C\Debug\core.a(timer.c.o)
                0x000000002000015c                timer2
 .data.timer3   0x0000000020000180       0x24 C:\Users\umar.hassan\AppData\Local\Temp\VMBuilds\Test01\stm32duino_genericSTM32F103C\Debug\core.a(timer.c.o)
                0x0000000020000180                timer3
 .data.timer4   0x00000000200001a4       0x24 C:\Users\umar.hassan\AppData\Local\Temp\VMBuilds\Test01\stm32duino_genericSTM32F103C\Debug\core.a(timer.c.o)
                0x00000000200001a4                timer4
 .data.USART1   0x00000000200001c8        0x4 C:\Users\umar.hassan\AppData\Local\Temp\VMBuilds\Test01\stm32duino_genericSTM32F103C\Debug\core.a(usart_f1.c.o)
                0x00000000200001c8                USART1
 .data.USART2   0x00000000200001cc        0x4 C:\Users\umar.hassan\AppData\Local\Temp\VMBuilds\Test01\stm32duino_genericSTM32F103C\Debug\core.a(usart_f1.c.o)
                0x00000000200001cc                USART2
 .data.USART3   0x00000000200001d0        0x4 C:\Users\umar.hassan\AppData\Local\Temp\VMBuilds\Test01\stm32duino_genericSTM32F103C\Debug\core.a(usart_f1.c.o)
                0x00000000200001d0                USART3
 .data.usart1   0x00000000200001d4       0x94 C:\Users\umar.hassan\AppData\Local\Temp\VMBuilds\Test01\stm32duino_genericSTM32F103C\Debug\core.a(usart_f1.c.o)
 .data.usart2   0x0000000020000268       0x94 C:\Users\umar.hassan\AppData\Local\Temp\VMBuilds\Test01\stm32duino_genericSTM32F103C\Debug\core.a(usart_f1.c.o)
 .data.usart3   0x00000000200002fc       0x94 C:\Users\umar.hassan\AppData\Local\Temp\VMBuilds\Test01\stm32duino_genericSTM32F103C\Debug\core.a(usart_f1.c.o)
 .data.USBLIB   0x0000000020000390        0x4 C:\Users\umar.hassan\AppData\Local\Temp\VMBuilds\Test01\stm32duino_genericSTM32F103C\Debug\core.a(usb.c.o)
                0x0000000020000390                USBLIB
 .data.usblib   0x0000000020000394       0x10 C:\Users\umar.hassan\AppData\Local\Temp\VMBuilds\Test01\stm32duino_genericSTM32F103C\Debug\core.a(usb.c.o)
 .data.Config_Descriptor
                0x00000000200003a4        0x8 C:\Users\umar.hassan\AppData\Local\Temp\VMBuilds\Test01\stm32duino_genericSTM32F103C\Debug\core.a(usb_cdcacm.c.o)
 .data.Device_Descriptor
                0x00000000200003ac        0x8 C:\Users\umar.hassan\AppData\Local\Temp\VMBuilds\Test01\stm32duino_genericSTM32F103C\Debug\core.a(usb_cdcacm.c.o)
 .data.Device_Property
                0x00000000200003b4       0x30 C:\Users\umar.hassan\AppData\Local\Temp\VMBuilds\Test01\stm32duino_genericSTM32F103C\Debug\core.a(usb_cdcacm.c.o)
                0x00000000200003b4                Device_Property
 .data.Device_Table
                0x00000000200003e4        0x2 C:\Users\umar.hassan\AppData\Local\Temp\VMBuilds\Test01\stm32duino_genericSTM32F103C\Debug\core.a(usb_cdcacm.c.o)
                0x00000000200003e4                Device_Table
 *fill*         0x00000000200003e6        0x2 
 .data.String_Descriptor
                0x00000000200003e8       0x18 C:\Users\umar.hassan\AppData\Local\Temp\VMBuilds\Test01\stm32duino_genericSTM32F103C\Debug\core.a(usb_cdcacm.c.o)
 .data.line_coding
                0x0000000020000400        0x7 C:\Users\umar.hassan\AppData\Local\Temp\VMBuilds\Test01\stm32duino_genericSTM32F103C\Debug\core.a(usb_cdcacm.c.o)
                0x0000000020000408                . = ALIGN (0x8)
 *fill*         0x0000000020000407        0x1 
                0x0000000020000408                __data_end__ = .

.igot.plt       0x0000000020000408        0x0 load address 0x0000000008002ed8
 .igot.plt      0x0000000020000408        0x0 c:/users/umar.hassan/appdata/local/arduino15/packages/arduino/tools/arm-none-eabi-gcc/4.8.3-2014q1/bin/../lib/gcc/arm-none-eabi/7.3.1/thumb/v7-m/crtbegin.o

.rodata         0x0000000008002ed8      0x36c
 *(.rodata .rodata.* .gnu.linkonce.r.*)
 .rodata._Z5setupv.str1.1
                0x0000000008002ed8       0x18 Test01.cpp.o
 .rodata._ZN16VisualMicroDebug16sendContinuedACKEh.str1.1
                0x0000000008002ef0        0xe VM_DBG\VM_DBG.cpp.o
 *fill*         0x0000000008002efe        0x2 
 .rodata.PIN_MAP
                0x0000000008002f00      0x230 C:\Users\umar.hassan\AppData\Local\Temp\VMBCore\arduino16x\01e210328e8f8eb8bd5c91a53680a4aa\variant\board.cpp.o
                0x0000000008002f00                PIN_MAP
 .rodata.GPIOC  0x0000000008003130        0x4 C:\Users\umar.hassan\AppData\Local\Temp\VMBuilds\Test01\stm32duino_genericSTM32F103C\Debug\core.a(gpio_f1.c.o)
                0x0000000008003130                GPIOC
 .rodata.masks.4463
                0x0000000008003134       0x14 C:\Users\umar.hassan\AppData\Local\Temp\VMBuilds\Test01\stm32duino_genericSTM32F103C\Debug\core.a(rcc_f1.c.o)
 .rodata.rcc_dev_table
                0x0000000008003148       0x5c C:\Users\umar.hassan\AppData\Local\Temp\VMBuilds\Test01\stm32duino_genericSTM32F103C\Debug\core.a(rcc_f1.c.o)
                0x0000000008003148                rcc_dev_table
 .rodata.usbVcomDescriptor_Config
                0x00000000080031a4       0x43 C:\Users\umar.hassan\AppData\Local\Temp\VMBuilds\Test01\stm32duino_genericSTM32F103C\Debug\core.a(usb_cdcacm.c.o)
 .rodata.usbVcomDescriptor_Device
                0x00000000080031e7       0x12 C:\Users\umar.hassan\AppData\Local\Temp\VMBuilds\Test01\stm32duino_genericSTM32F103C\Debug\core.a(usb_cdcacm.c.o)
 .rodata.usbVcomDescriptor_LangID
                0x00000000080031f9        0x4 C:\Users\umar.hassan\AppData\Local\Temp\VMBuilds\Test01\stm32duino_genericSTM32F103C\Debug\core.a(usb_cdcacm.c.o)
 .rodata.usbVcomDescriptor_iManufacturer
                0x00000000080031fd       0x12 C:\Users\umar.hassan\AppData\Local\Temp\VMBuilds\Test01\stm32duino_genericSTM32F103C\Debug\core.a(usb_cdcacm.c.o)
 .rodata.usbVcomDescriptor_iProduct
                0x000000000800320f        0xc C:\Users\umar.hassan\AppData\Local\Temp\VMBuilds\Test01\stm32duino_genericSTM32F103C\Debug\core.a(usb_cdcacm.c.o)
 *fill*         0x000000000800321b        0x1 
 .rodata._ZTV14HardwareSerial
                0x000000000800321c       0x24 C:\Users\umar.hassan\AppData\Local\Temp\VMBuilds\Test01\stm32duino_genericSTM32F103C\Debug\core.a(HardwareSerial.cpp.o)
                0x000000000800321c                vtable for HardwareSerial
 *(.USER_FLASH)
                0x0000000008003240                . = ALIGN (0x4)
                0x0000000008003240                _lm_rom_img_cfgp = .
                0x0000000008003240        0x4 LONG 0x8002ad0 LOADADDR (.data)
                0x00000000200005e0                _lm_heap_start = DEFINED (_lm_heap_start)?_lm_heap_start:_end
                0x0000000020005000                _lm_heap_end = DEFINED (_lm_heap_end)?_lm_heap_end:__msp_init

.rel.dyn        0x0000000008003244        0x0
 .rel.iplt      0x0000000008003244        0x0 c:/users/umar.hassan/appdata/local/arduino15/packages/arduino/tools/arm-none-eabi-gcc/4.8.3-2014q1/bin/../lib/gcc/arm-none-eabi/7.3.1/thumb/v7-m/crtbegin.o

.bss            0x0000000020000408      0x1d8
                0x0000000020000408                . = ALIGN (0x8)
                0x0000000020000408                __bss_start__ = .
 *(.bss .bss.* .gnu.linkonce.b.*)
 .bss           0x0000000020000408       0x1c c:/users/umar.hassan/appdata/local/arduino15/packages/arduino/tools/arm-none-eabi-gcc/4.8.3-2014q1/bin/../lib/gcc/arm-none-eabi/7.3.1/thumb/v7-m/crtbegin.o
 .bss.MicroDebug
                0x0000000020000424       0x48 VM_DBG\VM_DBG.cpp.o
                0x0000000020000424                MicroDebug
 .bss.Serial1   0x000000002000046c       0x18 C:\Users\umar.hassan\AppData\Local\Temp\VMBCore\arduino16x\01e210328e8f8eb8bd5c91a53680a4aa\variant\board.cpp.o
                0x000000002000046c                Serial1
 .bss.Serial2   0x0000000020000484       0x18 C:\Users\umar.hassan\AppData\Local\Temp\VMBCore\arduino16x\01e210328e8f8eb8bd5c91a53680a4aa\variant\board.cpp.o
                0x0000000020000484                Serial2
 .bss.Serial3   0x000000002000049c       0x18 C:\Users\umar.hassan\AppData\Local\Temp\VMBCore\arduino16x\01e210328e8f8eb8bd5c91a53680a4aa\variant\board.cpp.o
                0x000000002000049c                Serial3
 .bss.exti_channels
                0x00000000200004b4       0x80 C:\Users\umar.hassan\AppData\Local\Temp\VMBuilds\Test01\stm32duino_genericSTM32F103C\Debug\core.a(exti.c.o)
                0x00000000200004b4                exti_channels
 .bss.systick_user_callback
                0x0000000020000534        0x4 C:\Users\umar.hassan\AppData\Local\Temp\VMBuilds\Test01\stm32duino_genericSTM32F103C\Debug\core.a(systick.c.o)
 .bss.usart1_rb
                0x0000000020000538        0xc C:\Users\umar.hassan\AppData\Local\Temp\VMBuilds\Test01\stm32duino_genericSTM32F103C\Debug\core.a(usart_f1.c.o)
 .bss.usart1_wb
                0x0000000020000544        0xc C:\Users\umar.hassan\AppData\Local\Temp\VMBuilds\Test01\stm32duino_genericSTM32F103C\Debug\core.a(usart_f1.c.o)
 .bss.usart2_rb
                0x0000000020000550        0xc C:\Users\umar.hassan\AppData\Local\Temp\VMBuilds\Test01\stm32duino_genericSTM32F103C\Debug\core.a(usart_f1.c.o)
 .bss.usart2_wb
                0x000000002000055c        0xc C:\Users\umar.hassan\AppData\Local\Temp\VMBuilds\Test01\stm32duino_genericSTM32F103C\Debug\core.a(usart_f1.c.o)
 .bss.usart3_rb
                0x0000000020000568        0xc C:\Users\umar.hassan\AppData\Local\Temp\VMBuilds\Test01\stm32duino_genericSTM32F103C\Debug\core.a(usart_f1.c.o)
 .bss.usart3_wb
                0x0000000020000574        0xc C:\Users\umar.hassan\AppData\Local\Temp\VMBuilds\Test01\stm32duino_genericSTM32F103C\Debug\core.a(usart_f1.c.o)
 .bss.iface_setup_hook
                0x0000000020000580        0x4 C:\Users\umar.hassan\AppData\Local\Temp\VMBuilds\Test01\stm32duino_genericSTM32F103C\Debug\core.a(usb_cdcacm.c.o)
 .bss.line_dtr_rts
                0x0000000020000584        0x1 C:\Users\umar.hassan\AppData\Local\Temp\VMBuilds\Test01\stm32duino_genericSTM32F103C\Debug\core.a(usb_cdcacm.c.o)
 *fill*         0x0000000020000585        0x3 
 .bss.rx_head   0x0000000020000588        0x4 C:\Users\umar.hassan\AppData\Local\Temp\VMBuilds\Test01\stm32duino_genericSTM32F103C\Debug\core.a(usb_cdcacm.c.o)
 .bss.rx_tail   0x000000002000058c        0x4 C:\Users\umar.hassan\AppData\Local\Temp\VMBuilds\Test01\stm32duino_genericSTM32F103C\Debug\core.a(usb_cdcacm.c.o)
 .bss.transmitting
                0x0000000020000590        0x1 C:\Users\umar.hassan\AppData\Local\Temp\VMBuilds\Test01\stm32duino_genericSTM32F103C\Debug\core.a(usb_cdcacm.c.o)
 *fill*         0x0000000020000591        0x3 
 .bss.tx_head   0x0000000020000594        0x4 C:\Users\umar.hassan\AppData\Local\Temp\VMBuilds\Test01\stm32duino_genericSTM32F103C\Debug\core.a(usb_cdcacm.c.o)
 .bss.tx_tail   0x0000000020000598        0x4 C:\Users\umar.hassan\AppData\Local\Temp\VMBuilds\Test01\stm32duino_genericSTM32F103C\Debug\core.a(usb_cdcacm.c.o)
 .bss.Data_Mul_MaxPacketSize
                0x000000002000059c        0x1 C:\Users\umar.hassan\AppData\Local\Temp\VMBuilds\Test01\stm32duino_genericSTM32F103C\Debug\core.a(usb_core.c.o)
                0x000000002000059c                Data_Mul_MaxPacketSize
 *(COMMON)
 *fill*         0x000000002000059d        0x3 
 COMMON         0x00000000200005a0        0x4 C:\Users\umar.hassan\AppData\Local\Temp\VMBuilds\Test01\stm32duino_genericSTM32F103C\Debug\core.a(systick.c.o)
                0x00000000200005a0                systick_uptime_millis
 COMMON         0x00000000200005a4        0x6 C:\Users\umar.hassan\AppData\Local\Temp\VMBuilds\Test01\stm32duino_genericSTM32F103C\Debug\core.a(usb.c.o)
                0x00000000200005a4                SaveRState
                0x00000000200005a6                SaveTState
                0x00000000200005a8                ResumeS
 COMMON         0x00000000200005aa        0x2 C:\Users\umar.hassan\AppData\Local\Temp\VMBuilds\Test01\stm32duino_genericSTM32F103C\Debug\core.a(usb_core.c.o)
                0x00000000200005aa                StatusInfo
 COMMON         0x00000000200005ac       0x32 C:\Users\umar.hassan\AppData\Local\Temp\VMBuilds\Test01\stm32duino_genericSTM32F103C\Debug\core.a(usb_init.c.o)
                0x00000000200005ac                SaveState
                0x00000000200005b0                pProperty
                0x00000000200005b4                EPindex
                0x00000000200005b8                Device_Info
                0x00000000200005d4                pUser_Standard_Requests
                0x00000000200005d8                pInformation
                0x00000000200005dc                wInterrupt_Mask
                0x00000000200005e0                . = ALIGN (0x8)
 *fill*         0x00000000200005de        0x2 
                0x00000000200005e0                __bss_end__ = .
                0x00000000200005e0                _end = __bss_end__

.stab
 *(.stab)

.stabstr
 *(.stabstr)

.debug
 *(.debug)

.line
 *(.line)

.debug_srcinfo
 *(.debug_srcinfo)

.debug_sfnames
 *(.debug_sfnames)

.debug_aranges  0x0000000000000000      0xed8
 *(.debug_aranges)
 .debug_aranges
                0x0000000000000000       0x28 Test01.cpp.o
 .debug_aranges
                0x0000000000000028      0x160 VM_DBG\VM_DBG.cpp.o
 .debug_aranges
                0x0000000000000188       0x20 C:\Users\umar.hassan\AppData\Local\Temp\VMBCore\arduino16x\01e210328e8f8eb8bd5c91a53680a4aa\variant\start.S.o
 .debug_aranges
                0x00000000000001a8       0x20 C:\Users\umar.hassan\AppData\Local\Temp\VMBCore\arduino16x\01e210328e8f8eb8bd5c91a53680a4aa\variant\start_c.c.o
 .debug_aranges
                0x00000000000001c8       0x28 C:\Users\umar.hassan\AppData\Local\Temp\VMBCore\arduino16x\01e210328e8f8eb8bd5c91a53680a4aa\variant\board.cpp.o
 .debug_aranges
                0x00000000000001f0       0x40 C:\Users\umar.hassan\AppData\Local\Temp\VMBCore\arduino16x\01e210328e8f8eb8bd5c91a53680a4aa\variant\boards.cpp.o
 .debug_aranges
                0x0000000000000230       0x38 C:\Users\umar.hassan\AppData\Local\Temp\VMBCore\arduino16x\01e210328e8f8eb8bd5c91a53680a4aa\variant\boards_setup.cpp.o
 .debug_aranges
                0x0000000000000268       0x20 C:\Users\umar.hassan\AppData\Local\Temp\VMBuilds\Test01\stm32duino_genericSTM32F103C\Debug\core.a(exc.S.o)
 .debug_aranges
                0x0000000000000288       0x20 C:\Users\umar.hassan\AppData\Local\Temp\VMBuilds\Test01\stm32duino_genericSTM32F103C\Debug\core.a(isrs.S.o)
 .debug_aranges
                0x00000000000002a8       0x38 C:\Users\umar.hassan\AppData\Local\Temp\VMBuilds\Test01\stm32duino_genericSTM32F103C\Debug\core.a(adc.c.o)
 .debug_aranges
                0x00000000000002e0       0x58 C:\Users\umar.hassan\AppData\Local\Temp\VMBuilds\Test01\stm32duino_genericSTM32F103C\Debug\core.a(adc_f1.c.o)
 .debug_aranges
                0x0000000000000338       0xb0 C:\Users\umar.hassan\AppData\Local\Temp\VMBuilds\Test01\stm32duino_genericSTM32F103C\Debug\core.a(dma_f1.c.o)
 .debug_aranges
                0x00000000000003e8       0x80 C:\Users\umar.hassan\AppData\Local\Temp\VMBuilds\Test01\stm32duino_genericSTM32F103C\Debug\core.a(exti.c.o)
 .debug_aranges
                0x0000000000000468       0x20 C:\Users\umar.hassan\AppData\Local\Temp\VMBuilds\Test01\stm32duino_genericSTM32F103C\Debug\core.a(flash.c.o)
 .debug_aranges
                0x0000000000000488       0x48 C:\Users\umar.hassan\AppData\Local\Temp\VMBuilds\Test01\stm32duino_genericSTM32F103C\Debug\core.a(gpio_f1.c.o)
 .debug_aranges
                0x00000000000004d0       0x50 C:\Users\umar.hassan\AppData\Local\Temp\VMBuilds\Test01\stm32duino_genericSTM32F103C\Debug\core.a(i2c_f1.c.o)
 .debug_aranges
                0x0000000000000520       0x38 C:\Users\umar.hassan\AppData\Local\Temp\VMBuilds\Test01\stm32duino_genericSTM32F103C\Debug\core.a(nvic.c.o)
 .debug_aranges
                0x0000000000000558       0x48 C:\Users\umar.hassan\AppData\Local\Temp\VMBuilds\Test01\stm32duino_genericSTM32F103C\Debug\core.a(rcc.c.o)
 .debug_aranges
                0x00000000000005a0       0x48 C:\Users\umar.hassan\AppData\Local\Temp\VMBuilds\Test01\stm32duino_genericSTM32F103C\Debug\core.a(rcc_f1.c.o)
 .debug_aranges
                0x00000000000005e8       0x40 C:\Users\umar.hassan\AppData\Local\Temp\VMBuilds\Test01\stm32duino_genericSTM32F103C\Debug\core.a(systick.c.o)
 .debug_aranges
                0x0000000000000628       0xb0 C:\Users\umar.hassan\AppData\Local\Temp\VMBuilds\Test01\stm32duino_genericSTM32F103C\Debug\core.a(timer.c.o)
 .debug_aranges
                0x00000000000006d8       0x50 C:\Users\umar.hassan\AppData\Local\Temp\VMBuilds\Test01\stm32duino_genericSTM32F103C\Debug\core.a(usart_f1.c.o)
 .debug_aranges
                0x0000000000000728       0x20 C:\Users\umar.hassan\AppData\Local\Temp\VMBuilds\Test01\stm32duino_genericSTM32F103C\Debug\core.a(usart_private.c.o)
 .debug_aranges
                0x0000000000000748       0x50 C:\Users\umar.hassan\AppData\Local\Temp\VMBuilds\Test01\stm32duino_genericSTM32F103C\Debug\core.a(util.c.o)
 .debug_aranges
                0x0000000000000798       0x40 C:\Users\umar.hassan\AppData\Local\Temp\VMBuilds\Test01\stm32duino_genericSTM32F103C\Debug\core.a(usb.c.o)
 .debug_aranges
                0x00000000000007d8      0x130 C:\Users\umar.hassan\AppData\Local\Temp\VMBuilds\Test01\stm32duino_genericSTM32F103C\Debug\core.a(usb_cdcacm.c.o)
 .debug_aranges
                0x0000000000000908       0x20 C:\Users\umar.hassan\AppData\Local\Temp\VMBuilds\Test01\stm32duino_genericSTM32F103C\Debug\core.a(usb_reg_map.c.o)
 .debug_aranges
                0x0000000000000928       0x98 C:\Users\umar.hassan\AppData\Local\Temp\VMBuilds\Test01\stm32duino_genericSTM32F103C\Debug\core.a(usb_core.c.o)
 .debug_aranges
                0x00000000000009c0       0x20 C:\Users\umar.hassan\AppData\Local\Temp\VMBuilds\Test01\stm32duino_genericSTM32F103C\Debug\core.a(usb_init.c.o)
 .debug_aranges
                0x00000000000009e0       0x28 C:\Users\umar.hassan\AppData\Local\Temp\VMBuilds\Test01\stm32duino_genericSTM32F103C\Debug\core.a(usb_mem.c.o)
 .debug_aranges
                0x0000000000000a08      0x1a0 C:\Users\umar.hassan\AppData\Local\Temp\VMBuilds\Test01\stm32duino_genericSTM32F103C\Debug\core.a(usb_regs.c.o)
 .debug_aranges
                0x0000000000000ba8       0x70 C:\Users\umar.hassan\AppData\Local\Temp\VMBuilds\Test01\stm32duino_genericSTM32F103C\Debug\core.a(HardwareSerial.cpp.o)
 .debug_aranges
                0x0000000000000c18       0x28 C:\Users\umar.hassan\AppData\Local\Temp\VMBuilds\Test01\stm32duino_genericSTM32F103C\Debug\core.a(main.cpp.o)
 .debug_aranges
                0x0000000000000c40      0x110 C:\Users\umar.hassan\AppData\Local\Temp\VMBuilds\Test01\stm32duino_genericSTM32F103C\Debug\core.a(Print.cpp.o)
 .debug_aranges
                0x0000000000000d50       0x28 C:\Users\umar.hassan\AppData\Local\Temp\VMBuilds\Test01\stm32duino_genericSTM32F103C\Debug\core.a(wirish_digital.cpp.o)
 .debug_aranges
                0x0000000000000d78       0x30 C:\Users\umar.hassan\AppData\Local\Temp\VMBuilds\Test01\stm32duino_genericSTM32F103C\Debug\core.a(wirish_time.cpp.o)
 .debug_aranges
                0x0000000000000da8       0x20 C:\Users\umar.hassan\AppData\Local\Temp\VMBuilds\Test01\stm32duino_genericSTM32F103C\Debug\core.a(wirish_digital_f1.cpp.o)
 .debug_aranges
                0x0000000000000dc8       0x20 C:\Users\umar.hassan\AppData\Local\Temp\VMBuilds\Test01\stm32duino_genericSTM32F103C\Debug\core.a(hooks.c.o)
 .debug_aranges
                0x0000000000000de8       0x20 C:\Users\umar.hassan\AppData\Local\Temp\VMBuilds\Test01\stm32duino_genericSTM32F103C\Debug\core.a(gpio.c.o)
 .debug_aranges
                0x0000000000000e08       0x88 C:\Users\umar.hassan\AppData\Local\Temp\VMBuilds\Test01\stm32duino_genericSTM32F103C\Debug\core.a(i2c.c.o)
 .debug_aranges
                0x0000000000000e90       0x48 C:\Users\umar.hassan\AppData\Local\Temp\VMBuilds\Test01\stm32duino_genericSTM32F103C\Debug\core.a(usart.c.o)

.debug_pubnames
 *(.debug_pubnames)

.debug_info     0x0000000000000000    0x2c3a1
 *(.debug_info .gnu.linkonce.wi.*)
 .debug_info    0x0000000000000000     0x3542 Test01.cpp.o
 .debug_info    0x0000000000003542     0x49f3 VM_DBG\VM_DBG.cpp.o
 .debug_info    0x0000000000007f35       0x26 C:\Users\umar.hassan\AppData\Local\Temp\VMBCore\arduino16x\01e210328e8f8eb8bd5c91a53680a4aa\variant\start.S.o
 .debug_info    0x0000000000007f5b      0x131 C:\Users\umar.hassan\AppData\Local\Temp\VMBCore\arduino16x\01e210328e8f8eb8bd5c91a53680a4aa\variant\start_c.c.o
 .debug_info    0x000000000000808c     0x1e07 C:\Users\umar.hassan\AppData\Local\Temp\VMBCore\arduino16x\01e210328e8f8eb8bd5c91a53680a4aa\variant\board.cpp.o
 .debug_info    0x0000000000009e93     0x1695 C:\Users\umar.hassan\AppData\Local\Temp\VMBCore\arduino16x\01e210328e8f8eb8bd5c91a53680a4aa\variant\boards.cpp.o
 .debug_info    0x000000000000b528     0x1dff C:\Users\umar.hassan\AppData\Local\Temp\VMBCore\arduino16x\01e210328e8f8eb8bd5c91a53680a4aa\variant\boards_setup.cpp.o
 .debug_info    0x000000000000d327       0x26 C:\Users\umar.hassan\AppData\Local\Temp\VMBuilds\Test01\stm32duino_genericSTM32F103C\Debug\core.a(exc.S.o)
 .debug_info    0x000000000000d34d       0x26 C:\Users\umar.hassan\AppData\Local\Temp\VMBuilds\Test01\stm32duino_genericSTM32F103C\Debug\core.a(isrs.S.o)
 .debug_info    0x000000000000d373      0x7e5 C:\Users\umar.hassan\AppData\Local\Temp\VMBuilds\Test01\stm32duino_genericSTM32F103C\Debug\core.a(adc.c.o)
 .debug_info    0x000000000000db58      0xea6 C:\Users\umar.hassan\AppData\Local\Temp\VMBuilds\Test01\stm32duino_genericSTM32F103C\Debug\core.a(adc_f1.c.o)
 .debug_info    0x000000000000e9fe     0x18aa C:\Users\umar.hassan\AppData\Local\Temp\VMBuilds\Test01\stm32duino_genericSTM32F103C\Debug\core.a(dma_f1.c.o)
 .debug_info    0x00000000000102a8      0xdc8 C:\Users\umar.hassan\AppData\Local\Temp\VMBuilds\Test01\stm32duino_genericSTM32F103C\Debug\core.a(exti.c.o)
 .debug_info    0x0000000000011070      0x12c C:\Users\umar.hassan\AppData\Local\Temp\VMBuilds\Test01\stm32duino_genericSTM32F103C\Debug\core.a(flash.c.o)
 .debug_info    0x000000000001119c      0x759 C:\Users\umar.hassan\AppData\Local\Temp\VMBuilds\Test01\stm32duino_genericSTM32F103C\Debug\core.a(gpio_f1.c.o)
 .debug_info    0x00000000000118f5      0xc44 C:\Users\umar.hassan\AppData\Local\Temp\VMBuilds\Test01\stm32duino_genericSTM32F103C\Debug\core.a(i2c_f1.c.o)
 .debug_info    0x0000000000012539      0x599 C:\Users\umar.hassan\AppData\Local\Temp\VMBuilds\Test01\stm32duino_genericSTM32F103C\Debug\core.a(nvic.c.o)
 .debug_info    0x0000000000012ad2      0x56d C:\Users\umar.hassan\AppData\Local\Temp\VMBuilds\Test01\stm32duino_genericSTM32F103C\Debug\core.a(rcc.c.o)
 .debug_info    0x000000000001303f      0xb64 C:\Users\umar.hassan\AppData\Local\Temp\VMBuilds\Test01\stm32duino_genericSTM32F103C\Debug\core.a(rcc_f1.c.o)
 .debug_info    0x0000000000013ba3      0x18d C:\Users\umar.hassan\AppData\Local\Temp\VMBuilds\Test01\stm32duino_genericSTM32F103C\Debug\core.a(systick.c.o)
 .debug_info    0x0000000000013d30     0x1a05 C:\Users\umar.hassan\AppData\Local\Temp\VMBuilds\Test01\stm32duino_genericSTM32F103C\Debug\core.a(timer.c.o)
 .debug_info    0x0000000000015735      0xc02 C:\Users\umar.hassan\AppData\Local\Temp\VMBuilds\Test01\stm32duino_genericSTM32F103C\Debug\core.a(usart_f1.c.o)
 .debug_info    0x0000000000016337      0x5c2 C:\Users\umar.hassan\AppData\Local\Temp\VMBuilds\Test01\stm32duino_genericSTM32F103C\Debug\core.a(usart_private.c.o)
 .debug_info    0x00000000000168f9      0xb26 C:\Users\umar.hassan\AppData\Local\Temp\VMBuilds\Test01\stm32duino_genericSTM32F103C\Debug\core.a(util.c.o)
 .debug_info    0x000000000001741f      0xd2b C:\Users\umar.hassan\AppData\Local\Temp\VMBuilds\Test01\stm32duino_genericSTM32F103C\Debug\core.a(usb.c.o)
 .debug_info    0x000000000001814a     0x24af C:\Users\umar.hassan\AppData\Local\Temp\VMBuilds\Test01\stm32duino_genericSTM32F103C\Debug\core.a(usb_cdcacm.c.o)
 .debug_info    0x000000000001a5f9      0x27c C:\Users\umar.hassan\AppData\Local\Temp\VMBuilds\Test01\stm32duino_genericSTM32F103C\Debug\core.a(usb_reg_map.c.o)
 .debug_info    0x000000000001a875      0xe08 C:\Users\umar.hassan\AppData\Local\Temp\VMBuilds\Test01\stm32duino_genericSTM32F103C\Debug\core.a(usb_core.c.o)
 .debug_info    0x000000000001b67d      0x489 C:\Users\umar.hassan\AppData\Local\Temp\VMBuilds\Test01\stm32duino_genericSTM32F103C\Debug\core.a(usb_init.c.o)
 .debug_info    0x000000000001bb06      0x539 C:\Users\umar.hassan\AppData\Local\Temp\VMBuilds\Test01\stm32duino_genericSTM32F103C\Debug\core.a(usb_mem.c.o)
 .debug_info    0x000000000001c03f      0xfa9 C:\Users\umar.hassan\AppData\Local\Temp\VMBuilds\Test01\stm32duino_genericSTM32F103C\Debug\core.a(usb_regs.c.o)
 .debug_info    0x000000000001cfe8     0x3993 C:\Users\umar.hassan\AppData\Local\Temp\VMBuilds\Test01\stm32duino_genericSTM32F103C\Debug\core.a(HardwareSerial.cpp.o)
 .debug_info    0x000000000002097b       0xa9 C:\Users\umar.hassan\AppData\Local\Temp\VMBuilds\Test01\stm32duino_genericSTM32F103C\Debug\core.a(main.cpp.o)
 .debug_info    0x0000000000020a24     0x3f27 C:\Users\umar.hassan\AppData\Local\Temp\VMBuilds\Test01\stm32duino_genericSTM32F103C\Debug\core.a(Print.cpp.o)
 .debug_info    0x000000000002494b      0xc84 C:\Users\umar.hassan\AppData\Local\Temp\VMBuilds\Test01\stm32duino_genericSTM32F103C\Debug\core.a(wirish_digital.cpp.o)
 .debug_info    0x00000000000255cf     0x2d48 C:\Users\umar.hassan\AppData\Local\Temp\VMBuilds\Test01\stm32duino_genericSTM32F103C\Debug\core.a(wirish_time.cpp.o)
 .debug_info    0x0000000000028317      0xdec C:\Users\umar.hassan\AppData\Local\Temp\VMBuilds\Test01\stm32duino_genericSTM32F103C\Debug\core.a(wirish_digital_f1.cpp.o)
 .debug_info    0x0000000000029103       0x37 C:\Users\umar.hassan\AppData\Local\Temp\VMBuilds\Test01\stm32duino_genericSTM32F103C\Debug\core.a(hooks.c.o)
 .debug_info    0x000000000002913a      0x37c C:\Users\umar.hassan\AppData\Local\Temp\VMBuilds\Test01\stm32duino_genericSTM32F103C\Debug\core.a(gpio.c.o)
 .debug_info    0x00000000000294b6     0x229f C:\Users\umar.hassan\AppData\Local\Temp\VMBuilds\Test01\stm32duino_genericSTM32F103C\Debug\core.a(i2c.c.o)
 .debug_info    0x000000000002b755      0xc4c C:\Users\umar.hassan\AppData\Local\Temp\VMBuilds\Test01\stm32duino_genericSTM32F103C\Debug\core.a(usart.c.o)

.debug_abbrev   0x0000000000000000     0x71fb
 *(.debug_abbrev)
 .debug_abbrev  0x0000000000000000      0x5c4 Test01.cpp.o
 .debug_abbrev  0x00000000000005c4      0x915 VM_DBG\VM_DBG.cpp.o
 .debug_abbrev  0x0000000000000ed9       0x14 C:\Users\umar.hassan\AppData\Local\Temp\VMBCore\arduino16x\01e210328e8f8eb8bd5c91a53680a4aa\variant\start.S.o
 .debug_abbrev  0x0000000000000eed       0xe4 C:\Users\umar.hassan\AppData\Local\Temp\VMBCore\arduino16x\01e210328e8f8eb8bd5c91a53680a4aa\variant\start_c.c.o
 .debug_abbrev  0x0000000000000fd1      0x3b0 C:\Users\umar.hassan\AppData\Local\Temp\VMBCore\arduino16x\01e210328e8f8eb8bd5c91a53680a4aa\variant\board.cpp.o
 .debug_abbrev  0x0000000000001381      0x395 C:\Users\umar.hassan\AppData\Local\Temp\VMBCore\arduino16x\01e210328e8f8eb8bd5c91a53680a4aa\variant\boards.cpp.o
 .debug_abbrev  0x0000000000001716      0x3a7 C:\Users\umar.hassan\AppData\Local\Temp\VMBCore\arduino16x\01e210328e8f8eb8bd5c91a53680a4aa\variant\boards_setup.cpp.o
 .debug_abbrev  0x0000000000001abd       0x14 C:\Users\umar.hassan\AppData\Local\Temp\VMBuilds\Test01\stm32duino_genericSTM32F103C\Debug\core.a(exc.S.o)
 .debug_abbrev  0x0000000000001ad1       0x14 C:\Users\umar.hassan\AppData\Local\Temp\VMBuilds\Test01\stm32duino_genericSTM32F103C\Debug\core.a(isrs.S.o)
 .debug_abbrev  0x0000000000001ae5      0x215 C:\Users\umar.hassan\AppData\Local\Temp\VMBuilds\Test01\stm32duino_genericSTM32F103C\Debug\core.a(adc.c.o)
 .debug_abbrev  0x0000000000001cfa      0x311 C:\Users\umar.hassan\AppData\Local\Temp\VMBuilds\Test01\stm32duino_genericSTM32F103C\Debug\core.a(adc_f1.c.o)
 .debug_abbrev  0x000000000000200b      0x413 C:\Users\umar.hassan\AppData\Local\Temp\VMBuilds\Test01\stm32duino_genericSTM32F103C\Debug\core.a(dma_f1.c.o)
 .debug_abbrev  0x000000000000241e      0x2ad C:\Users\umar.hassan\AppData\Local\Temp\VMBuilds\Test01\stm32duino_genericSTM32F103C\Debug\core.a(exti.c.o)
 .debug_abbrev  0x00000000000026cb       0xa1 C:\Users\umar.hassan\AppData\Local\Temp\VMBuilds\Test01\stm32duino_genericSTM32F103C\Debug\core.a(flash.c.o)
 .debug_abbrev  0x000000000000276c      0x1af C:\Users\umar.hassan\AppData\Local\Temp\VMBuilds\Test01\stm32duino_genericSTM32F103C\Debug\core.a(gpio_f1.c.o)
 .debug_abbrev  0x000000000000291b      0x1f3 C:\Users\umar.hassan\AppData\Local\Temp\VMBuilds\Test01\stm32duino_genericSTM32F103C\Debug\core.a(i2c_f1.c.o)
 .debug_abbrev  0x0000000000002b0e      0x1b3 C:\Users\umar.hassan\AppData\Local\Temp\VMBuilds\Test01\stm32duino_genericSTM32F103C\Debug\core.a(nvic.c.o)
 .debug_abbrev  0x0000000000002cc1      0x1cc C:\Users\umar.hassan\AppData\Local\Temp\VMBuilds\Test01\stm32duino_genericSTM32F103C\Debug\core.a(rcc.c.o)
 .debug_abbrev  0x0000000000002e8d      0x27d C:\Users\umar.hassan\AppData\Local\Temp\VMBuilds\Test01\stm32duino_genericSTM32F103C\Debug\core.a(rcc_f1.c.o)
 .debug_abbrev  0x000000000000310a      0x11b C:\Users\umar.hassan\AppData\Local\Temp\VMBuilds\Test01\stm32duino_genericSTM32F103C\Debug\core.a(systick.c.o)
 .debug_abbrev  0x0000000000003225      0x4da C:\Users\umar.hassan\AppData\Local\Temp\VMBuilds\Test01\stm32duino_genericSTM32F103C\Debug\core.a(timer.c.o)
 .debug_abbrev  0x00000000000036ff      0x2d9 C:\Users\umar.hassan\AppData\Local\Temp\VMBuilds\Test01\stm32duino_genericSTM32F103C\Debug\core.a(usart_f1.c.o)
 .debug_abbrev  0x00000000000039d8      0x15f C:\Users\umar.hassan\AppData\Local\Temp\VMBuilds\Test01\stm32duino_genericSTM32F103C\Debug\core.a(usart_private.c.o)
 .debug_abbrev  0x0000000000003b37      0x2b3 C:\Users\umar.hassan\AppData\Local\Temp\VMBuilds\Test01\stm32duino_genericSTM32F103C\Debug\core.a(util.c.o)
 .debug_abbrev  0x0000000000003dea      0x3b6 C:\Users\umar.hassan\AppData\Local\Temp\VMBuilds\Test01\stm32duino_genericSTM32F103C\Debug\core.a(usb.c.o)
 .debug_abbrev  0x00000000000041a0      0x4b0 C:\Users\umar.hassan\AppData\Local\Temp\VMBuilds\Test01\stm32duino_genericSTM32F103C\Debug\core.a(usb_cdcacm.c.o)
 .debug_abbrev  0x0000000000004650      0x197 C:\Users\umar.hassan\AppData\Local\Temp\VMBuilds\Test01\stm32duino_genericSTM32F103C\Debug\core.a(usb_reg_map.c.o)
 .debug_abbrev  0x00000000000047e7      0x419 C:\Users\umar.hassan\AppData\Local\Temp\VMBuilds\Test01\stm32duino_genericSTM32F103C\Debug\core.a(usb_core.c.o)
 .debug_abbrev  0x0000000000004c00      0x118 C:\Users\umar.hassan\AppData\Local\Temp\VMBuilds\Test01\stm32duino_genericSTM32F103C\Debug\core.a(usb_init.c.o)
 .debug_abbrev  0x0000000000004d18      0x15a C:\Users\umar.hassan\AppData\Local\Temp\VMBuilds\Test01\stm32duino_genericSTM32F103C\Debug\core.a(usb_mem.c.o)
 .debug_abbrev  0x0000000000004e72      0x2a4 C:\Users\umar.hassan\AppData\Local\Temp\VMBuilds\Test01\stm32duino_genericSTM32F103C\Debug\core.a(usb_regs.c.o)
 .debug_abbrev  0x0000000000005116      0x69a C:\Users\umar.hassan\AppData\Local\Temp\VMBuilds\Test01\stm32duino_genericSTM32F103C\Debug\core.a(HardwareSerial.cpp.o)
 .debug_abbrev  0x00000000000057b0       0x7f C:\Users\umar.hassan\AppData\Local\Temp\VMBuilds\Test01\stm32duino_genericSTM32F103C\Debug\core.a(main.cpp.o)
 .debug_abbrev  0x000000000000582f      0x6ee C:\Users\umar.hassan\AppData\Local\Temp\VMBuilds\Test01\stm32duino_genericSTM32F103C\Debug\core.a(Print.cpp.o)
 .debug_abbrev  0x0000000000005f1d      0x198 C:\Users\umar.hassan\AppData\Local\Temp\VMBuilds\Test01\stm32duino_genericSTM32F103C\Debug\core.a(wirish_digital.cpp.o)
 .debug_abbrev  0x00000000000060b5      0x5cb C:\Users\umar.hassan\AppData\Local\Temp\VMBuilds\Test01\stm32duino_genericSTM32F103C\Debug\core.a(wirish_time.cpp.o)
 .debug_abbrev  0x0000000000006680      0x247 C:\Users\umar.hassan\AppData\Local\Temp\VMBuilds\Test01\stm32duino_genericSTM32F103C\Debug\core.a(wirish_digital_f1.cpp.o)
 .debug_abbrev  0x00000000000068c7       0x28 C:\Users\umar.hassan\AppData\Local\Temp\VMBuilds\Test01\stm32duino_genericSTM32F103C\Debug\core.a(hooks.c.o)
 .debug_abbrev  0x00000000000068ef      0x11b C:\Users\umar.hassan\AppData\Local\Temp\VMBuilds\Test01\stm32duino_genericSTM32F103C\Debug\core.a(gpio.c.o)
 .debug_abbrev  0x0000000000006a0a      0x4de C:\Users\umar.hassan\AppData\Local\Temp\VMBuilds\Test01\stm32duino_genericSTM32F103C\Debug\core.a(i2c.c.o)
 .debug_abbrev  0x0000000000006ee8      0x313 C:\Users\umar.hassan\AppData\Local\Temp\VMBuilds\Test01\stm32duino_genericSTM32F103C\Debug\core.a(usart.c.o)

.debug_line     0x0000000000000000     0xc3c7
 *(.debug_line)
 .debug_line    0x0000000000000000      0xab8 Test01.cpp.o
 .debug_line    0x0000000000000ab8      0xe59 VM_DBG\VM_DBG.cpp.o
 .debug_line    0x0000000000001911       0xbb C:\Users\umar.hassan\AppData\Local\Temp\VMBCore\arduino16x\01e210328e8f8eb8bd5c91a53680a4aa\variant\start.S.o
 .debug_line    0x00000000000019cc       0xc8 C:\Users\umar.hassan\AppData\Local\Temp\VMBCore\arduino16x\01e210328e8f8eb8bd5c91a53680a4aa\variant\start_c.c.o
 .debug_line    0x0000000000001a94      0x744 C:\Users\umar.hassan\AppData\Local\Temp\VMBCore\arduino16x\01e210328e8f8eb8bd5c91a53680a4aa\variant\board.cpp.o
 .debug_line    0x00000000000021d8      0x54f C:\Users\umar.hassan\AppData\Local\Temp\VMBCore\arduino16x\01e210328e8f8eb8bd5c91a53680a4aa\variant\boards.cpp.o
 .debug_line    0x0000000000002727      0x6d1 C:\Users\umar.hassan\AppData\Local\Temp\VMBCore\arduino16x\01e210328e8f8eb8bd5c91a53680a4aa\variant\boards_setup.cpp.o
 .debug_line    0x0000000000002df8       0xbe C:\Users\umar.hassan\AppData\Local\Temp\VMBuilds\Test01\stm32duino_genericSTM32F103C\Debug\core.a(exc.S.o)
 .debug_line    0x0000000000002eb6       0xbb C:\Users\umar.hassan\AppData\Local\Temp\VMBuilds\Test01\stm32duino_genericSTM32F103C\Debug\core.a(isrs.S.o)
 .debug_line    0x0000000000002f71      0x369 C:\Users\umar.hassan\AppData\Local\Temp\VMBuilds\Test01\stm32duino_genericSTM32F103C\Debug\core.a(adc.c.o)
 .debug_line    0x00000000000032da      0x418 C:\Users\umar.hassan\AppData\Local\Temp\VMBuilds\Test01\stm32duino_genericSTM32F103C\Debug\core.a(adc_f1.c.o)
 .debug_line    0x00000000000036f2      0x6ab C:\Users\umar.hassan\AppData\Local\Temp\VMBuilds\Test01\stm32duino_genericSTM32F103C\Debug\core.a(dma_f1.c.o)
 .debug_line    0x0000000000003d9d      0x453 C:\Users\umar.hassan\AppData\Local\Temp\VMBuilds\Test01\stm32duino_genericSTM32F103C\Debug\core.a(exti.c.o)
 .debug_line    0x00000000000041f0      0x2eb C:\Users\umar.hassan\AppData\Local\Temp\VMBuilds\Test01\stm32duino_genericSTM32F103C\Debug\core.a(flash.c.o)
 .debug_line    0x00000000000044db      0x398 C:\Users\umar.hassan\AppData\Local\Temp\VMBuilds\Test01\stm32duino_genericSTM32F103C\Debug\core.a(gpio_f1.c.o)
 .debug_line    0x0000000000004873      0x496 C:\Users\umar.hassan\AppData\Local\Temp\VMBuilds\Test01\stm32duino_genericSTM32F103C\Debug\core.a(i2c_f1.c.o)
 .debug_line    0x0000000000004d09      0x356 C:\Users\umar.hassan\AppData\Local\Temp\VMBuilds\Test01\stm32duino_genericSTM32F103C\Debug\core.a(nvic.c.o)
 .debug_line    0x000000000000505f      0x402 C:\Users\umar.hassan\AppData\Local\Temp\VMBuilds\Test01\stm32duino_genericSTM32F103C\Debug\core.a(rcc.c.o)
 .debug_line    0x0000000000005461      0x461 C:\Users\umar.hassan\AppData\Local\Temp\VMBuilds\Test01\stm32duino_genericSTM32F103C\Debug\core.a(rcc_f1.c.o)
 .debug_line    0x00000000000058c2      0x2bb C:\Users\umar.hassan\AppData\Local\Temp\VMBuilds\Test01\stm32duino_genericSTM32F103C\Debug\core.a(systick.c.o)
 .debug_line    0x0000000000005b7d      0x6ff C:\Users\umar.hassan\AppData\Local\Temp\VMBuilds\Test01\stm32duino_genericSTM32F103C\Debug\core.a(timer.c.o)
 .debug_line    0x000000000000627c      0x498 C:\Users\umar.hassan\AppData\Local\Temp\VMBuilds\Test01\stm32duino_genericSTM32F103C\Debug\core.a(usart_f1.c.o)
 .debug_line    0x0000000000006714      0x331 C:\Users\umar.hassan\AppData\Local\Temp\VMBuilds\Test01\stm32duino_genericSTM32F103C\Debug\core.a(usart_private.c.o)
 .debug_line    0x0000000000006a45      0x3f8 C:\Users\umar.hassan\AppData\Local\Temp\VMBuilds\Test01\stm32duino_genericSTM32F103C\Debug\core.a(util.c.o)
 .debug_line    0x0000000000006e3d      0x59d C:\Users\umar.hassan\AppData\Local\Temp\VMBuilds\Test01\stm32duino_genericSTM32F103C\Debug\core.a(usb.c.o)
 .debug_line    0x00000000000073da      0x9b9 C:\Users\umar.hassan\AppData\Local\Temp\VMBuilds\Test01\stm32duino_genericSTM32F103C\Debug\core.a(usb_cdcacm.c.o)
 .debug_line    0x0000000000007d93      0x327 C:\Users\umar.hassan\AppData\Local\Temp\VMBuilds\Test01\stm32duino_genericSTM32F103C\Debug\core.a(usb_reg_map.c.o)
 .debug_line    0x00000000000080ba      0x484 C:\Users\umar.hassan\AppData\Local\Temp\VMBuilds\Test01\stm32duino_genericSTM32F103C\Debug\core.a(usb_core.c.o)
 .debug_line    0x000000000000853e      0x170 C:\Users\umar.hassan\AppData\Local\Temp\VMBuilds\Test01\stm32duino_genericSTM32F103C\Debug\core.a(usb_init.c.o)