Archive member included to satisfy reference by file (symbol)

D:\UserProfile\Temp\VMBuilds\Test01\stm32duino_genericSTM32F103C\Release\core.a(exc.S.o)
                              (__exc_nmi)
D:\UserProfile\Temp\VMBuilds\Test01\stm32duino_genericSTM32F103C\Release\core.a(isrs.S.o)
                              (__stm32reservedexception7)
D:\UserProfile\Temp\VMBuilds\Test01\stm32duino_genericSTM32F103C\Release\core.a(vector_table.S.o)
                              (__stm32_vector_table)
D:\UserProfile\Temp\VMBuilds\Test01\stm32duino_genericSTM32F103C\Release\core.a(adc.c.o)
                              D:\UserProfile\Temp\VMBCore\arduino16x\cba90235cfc1513c27939bafbcd9e40a\variant\boards.cpp.o (adc_set_sample_rate)
D:\UserProfile\Temp\VMBuilds\Test01\stm32duino_genericSTM32F103C\Release\core.a(adc_f1.c.o)
                              D:\UserProfile\Temp\VMBuilds\Test01\stm32duino_genericSTM32F103C\Release\core.a(vector_table.S.o) (__irq_adc)
D:\UserProfile\Temp\VMBuilds\Test01\stm32duino_genericSTM32F103C\Release\core.a(dma_f1.c.o)
                              D:\UserProfile\Temp\VMBuilds\Test01\stm32duino_genericSTM32F103C\Release\core.a(vector_table.S.o) (__irq_dma1_channel1)
D:\UserProfile\Temp\VMBuilds\Test01\stm32duino_genericSTM32F103C\Release\core.a(exti.c.o)
                              D:\UserProfile\Temp\VMBuilds\Test01\stm32duino_genericSTM32F103C\Release\core.a(vector_table.S.o) (__irq_exti0)
D:\UserProfile\Temp\VMBuilds\Test01\stm32duino_genericSTM32F103C\Release\core.a(exti_f1.c.o)
                              D:\UserProfile\Temp\VMBuilds\Test01\stm32duino_genericSTM32F103C\Release\core.a(exti.c.o) (exti_select)
D:\UserProfile\Temp\VMBuilds\Test01\stm32duino_genericSTM32F103C\Release\core.a(flash.c.o)
                              D:\UserProfile\Temp\VMBCore\arduino16x\cba90235cfc1513c27939bafbcd9e40a\variant\boards.cpp.o (flash_set_latency)
D:\UserProfile\Temp\VMBuilds\Test01\stm32duino_genericSTM32F103C\Release\core.a(gpio_f1.c.o)
                              D:\UserProfile\Temp\VMBCore\arduino16x\cba90235cfc1513c27939bafbcd9e40a\variant\boards_setup.cpp.o (gpio_init_all)
D:\UserProfile\Temp\VMBuilds\Test01\stm32duino_genericSTM32F103C\Release\core.a(i2c_f1.c.o)
                              D:\UserProfile\Temp\VMBuilds\Test01\stm32duino_genericSTM32F103C\Release\core.a(vector_table.S.o) (__irq_i2c1_ev)
D:\UserProfile\Temp\VMBuilds\Test01\stm32duino_genericSTM32F103C\Release\core.a(nvic.c.o)
                              D:\UserProfile\Temp\VMBuilds\Test01\stm32duino_genericSTM32F103C\Release\core.a(i2c_f1.c.o) (nvic_irq_set_priority)
D:\UserProfile\Temp\VMBuilds\Test01\stm32duino_genericSTM32F103C\Release\core.a(rcc.c.o)
                              D:\UserProfile\Temp\VMBCore\arduino16x\cba90235cfc1513c27939bafbcd9e40a\variant\boards.cpp.o (rcc_switch_sysclk)
D:\UserProfile\Temp\VMBuilds\Test01\stm32duino_genericSTM32F103C\Release\core.a(rcc_f1.c.o)
                              D:\UserProfile\Temp\VMBCore\arduino16x\cba90235cfc1513c27939bafbcd9e40a\variant\boards.cpp.o (rcc_configure_pll)
D:\UserProfile\Temp\VMBuilds\Test01\stm32duino_genericSTM32F103C\Release\core.a(systick.c.o)
                              D:\UserProfile\Temp\VMBCore\arduino16x\cba90235cfc1513c27939bafbcd9e40a\variant\boards.cpp.o (systick_init)
D:\UserProfile\Temp\VMBuilds\Test01\stm32duino_genericSTM32F103C\Release\core.a(timer.c.o)
                              D:\UserProfile\Temp\VMBCore\arduino16x\cba90235cfc1513c27939bafbcd9e40a\variant\boards.cpp.o (timer_foreach)
D:\UserProfile\Temp\VMBuilds\Test01\stm32duino_genericSTM32F103C\Release\core.a(usart_f1.c.o)
                              D:\UserProfile\Temp\VMBuilds\Test01\stm32duino_genericSTM32F103C\Release\core.a(vector_table.S.o) (__irq_usart1)
D:\UserProfile\Temp\VMBuilds\Test01\stm32duino_genericSTM32F103C\Release\core.a(usart_private.c.o)
                              D:\UserProfile\Temp\VMBuilds\Test01\stm32duino_genericSTM32F103C\Release\core.a(usart_f1.c.o) (_usart_clock_freq)
D:\UserProfile\Temp\VMBuilds\Test01\stm32duino_genericSTM32F103C\Release\core.a(util.c.o)
                              D:\UserProfile\Temp\VMBuilds\Test01\stm32duino_genericSTM32F103C\Release\core.a(exc.S.o) (__error)
D:\UserProfile\Temp\VMBuilds\Test01\stm32duino_genericSTM32F103C\Release\core.a(usb.c.o)
                              D:\UserProfile\Temp\VMBuilds\Test01\stm32duino_genericSTM32F103C\Release\core.a(vector_table.S.o) (__irq_usb_lp_can_rx0)
D:\UserProfile\Temp\VMBuilds\Test01\stm32duino_genericSTM32F103C\Release\core.a(usb_cdcacm.c.o)
                              D:\UserProfile\Temp\VMBuilds\Test01\stm32duino_genericSTM32F103C\Release\core.a(usb.c.o) (User_Standard_Requests)
D:\UserProfile\Temp\VMBuilds\Test01\stm32duino_genericSTM32F103C\Release\core.a(usb_reg_map.c.o)
                              D:\UserProfile\Temp\VMBuilds\Test01\stm32duino_genericSTM32F103C\Release\core.a(usb_cdcacm.c.o) (usb_set_ep_rx_count)
[...]
Memory Configuration

Name             Origin             Length             Attributes
ram              0x0000000020000000 0x0000000000005000 xrw
rom              0x0000000008000000 0x0000000000020000 xr
*default*        0x0000000000000000 0xffffffffffffffff

Linker script and memory map

LOAD c:/users/umar.hassan/appdata/local/arduino15/packages/arduino/tools/arm-none-eabi-gcc/4.8.3-2014q1/bin/../lib/gcc/arm-none-eabi/7.3.1/thumb/v7-m/crti.o
LOAD c:/users/umar.hassan/appdata/local/arduino15/packages/arduino/tools/arm-none-eabi-gcc/4.8.3-2014q1/bin/../lib/gcc/arm-none-eabi/7.3.1/thumb/v7-m/crtbegin.o
LOAD c:/users/umar.hassan/appdata/local/arduino15/packages/arduino/tools/arm-none-eabi-gcc/4.8.3-2014q1/bin/../lib/gcc/arm-none-eabi/7.3.1/../../../../arm-none-eabi/lib/thumb/v7-m/crt0.o
LOAD c:/users/umar.hassan/appdata/local/arduino15/packages/arduino/tools/arm-none-eabi-gcc/4.8.3-2014q1/bin/../lib/gcc/arm-none-eabi/7.3.1/thumb/v7-m\libgcc.a
START GROUP
LOAD Test01.cpp.o
LOAD D:\UserProfile\Temp\VMBCore\arduino16x\cba90235cfc1513c27939bafbcd9e40a\variant\board.cpp.o
LOAD D:\UserProfile\Temp\VMBCore\arduino16x\cba90235cfc1513c27939bafbcd9e40a\variant\boards.cpp.o
LOAD D:\UserProfile\Temp\VMBCore\arduino16x\cba90235cfc1513c27939bafbcd9e40a\variant\boards_setup.cpp.o
LOAD D:\UserProfile\Temp\VMBCore\arduino16x\cba90235cfc1513c27939bafbcd9e40a\variant\start.S.o
LOAD D:\UserProfile\Temp\VMBCore\arduino16x\cba90235cfc1513c27939bafbcd9e40a\variant\start_c.c.o
LOAD D:\UserProfile\Temp\VMBCore\arduino16x\cba90235cfc1513c27939bafbcd9e40a\variant\syscalls.c.o
LOAD D:\UserProfile\Temp\VMBuilds\Test01\stm32duino_genericSTM32F103C\Release\core.a
END GROUP
LOAD c:/users/umar.hassan/appdata/local/arduino15/packages/arduino/tools/arm-none-eabi-gcc/4.8.3-2014q1/bin/../lib/gcc/arm-none-eabi/7.3.1/../../../../arm-none-eabi/lib/thumb/v7-m\libstdc++_nano.a
LOAD c:/users/umar.hassan/appdata/local/arduino15/packages/arduino/tools/arm-none-eabi-gcc/4.8.3-2014q1/bin/../lib/gcc/arm-none-eabi/7.3.1/../../../../arm-none-eabi/lib/thumb/v7-m\libm.a
START GROUP
LOAD c:/users/umar.hassan/appdata/local/arduino15/packages/arduino/tools/arm-none-eabi-gcc/4.8.3-2014q1/bin/../lib/gcc/arm-none-eabi/7.3.1/thumb/v7-m\libgcc.a
LOAD c:/users/umar.hassan/appdata/local/arduino15/packages/arduino/tools/arm-none-eabi-gcc/4.8.3-2014q1/bin/../lib/gcc/arm-none-eabi/7.3.1/../../../../arm-none-eabi/lib/thumb/v7-m\libc_nano.a
END GROUP
START GROUP
LOAD c:/users/umar.hassan/appdata/local/arduino15/packages/arduino/tools/arm-none-eabi-gcc/4.8.3-2014q1/bin/../lib/gcc/arm-none-eabi/7.3.1/thumb/v7-m\libgcc.a
LOAD c:/users/umar.hassan/appdata/local/arduino15/packages/arduino/tools/arm-none-eabi-gcc/4.8.3-2014q1/bin/../lib/gcc/arm-none-eabi/7.3.1/../../../../arm-none-eabi/lib/thumb/v7-m\libc_nano.a
END GROUP
LOAD c:/users/umar.hassan/appdata/local/arduino15/packages/arduino/tools/arm-none-eabi-gcc/4.8.3-2014q1/bin/../lib/gcc/arm-none-eabi/7.3.1/thumb/v7-m/crtend.o
LOAD c:/users/umar.hassan/appdata/local/arduino15/packages/arduino/tools/arm-none-eabi-gcc/4.8.3-2014q1/bin/../lib/gcc/arm-none-eabi/7.3.1/thumb/v7-m/crtn.o
START GROUP
LOAD c:/users/umar.hassan/appdata/local/arduino15/packages/arduino/tools/arm-none-eabi-gcc/4.8.3-2014q1/bin/../lib/gcc/arm-none-eabi/7.3.1/thumb/v7-m\libgcc.a
LOAD c:/users/umar.hassan/appdata/local/arduino15/packages/arduino/tools/arm-none-eabi-gcc/4.8.3-2014q1/bin/../lib/gcc/arm-none-eabi/7.3.1/../../../../arm-none-eabi/lib/thumb/v7-m\libc.a
LOAD c:/users/umar.hassan/appdata/local/arduino15/packages/arduino/tools/arm-none-eabi-gcc/4.8.3-2014q1/bin/../lib/gcc/arm-none-eabi/7.3.1/../../../../arm-none-eabi/lib/thumb/v7-m\libm.a
END GROUP
START GROUP
LOAD c:/users/umar.hassan/appdata/local/arduino15/packages/arduino/tools/arm-none-eabi-gcc/4.8.3-2014q1/bin/../lib/gcc/arm-none-eabi/7.3.1/../../../../arm-none-eabi/lib/thumb/v7-m\libnosys.a
END GROUP
                0x0000000020005000                PROVIDE (__msp_init = (ORIGIN (ram) + LENGTH (ram)))
                0x00000000080003bc                PROVIDE (__exc_reset = __start__)

.text           0x0000000008000000     0x2a74
                0x0000000008000000                __text_start__ = .
 *(.stm32.interrupt_vector)
 .stm32.interrupt_vector
                0x0000000008000000       0xec D:\UserProfile\Temp\VMBuilds\Test01\stm32duino_genericSTM32F103C\Release\core.a(vector_table.S.o)
                0x0000000008000000                __stm32_vector_table
 *(.text .text.* .gnu.linkonce.t.*)
 .text          0x00000000080000ec       0x40 c:/users/umar.hassan/appdata/local/arduino15/packages/arduino/tools/arm-none-eabi-gcc/4.8.3-2014q1/bin/../lib/gcc/arm-none-eabi/7.3.1/thumb/v7-m/crtbegin.o
 .text._Z5setupv
                0x000000000800012c       0x34 Test01.cpp.o
                0x000000000800012c                setup()
 .text._Z4loopv
                0x0000000008000160       0x48 Test01.cpp.o
                0x0000000008000160                loop()
 .text.startup._GLOBAL__sub_I_Serials
                0x00000000080001a8        0xc Test01.cpp.o
 .text._Z9boardInitv
                0x00000000080001b4        0x2 D:\UserProfile\Temp\VMBCore\arduino16x\cba90235cfc1513c27939bafbcd9e40a\variant\board.cpp.o
                0x00000000080001b4                boardInit()
 *fill*         0x00000000080001b6        0x2 
 .text.startup._GLOBAL__sub_I__Z9boardInitv
                0x00000000080001b8       0x48 D:\UserProfile\Temp\VMBCore\arduino16x\cba90235cfc1513c27939bafbcd9e40a\variant\board.cpp.o
 .text._ZL18adc_default_configP7adc_dev
                0x0000000008000200       0x1c D:\UserProfile\Temp\VMBCore\arduino16x\cba90235cfc1513c27939bafbcd9e40a\variant\boards.cpp.o
 .text._ZL20timer_default_configP9timer_dev
                0x000000000800021c       0xa8 D:\UserProfile\Temp\VMBCore\arduino16x\cba90235cfc1513c27939bafbcd9e40a\variant\boards.cpp.o
 .text._Z4initv
                0x00000000080002c4       0xbc D:\UserProfile\Temp\VMBCore\arduino16x\cba90235cfc1513c27939bafbcd9e40a\variant\boards.cpp.o
                0x00000000080002c4                init()
 .text._ZN6wirish4priv15board_reset_pllEv
                0x0000000008000380        0x2 D:\UserProfile\Temp\VMBCore\arduino16x\cba90235cfc1513c27939bafbcd9e40a\variant\boards_setup.cpp.o
                0x0000000008000380                wirish::priv::board_reset_pll()
 .text._ZN6wirish4priv28board_setup_clock_prescalersEv
                0x0000000008000382       0x2e D:\UserProfile\Temp\VMBCore\arduino16x\cba90235cfc1513c27939bafbcd9e40a\variant\boards_setup.cpp.o
                0x0000000008000382                wirish::priv::board_setup_clock_prescalers()
 .text._ZN6wirish4priv16board_setup_gpioEv
                0x00000000080003b0        0x4 D:\UserProfile\Temp\VMBCore\arduino16x\cba90235cfc1513c27939bafbcd9e40a\variant\boards_setup.cpp.o
                0x00000000080003b0                wirish::priv::board_setup_gpio()
 .text._ZN6wirish4priv15board_setup_usbEv
                0x00000000080003b4        0x2 D:\UserProfile\Temp\VMBCore\arduino16x\cba90235cfc1513c27939bafbcd9e40a\variant\boards_setup.cpp.o
                0x00000000080003b4                wirish::priv::board_setup_usb()
 .text._ZN6wirish4priv11series_initEv
                0x00000000080003b6        0x4 D:\UserProfile\Temp\VMBCore\arduino16x\cba90235cfc1513c27939bafbcd9e40a\variant\boards_setup.cpp.o
                0x00000000080003b6                wirish::priv::series_init()
 *fill*         0x00000000080003ba        0x2 
 .text          0x00000000080003bc       0x10 D:\UserProfile\Temp\VMBCore\arduino16x\cba90235cfc1513c27939bafbcd9e40a\variant\start.S.o
                0x00000000080003bc                __start__
 .text.start_c  0x00000000080003cc       0x54 D:\UserProfile\Temp\VMBCore\arduino16x\cba90235cfc1513c27939bafbcd9e40a\variant\start_c.c.o
                0x00000000080003cc                start_c
 .text          0x0000000008000420       0x54 D:\UserProfile\Temp\VMBuilds\Test01\stm32duino_genericSTM32F103C\Release\core.a(exc.S.o)
                0x0000000008000420                __exc_nmi
                0x0000000008000424                __exc_hardfault
                0x0000000008000428                __exc_memmanage
                0x000000000800042c                __exc_busfault
                0x0000000008000430                __exc_usagefault
 .text          0x0000000008000474        0x2 D:\UserProfile\Temp\VMBuilds\Test01\stm32duino_genericSTM32F103C\Release\core.a(isrs.S.o)
                0x0000000008000474                __stm32reservedexception9
                0x0000000008000474                __exc_debug_monitor
                0x0000000008000474                __exc_svc
                0x0000000008000474                __irq_can_rx1
                0x0000000008000474                __irq_spi2
                0x0000000008000474                __irq_can_sce
                0x0000000008000474                __irq_pvd
                0x0000000008000474                __irq_tamper
                0x0000000008000474                __default_handler
                0x0000000008000474                __irq_wwdg
                0x0000000008000474                __stm32reservedexception10
                0x0000000008000474                __irq_flash
                0x0000000008000474                __stm32reservedexception13
                0x0000000008000474                __irq_rtc
                0x0000000008000474                __irq_spi1
                0x0000000008000474                __stm32reservedexception7
                0x0000000008000474                __irq_usb_hp_can_tx
                0x0000000008000474                __irq_rtcalarm
                0x0000000008000474                __stm32reservedexception8
                0x0000000008000474                __exc_pendsv
                0x0000000008000474                __irq_usbwakeup
                0x0000000008000474                __irq_rcc
 .text.adc_init
                0x0000000008000476       0x14 D:\UserProfile\Temp\VMBuilds\Test01\stm32duino_genericSTM32F103C\Release\core.a(adc.c.o)
                0x0000000008000476                adc_init
 .text.adc_set_extsel
                0x000000000800048a       0x12 D:\UserProfile\Temp\VMBuilds\Test01\stm32duino_genericSTM32F103C\Release\core.a(adc.c.o)
                0x000000000800048a                adc_set_extsel
 .text.adc_set_sample_rate
                0x000000000800049c       0x2a D:\UserProfile\Temp\VMBuilds\Test01\stm32duino_genericSTM32F103C\Release\core.a(adc.c.o)
                0x000000000800049c                adc_set_sample_rate
 *fill*         0x00000000080004c6        0x2 
 .text.__irq_adc
                0x00000000080004c8       0x54 D:\UserProfile\Temp\VMBuilds\Test01\stm32duino_genericSTM32F103C\Release\core.a(adc_f1.c.o)
                0x00000000080004c8                __irq_adc
 .text.adc_calibrate
                0x000000000800051c       0x24 D:\UserProfile\Temp\VMBuilds\Test01\stm32duino_genericSTM32F103C\Release\core.a(adc_f1.c.o)
                0x000000000800051c                adc_calibrate
 .text.adc_set_prescaler
                0x0000000008000540        0x8 D:\UserProfile\Temp\VMBuilds\Test01\stm32duino_genericSTM32F103C\Release\core.a(adc_f1.c.o)
                0x0000000008000540                adc_set_prescaler
 .text.adc_foreach
                0x0000000008000548       0x20 D:\UserProfile\Temp\VMBuilds\Test01\stm32duino_genericSTM32F103C\Release\core.a(adc_f1.c.o)
                0x0000000008000548                adc_foreach
 .text.adc_enable_single_swstart
                0x0000000008000568       0x36 D:\UserProfile\Temp\VMBuilds\Test01\stm32duino_genericSTM32F103C\Release\core.a(adc_f1.c.o)
                0x0000000008000568                adc_enable_single_swstart
 .text.dma_irq_handler
                0x000000000800059e       0x1a D:\UserProfile\Temp\VMBuilds\Test01\stm32duino_genericSTM32F103C\Release\core.a(dma_f1.c.o)
 .text.__irq_dma1_channel1
                0x00000000080005b8       0x10 D:\UserProfile\Temp\VMBuilds\Test01\stm32duino_genericSTM32F103C\Release\core.a(dma_f1.c.o)
                0x00000000080005b8                __irq_dma1_channel1
 .text.__irq_dma1_channel2
                0x00000000080005c8       0x10 D:\UserProfile\Temp\VMBuilds\Test01\stm32duino_genericSTM32F103C\Release\core.a(dma_f1.c.o)
                0x00000000080005c8                __irq_dma1_channel2
 .text.__irq_dma1_channel3
                0x00000000080005d8       0x10 D:\UserProfile\Temp\VMBuilds\Test01\stm32duino_genericSTM32F103C\Release\core.a(dma_f1.c.o)
                0x00000000080005d8                __irq_dma1_channel3
 .text.__irq_dma1_channel4
                0x00000000080005e8       0x10 D:\UserProfile\Temp\VMBuilds\Test01\stm32duino_genericSTM32F103C\Release\core.a(dma_f1.c.o)
                0x00000000080005e8                __irq_dma1_channel4
 .text.__irq_dma1_channel5
                0x00000000080005f8       0x10 D:\UserProfile\Temp\VMBuilds\Test01\stm32duino_genericSTM32F103C\Release\core.a(dma_f1.c.o)
                0x00000000080005f8                __irq_dma1_channel5
 .text.__irq_dma1_channel6
                0x0000000008000608       0x10 D:\UserProfile\Temp\VMBuilds\Test01\stm32duino_genericSTM32F103C\Release\core.a(dma_f1.c.o)
                0x0000000008000608                __irq_dma1_channel6
 .text.__irq_dma1_channel7
                0x0000000008000618       0x10 D:\UserProfile\Temp\VMBuilds\Test01\stm32duino_genericSTM32F103C\Release\core.a(dma_f1.c.o)
                0x0000000008000618                __irq_dma1_channel7
 .text.dispatch_single_exti
                0x0000000008000628       0x2c D:\UserProfile\Temp\VMBuilds\Test01\stm32duino_genericSTM32F103C\Release\core.a(exti.c.o)
                0x0000000008000628                dispatch_single_exti
 .text.dispatch_extis
                0x0000000008000654       0x4c D:\UserProfile\Temp\VMBuilds\Test01\stm32duino_genericSTM32F103C\Release\core.a(exti.c.o)
                0x0000000008000654                dispatch_extis
 .text.__irq_exti0
                0x00000000080006a0        0x6 D:\UserProfile\Temp\VMBuilds\Test01\stm32duino_genericSTM32F103C\Release\core.a(exti.c.o)
                0x00000000080006a0                __irq_exti0
 .text.__irq_exti1
                0x00000000080006a6        0x6 D:\UserProfile\Temp\VMBuilds\Test01\stm32duino_genericSTM32F103C\Release\core.a(exti.c.o)
                0x00000000080006a6                __irq_exti1
 .text.__irq_exti2
                0x00000000080006ac        0x6 D:\UserProfile\Temp\VMBuilds\Test01\stm32duino_genericSTM32F103C\Release\core.a(exti.c.o)
                0x00000000080006ac                __irq_exti2
 .text.__irq_exti3
                0x00000000080006b2        0x6 D:\UserProfile\Temp\VMBuilds\Test01\stm32duino_genericSTM32F103C\Release\core.a(exti.c.o)
                0x00000000080006b2                __irq_exti3
 .text.__irq_exti4
                0x00000000080006b8        0x6 D:\UserProfile\Temp\VMBuilds\Test01\stm32duino_genericSTM32F103C\Release\core.a(exti.c.o)
                0x00000000080006b8                __irq_exti4
 .text.__irq_exti9_5
                0x00000000080006be        0x8 D:\UserProfile\Temp\VMBuilds\Test01\stm32duino_genericSTM32F103C\Release\core.a(exti.c.o)
                0x00000000080006be                __irq_exti9_5
 .text.__irq_exti15_10
                0x00000000080006c6        0x8 D:\UserProfile\Temp\VMBuilds\Test01\stm32duino_genericSTM32F103C\Release\core.a(exti.c.o)
                0x00000000080006c6                __irq_exti15_10
 *fill*         0x00000000080006ce        0x2 
 .text.flash_set_latency
                0x00000000080006d0       0x14 D:\UserProfile\Temp\VMBuilds\Test01\stm32duino_genericSTM32F103C\Release\core.a(flash.c.o)
                0x00000000080006d0                flash_set_latency
 .text.gpio_init_all
                0x00000000080006e4       0x30 D:\UserProfile\Temp\VMBuilds\Test01\stm32duino_genericSTM32F103C\Release\core.a(gpio_f1.c.o)
                0x00000000080006e4                gpio_init_all
 .text.gpio_set_mode
                0x0000000008000714       0x4e D:\UserProfile\Temp\VMBuilds\Test01\stm32duino_genericSTM32F103C\Release\core.a(gpio_f1.c.o)
                0x0000000008000714                gpio_set_mode
 .text.afio_init
                0x0000000008000762       0x12 D:\UserProfile\Temp\VMBuilds\Test01\stm32duino_genericSTM32F103C\Release\core.a(gpio_f1.c.o)
                0x0000000008000762                afio_init
 .text.__irq_i2c1_ev
                0x0000000008000774        0xc D:\UserProfile\Temp\VMBuilds\Test01\stm32duino_genericSTM32F103C\Release\core.a(i2c_f1.c.o)
                0x0000000008000774                __irq_i2c1_ev
 .text.__irq_i2c2_ev
                0x0000000008000780        0xc D:\UserProfile\Temp\VMBuilds\Test01\stm32duino_genericSTM32F103C\Release\core.a(i2c_f1.c.o)
                0x0000000008000780                __irq_i2c2_ev
 .text.__irq_i2c1_er
                0x000000000800078c        0xc D:\UserProfile\Temp\VMBuilds\Test01\stm32duino_genericSTM32F103C\Release\core.a(i2c_f1.c.o)
                0x000000000800078c                __irq_i2c1_er
 .text.__irq_i2c2_er
                0x0000000008000798        0xc D:\UserProfile\Temp\VMBuilds\Test01\stm32duino_genericSTM32F103C\Release\core.a(i2c_f1.c.o)
                0x0000000008000798                __irq_i2c2_er
 .text.nvic_irq_set_priority
                0x00000000080007a4       0x28 D:\UserProfile\Temp\VMBuilds\Test01\stm32duino_genericSTM32F103C\Release\core.a(nvic.c.o)
                0x00000000080007a4                nvic_irq_set_priority
 .text.nvic_init
                0x00000000080007cc       0x2c D:\UserProfile\Temp\VMBuilds\Test01\stm32duino_genericSTM32F103C\Release\core.a(nvic.c.o)
                0x00000000080007cc                nvic_init
 .text.rcc_dev_clk
                0x00000000080007f8        0xc D:\UserProfile\Temp\VMBuilds\Test01\stm32duino_genericSTM32F103C\Release\core.a(rcc.c.o)
                0x00000000080007f8                rcc_dev_clk
 .text.rcc_switch_sysclk
                0x0000000008000804       0x20 D:\UserProfile\Temp\VMBuilds\Test01\stm32duino_genericSTM32F103C\Release\core.a(rcc.c.o)
                0x0000000008000804                rcc_switch_sysclk
 .text.rcc_turn_on_clk
                0x0000000008000824       0x18 D:\UserProfile\Temp\VMBuilds\Test01\stm32duino_genericSTM32F103C\Release\core.a(rcc.c.o)
                0x0000000008000824                rcc_turn_on_clk
 .text.rcc_turn_off_clk
                0x000000000800083c       0x1c D:\UserProfile\Temp\VMBuilds\Test01\stm32duino_genericSTM32F103C\Release\core.a(rcc.c.o)
                0x000000000800083c                rcc_turn_off_clk
 .text.rcc_is_clk_ready
                0x0000000008000858       0x18 D:\UserProfile\Temp\VMBuilds\Test01\stm32duino_genericSTM32F103C\Release\core.a(rcc.c.o)
                0x0000000008000858                rcc_is_clk_ready
 .text.rcc_configure_pll
                0x0000000008000870       0x1c D:\UserProfile\Temp\VMBuilds\Test01\stm32duino_genericSTM32F103C\Release\core.a(rcc_f1.c.o)
                0x0000000008000870                rcc_configure_pll
 .text.rcc_clk_enable
                0x000000000800088c       0x30 D:\UserProfile\Temp\VMBuilds\Test01\stm32duino_genericSTM32F103C\Release\core.a(rcc_f1.c.o)
                0x000000000800088c                rcc_clk_enable
 .text.rcc_reset_dev
                0x00000000080008bc       0x34 D:\UserProfile\Temp\VMBuilds\Test01\stm32duino_genericSTM32F103C\Release\core.a(rcc_f1.c.o)
                0x00000000080008bc                rcc_reset_dev
 .text.rcc_set_prescaler
                0x00000000080008f0       0x20 D:\UserProfile\Temp\VMBuilds\Test01\stm32duino_genericSTM32F103C\Release\core.a(rcc_f1.c.o)
                0x00000000080008f0                rcc_set_prescaler
 .text.rcc_clk_disable
                0x0000000008000910       0x30 D:\UserProfile\Temp\VMBuilds\Test01\stm32duino_genericSTM32F103C\Release\core.a(rcc_f1.c.o)
                0x0000000008000910                rcc_clk_disable
 .text.systick_init
                0x0000000008000940       0x10 D:\UserProfile\Temp\VMBuilds\Test01\stm32duino_genericSTM32F103C\Release\core.a(systick.c.o)
                0x0000000008000940                systick_init
 .text.__exc_systick
                0x0000000008000950       0x1c D:\UserProfile\Temp\VMBuilds\Test01\stm32duino_genericSTM32F103C\Release\core.a(systick.c.o)
                0x0000000008000950                __exc_systick
 .text.timer_oc_set_mode
                0x000000000800096c       0x32 D:\UserProfile\Temp\VMBuilds\Test01\stm32duino_genericSTM32F103C\Release\core.a(timer.c.o)
 .text.dispatch_general
                0x000000000800099e       0x66 D:\UserProfile\Temp\VMBuilds\Test01\stm32duino_genericSTM32F103C\Release\core.a(timer.c.o)
 .text.timer_cc_enable
                0x0000000008000a04       0x1c D:\UserProfile\Temp\VMBuilds\Test01\stm32duino_genericSTM32F103C\Release\core.a(timer.c.o)
 .text.timer_foreach
                0x0000000008000a20       0x2c D:\UserProfile\Temp\VMBuilds\Test01\stm32duino_genericSTM32F103C\Release\core.a(timer.c.o)
                0x0000000008000a20                timer_foreach
 .text.timer_init
                0x0000000008000a4c       0x14 D:\UserProfile\Temp\VMBuilds\Test01\stm32duino_genericSTM32F103C\Release\core.a(timer.c.o)
                0x0000000008000a4c                timer_init
 .text.timer_has_cc_channel
                0x0000000008000a60       0x30 D:\UserProfile\Temp\VMBuilds\Test01\stm32duino_genericSTM32F103C\Release\core.a(timer.c.o)
                0x0000000008000a60                timer_has_cc_channel
 .text.timer_detach_interrupt
                0x0000000008000a90       0x1e D:\UserProfile\Temp\VMBuilds\Test01\stm32duino_genericSTM32F103C\Release\core.a(timer.c.o)
                0x0000000008000a90                timer_detach_interrupt
 .text.input_capture_mode
                0x0000000008000aae       0x1a D:\UserProfile\Temp\VMBuilds\Test01\stm32duino_genericSTM32F103C\Release\core.a(timer.c.o)
                0x0000000008000aae                input_capture_mode
 .text.timer_set_mode
                0x0000000008000ac8       0x8e D:\UserProfile\Temp\VMBuilds\Test01\stm32duino_genericSTM32F103C\Release\core.a(timer.c.o)
                0x0000000008000ac8                timer_set_mode
 *fill*         0x0000000008000b56        0x2 
 .text.__irq_tim1_brk
                0x0000000008000b58       0x24 D:\UserProfile\Temp\VMBuilds\Test01\stm32duino_genericSTM32F103C\Release\core.a(timer.c.o)
                0x0000000008000b58                __irq_tim1_brk
 .text.__irq_tim1_up
                0x0000000008000b7c       0x24 D:\UserProfile\Temp\VMBuilds\Test01\stm32duino_genericSTM32F103C\Release\core.a(timer.c.o)
                0x0000000008000b7c                __irq_tim1_up
 .text.__irq_tim1_trg_com
                0x0000000008000ba0       0x34 D:\UserProfile\Temp\VMBuilds\Test01\stm32duino_genericSTM32F103C\Release\core.a(timer.c.o)
                0x0000000008000ba0                __irq_tim1_trg_com
 .text.__irq_tim1_cc
                0x0000000008000bd4       0x50 D:\UserProfile\Temp\VMBuilds\Test01\stm32duino_genericSTM32F103C\Release\core.a(timer.c.o)
                0x0000000008000bd4                __irq_tim1_cc
 .text.__irq_tim2
                0x0000000008000c24        0xc D:\UserProfile\Temp\VMBuilds\Test01\stm32duino_genericSTM32F103C\Release\core.a(timer.c.o)
                0x0000000008000c24                __irq_tim2
 .text.__irq_tim3
                0x0000000008000c30        0xc D:\UserProfile\Temp\VMBuilds\Test01\stm32duino_genericSTM32F103C\Release\core.a(timer.c.o)
                0x0000000008000c30                __irq_tim3
 .text.__irq_tim4
                0x0000000008000c3c        0xc D:\UserProfile\Temp\VMBuilds\Test01\stm32duino_genericSTM32F103C\Release\core.a(timer.c.o)
                0x0000000008000c3c                __irq_tim4
 .text.usart_irq
                0x0000000008000c48       0xb4 D:\UserProfile\Temp\VMBuilds\Test01\stm32duino_genericSTM32F103C\Release\core.a(usart_f1.c.o)
 .text.usart_config_gpios_async
                0x0000000008000cfc       0x4a D:\UserProfile\Temp\VMBuilds\Test01\stm32duino_genericSTM32F103C\Release\core.a(usart_f1.c.o)
                0x0000000008000cfc                usart_config_gpios_async
 .text.usart_set_baud_rate
                0x0000000008000d46       0x3a D:\UserProfile\Temp\VMBuilds\Test01\stm32duino_genericSTM32F103C\Release\core.a(usart_f1.c.o)
                0x0000000008000d46                usart_set_baud_rate
 .text.__irq_usart1
                0x0000000008000d80       0x18 D:\UserProfile\Temp\VMBuilds\Test01\stm32duino_genericSTM32F103C\Release\core.a(usart_f1.c.o)
                0x0000000008000d80                __irq_usart1
 .text.__irq_usart2
                0x0000000008000d98       0x18 D:\UserProfile\Temp\VMBuilds\Test01\stm32duino_genericSTM32F103C\Release\core.a(usart_f1.c.o)
                0x0000000008000d98                __irq_usart2
 .text.__irq_usart3
                0x0000000008000db0       0x18 D:\UserProfile\Temp\VMBuilds\Test01\stm32duino_genericSTM32F103C\Release\core.a(usart_f1.c.o)
                0x0000000008000db0                __irq_usart3
 .text._usart_clock_freq
                0x0000000008000dc8       0x24 D:\UserProfile\Temp\VMBuilds\Test01\stm32duino_genericSTM32F103C\Release\core.a(usart_private.c.o)
                0x0000000008000dc8                _usart_clock_freq
 .text.throb    0x0000000008000dec       0x58 D:\UserProfile\Temp\VMBuilds\Test01\stm32duino_genericSTM32F103C\Release\core.a(util.c.o)
                0x0000000008000dec                throb
 .text.__error  0x0000000008000e44       0x14 D:\UserProfile\Temp\VMBuilds\Test01\stm32duino_genericSTM32F103C\Release\core.a(util.c.o)
                0x0000000008000e44                __error
 .text.set_rx_tx_status0
                0x0000000008000e58       0x30 D:\UserProfile\Temp\VMBuilds\Test01\stm32duino_genericSTM32F103C\Release\core.a(usb.c.o)
 .text.usb_resume
                0x0000000008000e88       0xb0 D:\UserProfile\Temp\VMBuilds\Test01\stm32duino_genericSTM32F103C\Release\core.a(usb.c.o)
 .text.usb_init_usblib
                0x0000000008000f38       0x48 D:\UserProfile\Temp\VMBuilds\Test01\stm32duino_genericSTM32F103C\Release\core.a(usb.c.o)
                0x0000000008000f38                usb_init_usblib
 .text.__irq_usb_lp_can_rx0
                0x0000000008000f80      0x18c D:\UserProfile\Temp\VMBuilds\Test01\stm32duino_genericSTM32F103C\Release\core.a(usb.c.o)
                0x0000000008000f80                __irq_usb_lp_can_rx0
 .text.usb_set_ep_rx_stat
                0x000000000800110c       0x22 D:\UserProfile\Temp\VMBuilds\Test01\stm32duino_genericSTM32F103C\Release\core.a(usb_cdcacm.c.o)
 *fill*         0x000000000800112e        0x2 
 .text.vcomGetSetLineCoding
                0x0000000008001130       0x18 D:\UserProfile\Temp\VMBuilds\Test01\stm32duino_genericSTM32F103C\Release\core.a(usb_cdcacm.c.o)
 .text.usbInit  0x0000000008001148       0x44 D:\UserProfile\Temp\VMBuilds\Test01\stm32duino_genericSTM32F103C\Release\core.a(usb_cdcacm.c.o)
 .text.usbNoDataSetup
                0x000000000800118c       0x50 D:\UserProfile\Temp\VMBuilds\Test01\stm32duino_genericSTM32F103C\Release\core.a(usb_cdcacm.c.o)
 .text.usbGetInterfaceSetting
                0x00000000080011dc       0x10 D:\UserProfile\Temp\VMBuilds\Test01\stm32duino_genericSTM32F103C\Release\core.a(usb_cdcacm.c.o)
 .text.usbSetConfiguration
                0x00000000080011ec       0x1c D:\UserProfile\Temp\VMBuilds\Test01\stm32duino_genericSTM32F103C\Release\core.a(usb_cdcacm.c.o)
 .text.usbSetDeviceAddress
                0x0000000008001208       0x10 D:\UserProfile\Temp\VMBuilds\Test01\stm32duino_genericSTM32F103C\Release\core.a(usb_cdcacm.c.o)
 .text.usbGetStringDescriptor
                0x0000000008001218       0x20 D:\UserProfile\Temp\VMBuilds\Test01\stm32duino_genericSTM32F103C\Release\core.a(usb_cdcacm.c.o)
 .text.usbGetConfigDescriptor
                0x0000000008001238        0xc D:\UserProfile\Temp\VMBuilds\Test01\stm32duino_genericSTM32F103C\Release\core.a(usb_cdcacm.c.o)
 .text.usbGetDeviceDescriptor
                0x0000000008001244        0xc D:\UserProfile\Temp\VMBuilds\Test01\stm32duino_genericSTM32F103C\Release\core.a(usb_cdcacm.c.o)
 .text.usbDataSetup
                0x0000000008001250       0x54 D:\UserProfile\Temp\VMBuilds\Test01\stm32duino_genericSTM32F103C\Release\core.a(usb_cdcacm.c.o)
 .text.vcomDataRxCb
                0x00000000080012a4       0x8c D:\UserProfile\Temp\VMBuilds\Test01\stm32duino_genericSTM32F103C\Release\core.a(usb_cdcacm.c.o)
 .text.vcomDataTxCb
                0x0000000008001330       0xa0 D:\UserProfile\Temp\VMBuilds\Test01\stm32duino_genericSTM32F103C\Release\core.a(usb_cdcacm.c.o)
 .text.usb_cdcacm_tx.part.2
                0x00000000080013d0       0x54 D:\UserProfile\Temp\VMBuilds\Test01\stm32duino_genericSTM32F103C\Release\core.a(usb_cdcacm.c.o)
 .text.usbReset
                0x0000000008001424      0x15c D:\UserProfile\Temp\VMBuilds\Test01\stm32duino_genericSTM32F103C\Release\core.a(usb_cdcacm.c.o)
 .text.usb_cdcacm_set_hooks
                0x0000000008001580       0x1c D:\UserProfile\Temp\VMBuilds\Test01\stm32duino_genericSTM32F103C\Release\core.a(usb_cdcacm.c.o)
                0x0000000008001580                usb_cdcacm_set_hooks
 .text.usb_cdcacm_enable
                0x000000000800159c       0x34 D:\UserProfile\Temp\VMBuilds\Test01\stm32duino_genericSTM32F103C\Release\core.a(usb_cdcacm.c.o)
                0x000000000800159c                usb_cdcacm_enable
 .text.usb_cdcacm_tx
                0x00000000080015d0        0xa D:\UserProfile\Temp\VMBuilds\Test01\stm32duino_genericSTM32F103C\Release\core.a(usb_cdcacm.c.o)
                0x00000000080015d0                usb_cdcacm_tx
 *fill*         0x00000000080015da        0x2 
 .text.usb_cdcacm_data_available
                0x00000000080015dc       0x18 D:\UserProfile\Temp\VMBuilds\Test01\stm32duino_genericSTM32F103C\Release\core.a(usb_cdcacm.c.o)
                0x00000000080015dc                usb_cdcacm_data_available
 .text.usb_cdcacm_peek
                0x00000000080015f4       0x38 D:\UserProfile\Temp\VMBuilds\Test01\stm32duino_genericSTM32F103C\Release\core.a(usb_cdcacm.c.o)
                0x00000000080015f4                usb_cdcacm_peek
 .text.usb_cdcacm_rx
                0x000000000800162c       0x34 D:\UserProfile\Temp\VMBuilds\Test01\stm32duino_genericSTM32F103C\Release\core.a(usb_cdcacm.c.o)
                0x000000000800162c                usb_cdcacm_rx
 .text.usb_cdcacm_peek_ex
                0x0000000008001660       0x3c D:\UserProfile\Temp\VMBuilds\Test01\stm32duino_genericSTM32F103C\Release\core.a(usb_cdcacm.c.o)
                0x0000000008001660                usb_cdcacm_peek_ex
 .text.usb_set_ep_rx_count
                0x000000000800169c       0x44 D:\UserProfile\Temp\VMBuilds\Test01\stm32duino_genericSTM32F103C\Release\core.a(usb_reg_map.c.o)
                0x000000000800169c                usb_set_ep_rx_count
 .text.Standard_GetConfiguration
                0x00000000080016e0       0x24 D:\UserProfile\Temp\VMBuilds\Test01\stm32duino_genericSTM32F103C\Release\core.a(usb_core.c.o)
                0x00000000080016e0                Standard_GetConfiguration
 .text.Standard_GetInterface
                0x0000000008001704       0x24 D:\UserProfile\Temp\VMBuilds\Test01\stm32duino_genericSTM32F103C\Release\core.a(usb_core.c.o)
                0x0000000008001704                Standard_GetInterface
 .text.Standard_GetStatus
                0x0000000008001728       0x88 D:\UserProfile\Temp\VMBuilds\Test01\stm32duino_genericSTM32F103C\Release\core.a(usb_core.c.o)
                0x0000000008001728                Standard_GetStatus
 .text.DataStageIn
                0x00000000080017b0       0xac D:\UserProfile\Temp\VMBuilds\Test01\stm32duino_genericSTM32F103C\Release\core.a(usb_core.c.o)
 .text.Standard_SetConfiguration
                0x000000000800185c       0x38 D:\UserProfile\Temp\VMBuilds\Test01\stm32duino_genericSTM32F103C\Release\core.a(usb_core.c.o)
                0x000000000800185c                Standard_SetConfiguration
 .text.Standard_SetInterface
                0x0000000008001894       0x4c D:\UserProfile\Temp\VMBuilds\Test01\stm32duino_genericSTM32F103C\Release\core.a(usb_core.c.o)
                0x0000000008001894                Standard_SetInterface
 .text.Standard_ClearFeature
                0x00000000080018e0       0xc4 D:\UserProfile\Temp\VMBuilds\Test01\stm32duino_genericSTM32F103C\Release\core.a(usb_core.c.o)
                0x00000000080018e0                Standard_ClearFeature
 .text.Standard_SetEndPointFeature
                0x00000000080019a4       0x7c D:\UserProfile\Temp\VMBuilds\Test01\stm32duino_genericSTM32F103C\Release\core.a(usb_core.c.o)
                0x00000000080019a4                Standard_SetEndPointFeature
 .text.Standard_SetDeviceFeature
                0x0000000008001a20       0x24 D:\UserProfile\Temp\VMBuilds\Test01\stm32duino_genericSTM32F103C\Release\core.a(usb_core.c.o)
                0x0000000008001a20                Standard_SetDeviceFeature
 .text.Standard_GetDescriptorData
                0x0000000008001a44       0x1c D:\UserProfile\Temp\VMBuilds\Test01\stm32duino_genericSTM32F103C\Release\core.a(usb_core.c.o)
                0x0000000008001a44                Standard_GetDescriptorData
 .text.Post0_Process
                0x0000000008001a60       0x40 D:\UserProfile\Temp\VMBuilds\Test01\stm32duino_genericSTM32F103C\Release\core.a(usb_core.c.o)
                0x0000000008001a60                Post0_Process
 .text.Setup0_Process
                0x0000000008001aa0      0x2b8 D:\UserProfile\Temp\VMBuilds\Test01\stm32duino_genericSTM32F103C\Release\core.a(usb_core.c.o)
                0x0000000008001aa0                Setup0_Process
 .text.Out0_Process
                0x0000000008001d58       0xc0 D:\UserProfile\Temp\VMBuilds\Test01\stm32duino_genericSTM32F103C\Release\core.a(usb_core.c.o)
                0x0000000008001d58                Out0_Process
 .text.SetDeviceAddress
                0x0000000008001e18       0x38 D:\UserProfile\Temp\VMBuilds\Test01\stm32duino_genericSTM32F103C\Release\core.a(usb_core.c.o)
                0x0000000008001e18                SetDeviceAddress
 .text.In0_Process
                0x0000000008001e50       0x5c D:\UserProfile\Temp\VMBuilds\Test01\stm32duino_genericSTM32F103C\Release\core.a(usb_core.c.o)
                0x0000000008001e50                In0_Process
 .text.NOP_Process
                0x0000000008001eac        0x2 D:\UserProfile\Temp\VMBuilds\Test01\stm32duino_genericSTM32F103C\Release\core.a(usb_core.c.o)
                0x0000000008001eac                NOP_Process
 .text.UserToPMABufferCopy
                0x0000000008001eae       0x1e D:\UserProfile\Temp\VMBuilds\Test01\stm32duino_genericSTM32F103C\Release\core.a(usb_mem.c.o)
                0x0000000008001eae                UserToPMABufferCopy
 .text.PMAToUserBufferCopy
                0x0000000008001ecc       0x32 D:\UserProfile\Temp\VMBuilds\Test01\stm32duino_genericSTM32F103C\Release\core.a(usb_mem.c.o)
                0x0000000008001ecc                PMAToUserBufferCopy
 .text.SetEPTxStatus
                0x0000000008001efe       0x2a D:\UserProfile\Temp\VMBuilds\Test01\stm32duino_genericSTM32F103C\Release\core.a(usb_regs.c.o)
                0x0000000008001efe                SetEPTxStatus
 .text.ClearDTOG_RX
                0x0000000008001f28       0x26 D:\UserProfile\Temp\VMBuilds\Test01\stm32duino_genericSTM32F103C\Release\core.a(usb_regs.c.o)
                0x0000000008001f28                ClearDTOG_RX
 .text.ClearDTOG_TX
                0x0000000008001f4e       0x26 D:\UserProfile\Temp\VMBuilds\Test01\stm32duino_genericSTM32F103C\Release\core.a(usb_regs.c.o)
                0x0000000008001f4e                ClearDTOG_TX
 .text.GetEPTxAddr
                0x0000000008001f74       0x1c D:\UserProfile\Temp\VMBuilds\Test01\stm32duino_genericSTM32F103C\Release\core.a(usb_regs.c.o)
                0x0000000008001f74                GetEPTxAddr
 .text.GetEPRxAddr
                0x0000000008001f90       0x1c D:\UserProfile\Temp\VMBuilds\Test01\stm32duino_genericSTM32F103C\Release\core.a(usb_regs.c.o)
                0x0000000008001f90                GetEPRxAddr
 .text.SetEPTxCount
                0x0000000008001fac       0x1c D:\UserProfile\Temp\VMBuilds\Test01\stm32duino_genericSTM32F103C\Release\core.a(usb_regs.c.o)
                0x0000000008001fac                SetEPTxCount
 .text.SetEPRxCount
                0x0000000008001fc8       0x40 D:\UserProfile\Temp\VMBuilds\Test01\stm32duino_genericSTM32F103C\Release\core.a(usb_regs.c.o)
                0x0000000008001fc8                SetEPRxCount
 .text.rb_full_count
                0x0000000008002008       0x18 D:\UserProfile\Temp\VMBuilds\Test01\stm32duino_genericSTM32F103C\Release\core.a(HardwareSerial.cpp.o)
 .text._ZN14HardwareSerial4readEv
                0x0000000008002020       0x38 D:\UserProfile\Temp\VMBuilds\Test01\stm32duino_genericSTM32F103C\Release\core.a(HardwareSerial.cpp.o)
                0x0000000008002020                HardwareSerial::read()
 .text._ZN14HardwareSerial9availableEv
                0x0000000008002058        0xc D:\UserProfile\Temp\VMBuilds\Test01\stm32duino_genericSTM32F103C\Release\core.a(HardwareSerial.cpp.o)
                0x0000000008002058                HardwareSerial::available()
 .text._ZN14HardwareSerial4peekEv
                0x0000000008002064       0x20 D:\UserProfile\Temp\VMBuilds\Test01\stm32duino_genericSTM32F103C\Release\core.a(HardwareSerial.cpp.o)
                0x0000000008002064                HardwareSerial::peek()
 .text._ZN14HardwareSerial5flushEv
                0x0000000008002084       0x18 D:\UserProfile\Temp\VMBuilds\Test01\stm32duino_genericSTM32F103C\Release\core.a(HardwareSerial.cpp.o)
                0x0000000008002084                HardwareSerial::flush()
 .text._ZN14HardwareSerial5writeEh
                0x000000000800209c       0x1e D:\UserProfile\Temp\VMBuilds\Test01\stm32duino_genericSTM32F103C\Release\core.a(HardwareSerial.cpp.o)
                0x000000000800209c                HardwareSerial::write(unsigned char)
 *fill*         0x00000000080020ba        0x2 
 .text._ZN14HardwareSerialC2EP9usart_devhh
                0x00000000080020bc       0x20 D:\UserProfile\Temp\VMBuilds\Test01\stm32duino_genericSTM32F103C\Release\core.a(HardwareSerial.cpp.o)
                0x00000000080020bc                HardwareSerial::HardwareSerial(usart_dev*, unsigned char, unsigned char)
                0x00000000080020bc                HardwareSerial::HardwareSerial(usart_dev*, unsigned char, unsigned char)
 .text._ZN14HardwareSerial5beginEmh
                0x00000000080020dc       0x68 D:\UserProfile\Temp\VMBuilds\Test01\stm32duino_genericSTM32F103C\Release\core.a(HardwareSerial.cpp.o)
                0x00000000080020dc                HardwareSerial::begin(unsigned long, unsigned char)
 .text._ZN14HardwareSerial5beginEm
                0x0000000008002144        0x6 D:\UserProfile\Temp\VMBuilds\Test01\stm32duino_genericSTM32F103C\Release\core.a(HardwareSerial.cpp.o)
                0x0000000008002144                HardwareSerial::begin(unsigned long)
 .text.startup._Z7premainv
                0x000000000800214a        0x4 D:\UserProfile\Temp\VMBuilds\Test01\stm32duino_genericSTM32F103C\Release\core.a(main.cpp.o)
                0x000000000800214a                premain()
 .text.startup.main
                0x000000000800214e        0xc D:\UserProfile\Temp\VMBuilds\Test01\stm32duino_genericSTM32F103C\Release\core.a(main.cpp.o)
                0x000000000800214e                main
 .text._ZN5Print5writeEPKvm
                0x000000000800215a       0x20 D:\UserProfile\Temp\VMBuilds\Test01\stm32duino_genericSTM32F103C\Release\core.a(Print.cpp.o)
                0x000000000800215a                Print::write(void const*, unsigned long)
 .text._ZN5Print5writeEPKc
                0x000000000800217a       0x20 D:\UserProfile\Temp\VMBuilds\Test01\stm32duino_genericSTM32F103C\Release\core.a(Print.cpp.o)
                0x000000000800217a                Print::write(char const*)
 .text._ZN5Print5printEc
                0x000000000800219a        0x6 D:\UserProfile\Temp\VMBuilds\Test01\stm32duino_genericSTM32F103C\Release\core.a(Print.cpp.o)
                0x000000000800219a                Print::print(char)
 .text._ZN5Print5printEPKc
                0x00000000080021a0        0x6 D:\UserProfile\Temp\VMBuilds\Test01\stm32duino_genericSTM32F103C\Release\core.a(Print.cpp.o)
                0x00000000080021a0                Print::print(char const*)
 .text._ZN5Print7printlnEv
                0x00000000080021a6       0x18 D:\UserProfile\Temp\VMBuilds\Test01\stm32duino_genericSTM32F103C\Release\core.a(Print.cpp.o)
                0x00000000080021a6                Print::println()
 .text._ZN5Print7printlnEPKc
                0x00000000080021be       0x14 D:\UserProfile\Temp\VMBuilds\Test01\stm32duino_genericSTM32F103C\Release\core.a(Print.cpp.o)
                0x00000000080021be                Print::println(char const*)
 .text._ZL14ifaceSetupHookjPv
                0x00000000080021d2        0x2 D:\UserProfile\Temp\VMBuilds\Test01\stm32duino_genericSTM32F103C\Release\core.a(usb_serial.cpp.o)
 .text._ZN9USBSerial9availableEv
                0x00000000080021d4        0x4 D:\UserProfile\Temp\VMBuilds\Test01\stm32duino_genericSTM32F103C\Release\core.a(usb_serial.cpp.o)
                0x00000000080021d4                USBSerial::available()
 .text._ZN9USBSerial4peekEv
                0x00000000080021d8       0x1e D:\UserProfile\Temp\VMBuilds\Test01\stm32duino_genericSTM32F103C\Release\core.a(usb_serial.cpp.o)
                0x00000000080021d8                USBSerial::peek()
 .text._ZN9USBSerial4readEv
                0x00000000080021f6       0x1e D:\UserProfile\Temp\VMBuilds\Test01\stm32duino_genericSTM32F103C\Release\core.a(usb_serial.cpp.o)
                0x00000000080021f6                USBSerial::read()
 .text._ZL6rxHookjPv
                0x0000000008002214       0x50 D:\UserProfile\Temp\VMBuilds\Test01\stm32duino_genericSTM32F103C\Release\core.a(usb_serial.cpp.o)
 .text._ZN9USBSerialC2Ev
                0x0000000008002264       0x14 D:\UserProfile\Temp\VMBuilds\Test01\stm32duino_genericSTM32F103C\Release\core.a(usb_serial.cpp.o)
                0x0000000008002264                USBSerial::USBSerial()
                0x0000000008002264                USBSerial::USBSerial()
 .text._ZN9USBSerial5beginEv
                0x0000000008002278       0x34 D:\UserProfile\Temp\VMBuilds\Test01\stm32duino_genericSTM32F103C\Release\core.a(usb_serial.cpp.o)
                0x0000000008002278                USBSerial::begin()
 .text._ZN9USBSerial5beginEm
                0x00000000080022ac        0xc D:\UserProfile\Temp\VMBuilds\Test01\stm32duino_genericSTM32F103C\Release\core.a(usb_serial.cpp.o)
                0x00000000080022ac                USBSerial::begin(unsigned long)
 .text._ZN9USBSerial5writeEPKhm
                0x00000000080022b8       0x44 D:\UserProfile\Temp\VMBuilds\Test01\stm32duino_genericSTM32F103C\Release\core.a(usb_serial.cpp.o)
                0x00000000080022b8                USBSerial::write(unsigned char const*, unsigned long)
 .text._ZN9USBSerial5writeEh
                0x00000000080022fc       0x16 D:\UserProfile\Temp\VMBuilds\Test01\stm32duino_genericSTM32F103C\Release\core.a(usb_serial.cpp.o)
                0x00000000080022fc                USBSerial::write(unsigned char)
 .text._ZN9USBSerial5writeEPKc
                0x0000000008002312       0x1a D:\UserProfile\Temp\VMBuilds\Test01\stm32duino_genericSTM32F103C\Release\core.a(usb_serial.cpp.o)
                0x0000000008002312                USBSerial::write(char const*)
 .text._ZN9USBSerial4readEPhm
                0x000000000800232c       0x1c D:\UserProfile\Temp\VMBuilds\Test01\stm32duino_genericSTM32F103C\Release\core.a(usb_serial.cpp.o)
                0x000000000800232c                USBSerial::read(unsigned char*, unsigned long)
 .text._ZN9USBSerial5flushEv
                0x0000000008002348       0x1c D:\UserProfile\Temp\VMBuilds\Test01\stm32duino_genericSTM32F103C\Release\core.a(usb_serial.cpp.o)
                0x0000000008002348                USBSerial::flush()
 .text._Z12digitalWritehh
                0x0000000008002364       0x2c D:\UserProfile\Temp\VMBuilds\Test01\stm32duino_genericSTM32F103C\Release\core.a(wirish_digital.cpp.o)
                0x0000000008002364                digitalWrite(unsigned char, unsigned char)
 .text.micros   0x0000000008002390       0x34 D:\UserProfile\Temp\VMBuilds\Test01\stm32duino_genericSTM32F103C\Release\core.a(wirish_time.cpp.o)
 .text.delay    0x00000000080023c4       0x26 D:\UserProfile\Temp\VMBuilds\Test01\stm32duino_genericSTM32F103C\Release\core.a(wirish_time.cpp.o)
                0x00000000080023c4                delay
 *fill*         0x00000000080023ea        0x2 
 .text._Z7pinModeh13WiringPinMode
                0x00000000080023ec       0x84 D:\UserProfile\Temp\VMBuilds\Test01\stm32duino_genericSTM32F103C\Release\core.a(wirish_digital_f1.cpp.o)
                0x00000000080023ec                pinMode(unsigned char, WiringPinMode)
 .text.__empty  0x0000000008002470        0x2 D:\UserProfile\Temp\VMBuilds\Test01\stm32duino_genericSTM32F103C\Release\core.a(hooks.c.o)
                0x0000000008002470                yield
 .text.gpio_init
                0x0000000008002472       0x14 D:\UserProfile\Temp\VMBuilds\Test01\stm32duino_genericSTM32F103C\Release\core.a(gpio.c.o)
                0x0000000008002472                gpio_init
 .text.i2c_disable_irq
                0x0000000008002486        0xc D:\UserProfile\Temp\VMBuilds\Test01\stm32duino_genericSTM32F103C\Release\core.a(i2c.c.o)
 *fill*         0x0000000008002492        0x2 
 .text._i2c_irq_handler
                0x0000000008002494      0x3f8 D:\UserProfile\Temp\VMBuilds\Test01\stm32duino_genericSTM32F103C\Release\core.a(i2c.c.o)
                0x0000000008002494                _i2c_irq_handler
 .text._i2c_irq_error_handler
                0x000000000800288c       0x74 D:\UserProfile\Temp\VMBuilds\Test01\stm32duino_genericSTM32F103C\Release\core.a(i2c.c.o)
                0x000000000800288c                _i2c_irq_error_handler
 .text.usart_init
                0x0000000008002900       0x4c D:\UserProfile\Temp\VMBuilds\Test01\stm32duino_genericSTM32F103C\Release\core.a(usart.c.o)
                0x0000000008002900                usart_init
 .text.usart_enable
                0x000000000800294c       0x14 D:\UserProfile\Temp\VMBuilds\Test01\stm32duino_genericSTM32F103C\Release\core.a(usart.c.o)
                0x000000000800294c                usart_enable
 .text.usart_tx
                0x0000000008002960       0x8e D:\UserProfile\Temp\VMBuilds\Test01\stm32duino_genericSTM32F103C\Release\core.a(usart.c.o)
                0x0000000008002960                usart_tx
 *fill*         0x00000000080029ee        0x2 
 .text.__libc_init_array
                0x00000000080029f0       0x48 c:/users/umar.hassan/appdata/local/arduino15/packages/arduino/tools/arm-none-eabi-gcc/4.8.3-2014q1/bin/../lib/gcc/arm-none-eabi/7.3.1/../../../../arm-none-eabi/lib/thumb/v7-m\libc_nano.a(lib_a-init.o)
                0x00000000080029f0                __libc_init_array
 .text          0x0000000008002a38       0x10 c:/users/umar.hassan/appdata/local/arduino15/packages/arduino/tools/arm-none-eabi-gcc/4.8.3-2014q1/bin/../lib/gcc/arm-none-eabi/7.3.1/../../../../arm-none-eabi/lib/thumb/v7-m\libc_nano.a(lib_a-strlen.o)
                0x0000000008002a38                strlen
 *(.plt)
 *(.gnu.warning)
 *(.glue_7t)
 .glue_7t       0x0000000008002a48        0x0 linker stubs
 *(.glue_7)
 .glue_7        0x0000000008002a48        0x0 linker stubs
 *(.vfp11_veneer)
 .vfp11_veneer  0x0000000008002a48        0x0 linker stubs
 *(.ARM.extab* .gnu.linkonce.armextab.*)
 *(.gcc_except_table)
 *(.eh_frame_hdr)
 *(.eh_frame)
 .eh_frame      0x0000000008002a48        0x0 c:/users/umar.hassan/appdata/local/arduino15/packages/arduino/tools/arm-none-eabi-gcc/4.8.3-2014q1/bin/../lib/gcc/arm-none-eabi/7.3.1/thumb/v7-m/crtbegin.o
                0x0000000008002a48                . = ALIGN (0x4)
 *(.init)
 .init          0x0000000008002a48        0x4 c:/users/umar.hassan/appdata/local/arduino15/packages/arduino/tools/arm-none-eabi-gcc/4.8.3-2014q1/bin/../lib/gcc/arm-none-eabi/7.3.1/thumb/v7-m/crti.o
                0x0000000008002a48                _init
 .init          0x0000000008002a4c        0x8 c:/users/umar.hassan/appdata/local/arduino15/packages/arduino/tools/arm-none-eabi-gcc/4.8.3-2014q1/bin/../lib/gcc/arm-none-eabi/7.3.1/thumb/v7-m/crtn.o
                0x0000000008002a54                . = ALIGN (0x4)
                0x0000000008002a54                __preinit_array_start = .
 *(.preinit_array)
                0x0000000008002a54                __preinit_array_end = .
                0x0000000008002a54                . = ALIGN (0x4)
                0x0000000008002a54                __init_array_start = .
 *(SORT_BY_NAME(.init_array.*))
 .init_array.00101
                0x0000000008002a54        0x4 D:\UserProfile\Temp\VMBuilds\Test01\stm32duino_genericSTM32F103C\Release\core.a(main.cpp.o)
 *(.init_array)
 .init_array    0x0000000008002a58        0x4 c:/users/umar.hassan/appdata/local/arduino15/packages/arduino/tools/arm-none-eabi-gcc/4.8.3-2014q1/bin/../lib/gcc/arm-none-eabi/7.3.1/thumb/v7-m/crtbegin.o
 .init_array    0x0000000008002a5c        0x4 Test01.cpp.o
 .init_array    0x0000000008002a60        0x4 D:\UserProfile\Temp\VMBCore\arduino16x\cba90235cfc1513c27939bafbcd9e40a\variant\board.cpp.o
                0x0000000008002a64                __init_array_end = .
                0x0000000008002a64                . = ALIGN (0x4)
 *crtbegin.o(.ctors)
 *(EXCLUDE_FILE(*crtend.o) .ctors)
 *(SORT_BY_NAME(.ctors.*))
 *crtend.o(.ctors)
                0x0000000008002a64                . = ALIGN (0x4)
 *(.fini)
 .fini          0x0000000008002a64        0x4 c:/users/umar.hassan/appdata/local/arduino15/packages/arduino/tools/arm-none-eabi-gcc/4.8.3-2014q1/bin/../lib/gcc/arm-none-eabi/7.3.1/thumb/v7-m/crti.o
                0x0000000008002a64                _fini
 .fini          0x0000000008002a68        0x8 c:/users/umar.hassan/appdata/local/arduino15/packages/arduino/tools/arm-none-eabi-gcc/4.8.3-2014q1/bin/../lib/gcc/arm-none-eabi/7.3.1/thumb/v7-m/crtn.o
                0x0000000008002a70                . = ALIGN (0x4)
                0x0000000008002a70                __fini_array_start = .
 *(.fini_array)
 .fini_array    0x0000000008002a70        0x4 c:/users/umar.hassan/appdata/local/arduino15/packages/arduino/tools/arm-none-eabi-gcc/4.8.3-2014q1/bin/../lib/gcc/arm-none-eabi/7.3.1/thumb/v7-m/crtbegin.o
 *(SORT_BY_NAME(.fini_array.*))
                0x0000000008002a74                __fini_array_end = .
 *crtbegin.o(.dtors)
 *(EXCLUDE_FILE(*crtend.o) .dtors)
 *(SORT_BY_NAME(.dtors.*))
 *crtend.o(.dtors)

.v4_bx          0x0000000008002a74        0x0
 .v4_bx         0x0000000008002a74        0x0 linker stubs

.iplt           0x0000000008002a74        0x0
 .iplt          0x0000000008002a74        0x0 c:/users/umar.hassan/appdata/local/arduino15/packages/arduino/tools/arm-none-eabi-gcc/4.8.3-2014q1/bin/../lib/gcc/arm-none-eabi/7.3.1/thumb/v7-m/crtbegin.o

.text.align     0x0000000008002a74        0x4
                0x0000000008002a78                . = ALIGN (0x8)
 *fill*         0x0000000008002a74        0x4 
                0x0000000008002a78                __text_end__ = .
                0x0000000008002a78                __exidx_start = .

.ARM.exidx      0x0000000008002a78        0x8
 *(.ARM.exidx* .gnu.linkonce.armexidx.*)
 .ARM.exidx     0x0000000008002a78        0x8 D:\UserProfile\Temp\VMBCore\arduino16x\cba90235cfc1513c27939bafbcd9e40a\variant\start.S.o
                0x0000000008002a80                __exidx_end = .

.data           0x0000000020000000      0x468 load address 0x0000000008002a80
                0x0000000020000000                __data_start__ = .
                0x0000000020000000        0x4 LONG 0x0
                0x0000000020000008                . = ALIGN (0x8)
 *fill*         0x0000000020000004        0x4 
 *(.got.plt)
 *(.got)
 *(.data .data.* .gnu.linkonce.d.*)
 .data._ZN6wirish4priv15w_board_pll_cfgE
                0x0000000020000008        0x8 D:\UserProfile\Temp\VMBCore\arduino16x\cba90235cfc1513c27939bafbcd9e40a\variant\boards_setup.cpp.o
                0x0000000020000008                wirish::priv::w_board_pll_cfg
 .data._ZN6wirish4priv9w_adc_preE
                0x0000000020000010        0x2 D:\UserProfile\Temp\VMBCore\arduino16x\cba90235cfc1513c27939bafbcd9e40a\variant\boards_setup.cpp.o
                0x0000000020000010                wirish::priv::w_adc_pre
 .data._ZN6wirish4priv9w_adc_smpE
                0x0000000020000012        0x1 D:\UserProfile\Temp\VMBCore\arduino16x\cba90235cfc1513c27939bafbcd9e40a\variant\boards_setup.cpp.o
                0x0000000020000012                wirish::priv::w_adc_smp
 *fill*         0x0000000020000013        0x1 
 .data._ZN6wirish4privL8pll_dataE
                0x0000000020000014        0x4 D:\UserProfile\Temp\VMBCore\arduino16x\cba90235cfc1513c27939bafbcd9e40a\variant\boards_setup.cpp.o
 .data.ADC1     0x0000000020000018        0x4 D:\UserProfile\Temp\VMBuilds\Test01\stm32duino_genericSTM32F103C\Release\core.a(adc_f1.c.o)
                0x0000000020000018                ADC1
 .data.ADC2     0x000000002000001c        0x4 D:\UserProfile\Temp\VMBuilds\Test01\stm32duino_genericSTM32F103C\Release\core.a(adc_f1.c.o)
                0x000000002000001c                ADC2
 .data.adc1     0x0000000020000020       0x18 D:\UserProfile\Temp\VMBuilds\Test01\stm32duino_genericSTM32F103C\Release\core.a(adc_f1.c.o)
                0x0000000020000020                adc1
 .data.adc2     0x0000000020000038        0x8 D:\UserProfile\Temp\VMBuilds\Test01\stm32duino_genericSTM32F103C\Release\core.a(adc_f1.c.o)
                0x0000000020000038                adc2
 .data.DMA1     0x0000000020000040        0x4 D:\UserProfile\Temp\VMBuilds\Test01\stm32duino_genericSTM32F103C\Release\core.a(dma_f1.c.o)
                0x0000000020000040                DMA1
 .data.dma1     0x0000000020000044       0x40 D:\UserProfile\Temp\VMBuilds\Test01\stm32duino_genericSTM32F103C\Release\core.a(dma_f1.c.o)
 .data.gpioa    0x0000000020000084        0x8 D:\UserProfile\Temp\VMBuilds\Test01\stm32duino_genericSTM32F103C\Release\core.a(gpio_f1.c.o)
                0x0000000020000084                gpioa
 .data.gpiob    0x000000002000008c        0x8 D:\UserProfile\Temp\VMBuilds\Test01\stm32duino_genericSTM32F103C\Release\core.a(gpio_f1.c.o)
                0x000000002000008c                gpiob
 .data.gpioc    0x0000000020000094        0x8 D:\UserProfile\Temp\VMBuilds\Test01\stm32duino_genericSTM32F103C\Release\core.a(gpio_f1.c.o)
                0x0000000020000094                gpioc
 .data.gpiod    0x000000002000009c        0x8 D:\UserProfile\Temp\VMBuilds\Test01\stm32duino_genericSTM32F103C\Release\core.a(gpio_f1.c.o)
                0x000000002000009c                gpiod
 .data.i2c1     0x00000000200000a4       0x38 D:\UserProfile\Temp\VMBuilds\Test01\stm32duino_genericSTM32F103C\Release\core.a(i2c_f1.c.o)
 .data.i2c2     0x00000000200000dc       0x38 D:\UserProfile\Temp\VMBuilds\Test01\stm32duino_genericSTM32F103C\Release\core.a(i2c_f1.c.o)
 .data.enable_regs.4454
                0x0000000020000114        0xc D:\UserProfile\Temp\VMBuilds\Test01\stm32duino_genericSTM32F103C\Release\core.a(rcc_f1.c.o)
 .data.enable_regs.4467
                0x0000000020000120        0xc D:\UserProfile\Temp\VMBuilds\Test01\stm32duino_genericSTM32F103C\Release\core.a(rcc_f1.c.o)
 .data.reset_regs.4458
                0x000000002000012c        0x8 D:\UserProfile\Temp\VMBuilds\Test01\stm32duino_genericSTM32F103C\Release\core.a(rcc_f1.c.o)
 .data.timer1   0x0000000020000134       0x28 D:\UserProfile\Temp\VMBuilds\Test01\stm32duino_genericSTM32F103C\Release\core.a(timer.c.o)
                0x0000000020000134                timer1
 .data.timer2   0x000000002000015c       0x24 D:\UserProfile\Temp\VMBuilds\Test01\stm32duino_genericSTM32F103C\Release\core.a(timer.c.o)
                0x000000002000015c                timer2
 .data.timer3   0x0000000020000180       0x24 D:\UserProfile\Temp\VMBuilds\Test01\stm32duino_genericSTM32F103C\Release\core.a(timer.c.o)
                0x0000000020000180                timer3
 .data.timer4   0x00000000200001a4       0x24 D:\UserProfile\Temp\VMBuilds\Test01\stm32duino_genericSTM32F103C\Release\core.a(timer.c.o)
                0x00000000200001a4                timer4
 .data.USART1   0x00000000200001c8        0x4 D:\UserProfile\Temp\VMBuilds\Test01\stm32duino_genericSTM32F103C\Release\core.a(usart_f1.c.o)
                0x00000000200001c8                USART1
 .data.USART2   0x00000000200001cc        0x4 D:\UserProfile\Temp\VMBuilds\Test01\stm32duino_genericSTM32F103C\Release\core.a(usart_f1.c.o)
                0x00000000200001cc                USART2
 .data.USART3   0x00000000200001d0        0x4 D:\UserProfile\Temp\VMBuilds\Test01\stm32duino_genericSTM32F103C\Release\core.a(usart_f1.c.o)
                0x00000000200001d0                USART3
 .data.usart1   0x00000000200001d4       0x94 D:\UserProfile\Temp\VMBuilds\Test01\stm32duino_genericSTM32F103C\Release\core.a(usart_f1.c.o)
 .data.usart2   0x0000000020000268       0x94 D:\UserProfile\Temp\VMBuilds\Test01\stm32duino_genericSTM32F103C\Release\core.a(usart_f1.c.o)
 .data.usart3   0x00000000200002fc       0x94 D:\UserProfile\Temp\VMBuilds\Test01\stm32duino_genericSTM32F103C\Release\core.a(usart_f1.c.o)
 .data.USBLIB   0x0000000020000390        0x4 D:\UserProfile\Temp\VMBuilds\Test01\stm32duino_genericSTM32F103C\Release\core.a(usb.c.o)
                0x0000000020000390                USBLIB
 .data.usblib   0x0000000020000394       0x10 D:\UserProfile\Temp\VMBuilds\Test01\stm32duino_genericSTM32F103C\Release\core.a(usb.c.o)
 .data.Config_Descriptor
                0x00000000200003a4        0x8 D:\UserProfile\Temp\VMBuilds\Test01\stm32duino_genericSTM32F103C\Release\core.a(usb_cdcacm.c.o)
 .data.Device_Descriptor
                0x00000000200003ac        0x8 D:\UserProfile\Temp\VMBuilds\Test01\stm32duino_genericSTM32F103C\Release\core.a(usb_cdcacm.c.o)
 .data.Device_Property
                0x00000000200003b4       0x30 D:\UserProfile\Temp\VMBuilds\Test01\stm32duino_genericSTM32F103C\Release\core.a(usb_cdcacm.c.o)
                0x00000000200003b4                Device_Property
 .data.Device_Table
                0x00000000200003e4        0x2 D:\UserProfile\Temp\VMBuilds\Test01\stm32duino_genericSTM32F103C\Release\core.a(usb_cdcacm.c.o)
                0x00000000200003e4                Device_Table
 *fill*         0x00000000200003e6        0x2 
 .data.String_Descriptor
                0x00000000200003e8       0x18 D:\UserProfile\Temp\VMBuilds\Test01\stm32duino_genericSTM32F103C\Release\core.a(usb_cdcacm.c.o)
 .data.User_Standard_Requests
                0x0000000020000400       0x24 D:\UserProfile\Temp\VMBuilds\Test01\stm32duino_genericSTM32F103C\Release\core.a(usb_cdcacm.c.o)
                0x0000000020000400                User_Standard_Requests
 .data.ep_int_in
                0x0000000020000424       0x1c D:\UserProfile\Temp\VMBuilds\Test01\stm32duino_genericSTM32F103C\Release\core.a(usb_cdcacm.c.o)
 .data.ep_int_out
                0x0000000020000440       0x1c D:\UserProfile\Temp\VMBuilds\Test01\stm32duino_genericSTM32F103C\Release\core.a(usb_cdcacm.c.o)
 .data.line_coding
                0x000000002000045c        0x7 D:\UserProfile\Temp\VMBuilds\Test01\stm32duino_genericSTM32F103C\Release\core.a(usb_cdcacm.c.o)
                0x0000000020000468                . = ALIGN (0x8)
 *fill*         0x0000000020000463        0x5 
                0x0000000020000468                __data_end__ = .

.igot.plt       0x0000000020000468        0x0 load address 0x0000000008002ee8
 .igot.plt      0x0000000020000468        0x0 c:/users/umar.hassan/appdata/local/arduino15/packages/arduino/tools/arm-none-eabi-gcc/4.8.3-2014q1/bin/../lib/gcc/arm-none-eabi/7.3.1/thumb/v7-m/crtbegin.o

.rodata         0x0000000008002ee8      0x388
 *(.rodata .rodata.* .gnu.linkonce.r.*)
 .rodata._Z4loopv.str1.1
                0x0000000008002ee8       0x1f Test01.cpp.o
 *fill*         0x0000000008002f07        0x1 
 .rodata.PIN_MAP
                0x0000000008002f08      0x230 D:\UserProfile\Temp\VMBCore\arduino16x\cba90235cfc1513c27939bafbcd9e40a\variant\board.cpp.o
                0x0000000008002f08                PIN_MAP
 .rodata.GPIOC  0x0000000008003138        0x4 D:\UserProfile\Temp\VMBuilds\Test01\stm32duino_genericSTM32F103C\Release\core.a(gpio_f1.c.o)
                0x0000000008003138                GPIOC
 .rodata.masks.4463
                0x000000000800313c       0x14 D:\UserProfile\Temp\VMBuilds\Test01\stm32duino_genericSTM32F103C\Release\core.a(rcc_f1.c.o)
 .rodata.rcc_dev_table
                0x0000000008003150       0x5c D:\UserProfile\Temp\VMBuilds\Test01\stm32duino_genericSTM32F103C\Release\core.a(rcc_f1.c.o)
                0x0000000008003150                rcc_dev_table
 .rodata.usbVcomDescriptor_Config
                0x00000000080031ac       0x43 D:\UserProfile\Temp\VMBuilds\Test01\stm32duino_genericSTM32F103C\Release\core.a(usb_cdcacm.c.o)
 .rodata.usbVcomDescriptor_Device
                0x00000000080031ef       0x12 D:\UserProfile\Temp\VMBuilds\Test01\stm32duino_genericSTM32F103C\Release\core.a(usb_cdcacm.c.o)
 .rodata.usbVcomDescriptor_LangID
                0x0000000008003201        0x4 D:\UserProfile\Temp\VMBuilds\Test01\stm32duino_genericSTM32F103C\Release\core.a(usb_cdcacm.c.o)
 .rodata.usbVcomDescriptor_iManufacturer
                0x0000000008003205       0x12 D:\UserProfile\Temp\VMBuilds\Test01\stm32duino_genericSTM32F103C\Release\core.a(usb_cdcacm.c.o)
 .rodata.usbVcomDescriptor_iProduct
                0x0000000008003217        0xc D:\UserProfile\Temp\VMBuilds\Test01\stm32duino_genericSTM32F103C\Release\core.a(usb_cdcacm.c.o)
 *fill*         0x0000000008003223        0x1 
 .rodata._ZTV14HardwareSerial
                0x0000000008003224       0x24 D:\UserProfile\Temp\VMBuilds\Test01\stm32duino_genericSTM32F103C\Release\core.a(HardwareSerial.cpp.o)
                0x0000000008003224                vtable for HardwareSerial
 .rodata._ZTV9USBSerial
                0x0000000008003248       0x24 D:\UserProfile\Temp\VMBuilds\Test01\stm32duino_genericSTM32F103C\Release\core.a(usb_serial.cpp.o)
                0x0000000008003248                vtable for USBSerial
 *(.USER_FLASH)
                0x000000000800326c                . = ALIGN (0x4)
                0x000000000800326c                _lm_rom_img_cfgp = .
                0x000000000800326c        0x4 LONG 0x8002a80 LOADADDR (.data)
                0x0000000020000810                _lm_heap_start = DEFINED (_lm_heap_start)?_lm_heap_start:_end
                0x0000000020005000                _lm_heap_end = DEFINED (_lm_heap_end)?_lm_heap_end:__msp_init

.rel.dyn        0x0000000008003270        0x0
 .rel.iplt      0x0000000008003270        0x0 c:/users/umar.hassan/appdata/local/arduino15/packages/arduino/tools/arm-none-eabi-gcc/4.8.3-2014q1/bin/../lib/gcc/arm-none-eabi/7.3.1/thumb/v7-m/crtbegin.o

.bss            0x0000000020000468      0x3a8
                0x0000000020000468                . = ALIGN (0x8)
                0x0000000020000468                __bss_start__ = .
 *(.bss .bss.* .gnu.linkonce.b.*)
 .bss           0x0000000020000468       0x1c c:/users/umar.hassan/appdata/local/arduino15/packages/arduino/tools/arm-none-eabi-gcc/4.8.3-2014q1/bin/../lib/gcc/arm-none-eabi/7.3.1/thumb/v7-m/crtbegin.o
 .bss.Serials   0x0000000020000484       0x10 Test01.cpp.o
                0x0000000020000484                Serials
 .bss.Serial1   0x0000000020000494       0x18 D:\UserProfile\Temp\VMBCore\arduino16x\cba90235cfc1513c27939bafbcd9e40a\variant\board.cpp.o
                0x0000000020000494                Serial1
 .bss.Serial2   0x00000000200004ac       0x18 D:\UserProfile\Temp\VMBCore\arduino16x\cba90235cfc1513c27939bafbcd9e40a\variant\board.cpp.o
                0x00000000200004ac                Serial2
 .bss.Serial3   0x00000000200004c4       0x18 D:\UserProfile\Temp\VMBCore\arduino16x\cba90235cfc1513c27939bafbcd9e40a\variant\board.cpp.o
                0x00000000200004c4                Serial3
 .bss.exti_channels
                0x00000000200004dc       0x80 D:\UserProfile\Temp\VMBuilds\Test01\stm32duino_genericSTM32F103C\Release\core.a(exti.c.o)
                0x00000000200004dc                exti_channels
 .bss.systick_user_callback
                0x000000002000055c        0x4 D:\UserProfile\Temp\VMBuilds\Test01\stm32duino_genericSTM32F103C\Release\core.a(systick.c.o)
 .bss.usart1_rb
                0x0000000020000560        0xc D:\UserProfile\Temp\VMBuilds\Test01\stm32duino_genericSTM32F103C\Release\core.a(usart_f1.c.o)
 .bss.usart1_wb
                0x000000002000056c        0xc D:\UserProfile\Temp\VMBuilds\Test01\stm32duino_genericSTM32F103C\Release\core.a(usart_f1.c.o)
 .bss.usart2_rb
                0x0000000020000578        0xc D:\UserProfile\Temp\VMBuilds\Test01\stm32duino_genericSTM32F103C\Release\core.a(usart_f1.c.o)
 .bss.usart2_wb
                0x0000000020000584        0xc D:\UserProfile\Temp\VMBuilds\Test01\stm32duino_genericSTM32F103C\Release\core.a(usart_f1.c.o)
 .bss.usart3_rb
                0x0000000020000590        0xc D:\UserProfile\Temp\VMBuilds\Test01\stm32duino_genericSTM32F103C\Release\core.a(usart_f1.c.o)
 .bss.usart3_wb
                0x000000002000059c        0xc D:\UserProfile\Temp\VMBuilds\Test01\stm32duino_genericSTM32F103C\Release\core.a(usart_f1.c.o)
 .bss.iface_setup_hook
                0x00000000200005a8        0x4 D:\UserProfile\Temp\VMBuilds\Test01\stm32duino_genericSTM32F103C\Release\core.a(usb_cdcacm.c.o)
 .bss.line_dtr_rts
                0x00000000200005ac        0x1 D:\UserProfile\Temp\VMBuilds\Test01\stm32duino_genericSTM32F103C\Release\core.a(usb_cdcacm.c.o)
 *fill*         0x00000000200005ad        0x3 
 .bss.rx_head   0x00000000200005b0        0x4 D:\UserProfile\Temp\VMBuilds\Test01\stm32duino_genericSTM32F103C\Release\core.a(usb_cdcacm.c.o)
 .bss.rx_hook   0x00000000200005b4        0x4 D:\UserProfile\Temp\VMBuilds\Test01\stm32duino_genericSTM32F103C\Release\core.a(usb_cdcacm.c.o)
 .bss.rx_tail   0x00000000200005b8        0x4 D:\UserProfile\Temp\VMBuilds\Test01\stm32duino_genericSTM32F103C\Release\core.a(usb_cdcacm.c.o)
 .bss.transmitting
                0x00000000200005bc        0x1 D:\UserProfile\Temp\VMBuilds\Test01\stm32duino_genericSTM32F103C\Release\core.a(usb_cdcacm.c.o)
 *fill*         0x00000000200005bd        0x3 
 .bss.tx_head   0x00000000200005c0        0x4 D:\UserProfile\Temp\VMBuilds\Test01\stm32duino_genericSTM32F103C\Release\core.a(usb_cdcacm.c.o)
 .bss.tx_tail   0x00000000200005c4        0x4 D:\UserProfile\Temp\VMBuilds\Test01\stm32duino_genericSTM32F103C\Release\core.a(usb_cdcacm.c.o)
 .bss.vcomBufferRx
                0x00000000200005c8      0x100 D:\UserProfile\Temp\VMBuilds\Test01\stm32duino_genericSTM32F103C\Release\core.a(usb_cdcacm.c.o)
 .bss.vcomBufferTx
                0x00000000200006c8      0x100 D:\UserProfile\Temp\VMBuilds\Test01\stm32duino_genericSTM32F103C\Release\core.a(usb_cdcacm.c.o)
 .bss.Data_Mul_MaxPacketSize
                0x00000000200007c8        0x1 D:\UserProfile\Temp\VMBuilds\Test01\stm32duino_genericSTM32F103C\Release\core.a(usb_core.c.o)
                0x00000000200007c8                Data_Mul_MaxPacketSize
 .bss._ZL11reset_state
                0x00000000200007c9        0x1 D:\UserProfile\Temp\VMBuilds\Test01\stm32duino_genericSTM32F103C\Release\core.a(usb_serial.cpp.o)
 .bss._ZN9USBSerial11_isBlockingE
                0x00000000200007ca        0x1 D:\UserProfile\Temp\VMBuilds\Test01\stm32duino_genericSTM32F103C\Release\core.a(usb_serial.cpp.o)
                0x00000000200007ca                USBSerial::_isBlocking
 .bss._ZN9USBSerial9_hasBegunE
                0x00000000200007cb        0x1 D:\UserProfile\Temp\VMBuilds\Test01\stm32duino_genericSTM32F103C\Release\core.a(usb_serial.cpp.o)
                0x00000000200007cb                USBSerial::_hasBegun
 *(COMMON)
 COMMON         0x00000000200007cc        0x4 D:\UserProfile\Temp\VMBuilds\Test01\stm32duino_genericSTM32F103C\Release\core.a(systick.c.o)
                0x00000000200007cc                systick_uptime_millis
 COMMON         0x00000000200007d0        0x6 D:\UserProfile\Temp\VMBuilds\Test01\stm32duino_genericSTM32F103C\Release\core.a(usb.c.o)
                0x00000000200007d0                SaveRState
                0x00000000200007d2                SaveTState
                0x00000000200007d4                ResumeS
 COMMON         0x00000000200007d6        0x2 D:\UserProfile\Temp\VMBuilds\Test01\stm32duino_genericSTM32F103C\Release\core.a(usb_core.c.o)
                0x00000000200007d6                StatusInfo
 COMMON         0x00000000200007d8       0x32 D:\UserProfile\Temp\VMBuilds\Test01\stm32duino_genericSTM32F103C\Release\core.a(usb_init.c.o)
                0x00000000200007d8                SaveState
                0x00000000200007dc                pProperty
                0x00000000200007e0                EPindex
                0x00000000200007e4                Device_Info
                0x0000000020000800                pUser_Standard_Requests
                0x0000000020000804                pInformation
                0x0000000020000808                wInterrupt_Mask
                0x0000000020000810                . = ALIGN (0x8)
 *fill*         0x000000002000080a        0x6 
                0x0000000020000810                __bss_end__ = .
                0x0000000020000810                _end = __bss_end__

.stab
 *(.stab)

.stabstr
 *(.stabstr)

.debug
 *(.debug)

.line
 *(.line)

.debug_srcinfo
 *(.debug_srcinfo)

.debug_sfnames
 *(.debug_sfnames)

.debug_aranges  0x0000000000000000      0xe50
 *(.debug_aranges)
 .debug_aranges
                0x0000000000000000       0x30 Test01.cpp.o
 .debug_aranges
                0x0000000000000030       0x28 D:\UserProfile\Temp\VMBCore\arduino16x\cba90235cfc1513c27939bafbcd9e40a\variant\board.cpp.o
 .debug_aranges
                0x0000000000000058       0x40 D:\UserProfile\Temp\VMBCore\arduino16x\cba90235cfc1513c27939bafbcd9e40a\variant\boards.cpp.o
 .debug_aranges
                0x0000000000000098       0x38 D:\UserProfile\Temp\VMBCore\arduino16x\cba90235cfc1513c27939bafbcd9e40a\variant\boards_setup.cpp.o
 .debug_aranges
                0x00000000000000d0       0x20 D:\UserProfile\Temp\VMBCore\arduino16x\cba90235cfc1513c27939bafbcd9e40a\variant\start.S.o
 .debug_aranges
                0x00000000000000f0       0x20 D:\UserProfile\Temp\VMBCore\arduino16x\cba90235cfc1513c27939bafbcd9e40a\variant\start_c.c.o
 .debug_aranges
                0x0000000000000110       0x20 D:\UserProfile\Temp\VMBuilds\Test01\stm32duino_genericSTM32F103C\Release\core.a(exc.S.o)
 .debug_aranges
                0x0000000000000130       0x20 D:\UserProfile\Temp\VMBuilds\Test01\stm32duino_genericSTM32F103C\Release\core.a(isrs.S.o)
 .debug_aranges
                0x0000000000000150       0x38 D:\UserProfile\Temp\VMBuilds\Test01\stm32duino_genericSTM32F103C\Release\core.a(adc.c.o)
 .debug_aranges
                0x0000000000000188       0x58 D:\UserProfile\Temp\VMBuilds\Test01\stm32duino_genericSTM32F103C\Release\core.a(adc_f1.c.o)
 .debug_aranges
                0x00000000000001e0       0xb0 D:\UserProfile\Temp\VMBuilds\Test01\stm32duino_genericSTM32F103C\Release\core.a(dma_f1.c.o)
 .debug_aranges
                0x0000000000000290       0x80 D:\UserProfile\Temp\VMBuilds\Test01\stm32duino_genericSTM32F103C\Release\core.a(exti.c.o)
 .debug_aranges
                0x0000000000000310       0x20 D:\UserProfile\Temp\VMBuilds\Test01\stm32duino_genericSTM32F103C\Release\core.a(flash.c.o)
 .debug_aranges
                0x0000000000000330       0x48 D:\UserProfile\Temp\VMBuilds\Test01\stm32duino_genericSTM32F103C\Release\core.a(gpio_f1.c.o)
 .debug_aranges
                0x0000000000000378       0x50 D:\UserProfile\Temp\VMBuilds\Test01\stm32duino_genericSTM32F103C\Release\core.a(i2c_f1.c.o)
 .debug_aranges
                0x00000000000003c8       0x38 D:\UserProfile\Temp\VMBuilds\Test01\stm32duino_genericSTM32F103C\Release\core.a(nvic.c.o)
 .debug_aranges
                0x0000000000000400       0x48 D:\UserProfile\Temp\VMBuilds\Test01\stm32duino_genericSTM32F103C\Release\core.a(rcc.c.o)
 .debug_aranges
                0x0000000000000448       0x48 D:\UserProfile\Temp\VMBuilds\Test01\stm32duino_genericSTM32F103C\Release\core.a(rcc_f1.c.o)
 .debug_aranges
                0x0000000000000490       0x40 D:\UserProfile\Temp\VMBuilds\Test01\stm32duino_genericSTM32F103C\Release\core.a(systick.c.o)
 .debug_aranges
                0x00000000000004d0       0xb0 D:\UserProfile\Temp\VMBuilds\Test01\stm32duino_genericSTM32F103C\Release\core.a(timer.c.o)
 .debug_aranges
                0x0000000000000580       0x50 D:\UserProfile\Temp\VMBuilds\Test01\stm32duino_genericSTM32F103C\Release\core.a(usart_f1.c.o)
 .debug_aranges
                0x00000000000005d0       0x20 D:\UserProfile\Temp\VMBuilds\Test01\stm32duino_genericSTM32F103C\Release\core.a(usart_private.c.o)
 .debug_aranges
                0x00000000000005f0       0x50 D:\UserProfile\Temp\VMBuilds\Test01\stm32duino_genericSTM32F103C\Release\core.a(util.c.o)
 .debug_aranges
                0x0000000000000640       0x40 D:\UserProfile\Temp\VMBuilds\Test01\stm32duino_genericSTM32F103C\Release\core.a(usb.c.o)
 .debug_aranges
                0x0000000000000680      0x130 D:\UserProfile\Temp\VMBuilds\Test01\stm32duino_genericSTM32F103C\Release\core.a(usb_cdcacm.c.o)
 .debug_aranges
                0x00000000000007b0       0x20 D:\UserProfile\Temp\VMBuilds\Test01\stm32duino_genericSTM32F103C\Release\core.a(usb_reg_map.c.o)
 .debug_aranges
                0x00000000000007d0       0x98 D:\UserProfile\Temp\VMBuilds\Test01\stm32duino_genericSTM32F103C\Release\core.a(usb_core.c.o)
 .debug_aranges
                0x0000000000000868       0x20 D:\UserProfile\Temp\VMBuilds\Test01\stm32duino_genericSTM32F103C\Release\core.a(usb_init.c.o)
 .debug_aranges
                0x0000000000000888       0x28 D:\UserProfile\Temp\VMBuilds\Test01\stm32duino_genericSTM32F103C\Release\core.a(usb_mem.c.o)
 .debug_aranges
                0x00000000000008b0      0x1a0 D:\UserProfile\Temp\VMBuilds\Test01\stm32duino_genericSTM32F103C\Release\core.a(usb_regs.c.o)
 .debug_aranges
                0x0000000000000a50       0x70 D:\UserProfile\Temp\VMBuilds\Test01\stm32duino_genericSTM32F103C\Release\core.a(HardwareSerial.cpp.o)
 .debug_aranges
                0x0000000000000ac0       0x28 D:\UserProfile\Temp\VMBuilds\Test01\stm32duino_genericSTM32F103C\Release\core.a(main.cpp.o)
 .debug_aranges
                0x0000000000000ae8      0x110 D:\UserProfile\Temp\VMBuilds\Test01\stm32duino_genericSTM32F103C\Release\core.a(Print.cpp.o)
 .debug_aranges
                0x0000000000000bf8       0xd0 D:\UserProfile\Temp\VMBuilds\Test01\stm32duino_genericSTM32F103C\Release\core.a(usb_serial.cpp.o)
 .debug_aranges
                0x0000000000000cc8       0x28 D:\UserProfile\Temp\VMBuilds\Test01\stm32duino_genericSTM32F103C\Release\core.a(wirish_digital.cpp.o)
 .debug_aranges
                0x0000000000000cf0       0x30 D:\UserProfile\Temp\VMBuilds\Test01\stm32duino_genericSTM32F103C\Release\core.a(wirish_time.cpp.o)
 .debug_aranges
                0x0000000000000d20       0x20 D:\UserProfile\Temp\VMBuilds\Test01\stm32duino_genericSTM32F103C\Release\core.a(wirish_digital_f1.cpp.o)
 .debug_aranges
                0x0000000000000d40       0x20 D:\UserProfile\Temp\VMBuilds\Test01\stm32duino_genericSTM32F103C\Release\core.a(hooks.c.o)
 .debug_aranges
                0x0000000000000d60       0x20 D:\UserProfile\Temp\VMBuilds\Test01\stm32duino_genericSTM32F103C\Release\core.a(gpio.c.o)
 .debug_aranges
                0x0000000000000d80       0x88 D:\UserProfile\Temp\VMBuilds\Test01\stm32duino_genericSTM32F103C\Release\core.a(i2c.c.o)
 .debug_aranges
                0x0000000000000e08       0x48 D:\UserProfile\Temp\VMBuilds\Test01\stm32duino_genericSTM32F103C\Release\core.a(usart.c.o)

.debug_pubnames
 *(.debug_pubnames)

.debug_info     0x0000000000000000    0x2c430
 *(.debug_info .gnu.linkonce.wi.*)
 .debug_info    0x0000000000000000     0x2ee0 Test01.cpp.o
 .debug_info    0x0000000000002ee0     0x1e07 D:\UserProfile\Temp\VMBCore\arduino16x\cba90235cfc1513c27939bafbcd9e40a\variant\board.cpp.o
 .debug_info    0x0000000000004ce7     0x1693 D:\UserProfile\Temp\VMBCore\arduino16x\cba90235cfc1513c27939bafbcd9e40a\variant\boards.cpp.o
 .debug_info    0x000000000000637a     0x1dff D:\UserProfile\Temp\VMBCore\arduino16x\cba90235cfc1513c27939bafbcd9e40a\variant\boards_setup.cpp.o
 .debug_info    0x0000000000008179       0x26 D:\UserProfile\Temp\VMBCore\arduino16x\cba90235cfc1513c27939bafbcd9e40a\variant\start.S.o
 .debug_info    0x000000000000819f      0x131 D:\UserProfile\Temp\VMBCore\arduino16x\cba90235cfc1513c27939bafbcd9e40a\variant\start_c.c.o
 .debug_info    0x00000000000082d0       0x26 D:\UserProfile\Temp\VMBuilds\Test01\stm32duino_genericSTM32F103C\Release\core.a(exc.S.o)
 .debug_info    0x00000000000082f6       0x26 D:\UserProfile\Temp\VMBuilds\Test01\stm32duino_genericSTM32F103C\Release\core.a(isrs.S.o)
 .debug_info    0x000000000000831c      0x7e5 D:\UserProfile\Temp\VMBuilds\Test01\stm32duino_genericSTM32F103C\Release\core.a(adc.c.o)
 .debug_info    0x0000000000008b01      0xea6 D:\UserProfile\Temp\VMBuilds\Test01\stm32duino_genericSTM32F103C\Release\core.a(adc_f1.c.o)
 .debug_info    0x00000000000099a7     0x18aa D:\UserProfile\Temp\VMBuilds\Test01\stm32duino_genericSTM32F103C\Release\core.a(dma_f1.c.o)
 .debug_info    0x000000000000b251      0xdc8 D:\UserProfile\Temp\VMBuilds\Test01\stm32duino_genericSTM32F103C\Release\core.a(exti.c.o)
 .debug_info    0x000000000000c019      0x12c D:\UserProfile\Temp\VMBuilds\Test01\stm32duino_genericSTM32F103C\Release\core.a(flash.c.o)
 .debug_info    0x000000000000c145      0x759 D:\UserProfile\Temp\VMBuilds\Test01\stm32duino_genericSTM32F103C\Release\core.a(gpio_f1.c.o)
 .debug_info    0x000000000000c89e      0xc44 D:\UserProfile\Temp\VMBuilds\Test01\stm32duino_genericSTM32F103C\Release\core.a(i2c_f1.c.o)
 .debug_info    0x000000000000d4e2      0x599 D:\UserProfile\Temp\VMBuilds\Test01\stm32duino_genericSTM32F103C\Release\core.a(nvic.c.o)
 .debug_info    0x000000000000da7b      0x56d D:\UserProfile\Temp\VMBuilds\Test01\stm32duino_genericSTM32F103C\Release\core.a(rcc.c.o)
 .debug_info    0x000000000000dfe8      0xb64 D:\UserProfile\Temp\VMBuilds\Test01\stm32duino_genericSTM32F103C\Release\core.a(rcc_f1.c.o)
 .debug_info    0x000000000000eb4c      0x18d D:\UserProfile\Temp\VMBuilds\Test01\stm32duino_genericSTM32F103C\Release\core.a(systick.c.o)
 .debug_info    0x000000000000ecd9     0x1a05 D:\UserProfile\Temp\VMBuilds\Test01\stm32duino_genericSTM32F103C\Release\core.a(timer.c.o)
 .debug_info    0x00000000000106de      0xc02 D:\UserProfile\Temp\VMBuilds\Test01\stm32duino_genericSTM32F103C\Release\core.a(usart_f1.c.o)
 .debug_info    0x00000000000112e0      0x5c2 D:\UserProfile\Temp\VMBuilds\Test01\stm32duino_genericSTM32F103C\Release\core.a(usart_private.c.o)
 .debug_info    0x00000000000118a2      0xb26 D:\UserProfile\Temp\VMBuilds\Test01\stm32duino_genericSTM32F103C\Release\core.a(util.c.o)
 .debug_info    0x00000000000123c8      0xd2b D:\UserProfile\Temp\VMBuilds\Test01\stm32duino_genericSTM32F103C\Release\core.a(usb.c.o)
 .debug_info    0x00000000000130f3     0x24af D:\UserProfile\Temp\VMBuilds\Test01\stm32duino_genericSTM32F103C\Release\core.a(usb_cdcacm.c.o)
 .debug_info    0x00000000000155a2      0x27c D:\UserProfile\Temp\VMBuilds\Test01\stm32duino_genericSTM32F103C\Release\core.a(usb_reg_map.c.o)
 .debug_info    0x000000000001581e      0xe08 D:\UserProfile\Temp\VMBuilds\Test01\stm32duino_genericSTM32F103C\Release\core.a(usb_core.c.o)
 .debug_info    0x0000000000016626      0x489 D:\UserProfile\Temp\VMBuilds\Test01\stm32duino_genericSTM32F103C\Release\core.a(usb_init.c.o)
 .debug_info    0x0000000000016aaf      0x539 D:\UserProfile\Temp\VMBuilds\Test01\stm32duino_genericSTM32F103C\Release\core.a(usb_mem.c.o)
 .debug_info    0x0000000000016fe8      0xfa9 D:\UserProfile\Temp\VMBuilds\Test01\stm32duino_genericSTM32F103C\Release\core.a(usb_regs.c.o)
 .debug_info    0x0000000000017f91     0x3993 D:\UserProfile\Temp\VMBuilds\Test01\stm32duino_genericSTM32F103C\Release\core.a(HardwareSerial.cpp.o)
 .debug_info    0x000000000001b924       0xa9 D:\UserProfile\Temp\VMBuilds\Test01\stm32duino_genericSTM32F103C\Release\core.a(main.cpp.o)
 .debug_info    0x000000000001b9cd     0x3f27 D:\UserProfile\Temp\VMBuilds\Test01\stm32duino_genericSTM32F103C\Release\core.a(Print.cpp.o)
 .debug_info    0x000000000001f8f4     0x50e6 D:\UserProfile\Temp\VMBuilds\Test01\stm32duino_genericSTM32F103C\Release\core.a(usb_serial.cpp.o)
 .debug_info    0x00000000000249da      0xc84 D:\UserProfile\Temp\VMBuilds\Test01\stm32duino_genericSTM32F103C\Release\core.a(wirish_digital.cpp.o)
 .debug_info    0x000000000002565e     0x2d48 D:\UserProfile\Temp\VMBuilds\Test01\stm32duino_genericSTM32F103C\Release\core.a(wirish_time.cpp.o)
 .debug_info    0x00000000000283a6      0xdec D:\UserProfile\Temp\VMBuilds\Test01\stm32duino_genericSTM32F103C\Release\core.a(wirish_digital_f1.cpp.o)
 .debug_info    0x0000000000029192       0x37 D:\UserProfile\Temp\VMBuilds\Test01\stm32duino_genericSTM32F103C\Release\core.a(hooks.c.o)
 .debug_info    0x00000000000291c9      0x37c D:\UserProfile\Temp\VMBuilds\Test01\stm32duino_genericSTM32F103C\Release\core.a(gpio.c.o)
 .debug_info    0x0000000000029545     0x229f D:\UserProfile\Temp\VMBuilds\Test01\stm32duino_genericSTM32F103C\Release\core.a(i2c.c.o)
 .debug_info    0x000000000002b7e4      0xc4c D:\UserProfile\Temp\VMBuilds\Test01\stm32duino_genericSTM32F103C\Release\core.a(usart.c.o)

.debug_abbrev   0x0000000000000000     0x71dc
 *(.debug_abbrev)
 .debug_abbrev  0x0000000000000000      0x5c2 Test01.cpp.o
 .debug_abbrev  0x00000000000005c2      0x3b0 D:\UserProfile\Temp\VMBCore\arduino16x\cba90235cfc1513c27939bafbcd9e40a\variant\board.cpp.o
 .debug_abbrev  0x0000000000000972      0x395 D:\UserProfile\Temp\VMBCore\arduino16x\cba90235cfc1513c27939bafbcd9e40a\variant\boards.cpp.o
 .debug_abbrev  0x0000000000000d07      0x3a7 D:\UserProfile\Temp\VMBCore\arduino16x\cba90235cfc1513c27939bafbcd9e40a\variant\boards_setup.cpp.o
 .debug_abbrev  0x00000000000010ae       0x14 D:\UserProfile\Temp\VMBCore\arduino16x\cba90235cfc1513c27939bafbcd9e40a\variant\start.S.o
 .debug_abbrev  0x00000000000010c2       0xe4 D:\UserProfile\Temp\VMBCore\arduino16x\cba90235cfc1513c27939bafbcd9e40a\variant\start_c.c.o
 .debug_abbrev  0x00000000000011a6       0x14 D:\UserProfile\Temp\VMBuilds\Test01\stm32duino_genericSTM32F103C\Release\core.a(exc.S.o)
 .debug_abbrev  0x00000000000011ba       0x14 D:\UserProfile\Temp\VMBuilds\Test01\stm32duino_genericSTM32F103C\Release\core.a(isrs.S.o)
 .debug_abbrev  0x00000000000011ce      0x215 D:\UserProfile\Temp\VMBuilds\Test01\stm32duino_genericSTM32F103C\Release\core.a(adc.c.o)
 .debug_abbrev  0x00000000000013e3      0x311 D:\UserProfile\Temp\VMBuilds\Test01\stm32duino_genericSTM32F103C\Release\core.a(adc_f1.c.o)
 .debug_abbrev  0x00000000000016f4      0x413 D:\UserProfile\Temp\VMBuilds\Test01\stm32duino_genericSTM32F103C\Release\core.a(dma_f1.c.o)
 .debug_abbrev  0x0000000000001b07      0x2ad D:\UserProfile\Temp\VMBuilds\Test01\stm32duino_genericSTM32F103C\Release\core.a(exti.c.o)
 .debug_abbrev  0x0000000000001db4       0xa1 D:\UserProfile\Temp\VMBuilds\Test01\stm32duino_genericSTM32F103C\Release\core.a(flash.c.o)
 .debug_abbrev  0x0000000000001e55      0x1af D:\UserProfile\Temp\VMBuilds\Test01\stm32duino_genericSTM32F103C\Release\core.a(gpio_f1.c.o)
 .debug_abbrev  0x0000000000002004      0x1f3 D:\UserProfile\Temp\VMBuilds\Test01\stm32duino_genericSTM32F103C\Release\core.a(i2c_f1.c.o)
 .debug_abbrev  0x00000000000021f7      0x1b3 D:\UserProfile\Temp\VMBuilds\Test01\stm32duino_genericSTM32F103C\Release\core.a(nvic.c.o)
 .debug_abbrev  0x00000000000023aa      0x1cc D:\UserProfile\Temp\VMBuilds\Test01\stm32duino_genericSTM32F103C\Release\core.a(rcc.c.o)
 .debug_abbrev  0x0000000000002576      0x27d D:\UserProfile\Temp\VMBuilds\Test01\stm32duino_genericSTM32F103C\Release\core.a(rcc_f1.c.o)
 .debug_abbrev  0x00000000000027f3      0x11b D:\UserProfile\Temp\VMBuilds\Test01\stm32duino_genericSTM32F103C\Release\core.a(systick.c.o)
 .debug_abbrev  0x000000000000290e      0x4da D:\UserProfile\Temp\VMBuilds\Test01\stm32duino_genericSTM32F103C\Release\core.a(timer.c.o)
 .debug_abbrev  0x0000000000002de8      0x2d9 D:\UserProfile\Temp\VMBuilds\Test01\stm32duino_genericSTM32F103C\Release\core.a(usart_f1.c.o)
 .debug_abbrev  0x00000000000030c1      0x15f D:\UserProfile\Temp\VMBuilds\Test01\stm32duino_genericSTM32F103C\Release\core.a(usart_private.c.o)
 .debug_abbrev  0x0000000000003220      0x2b3 D:\UserProfile\Temp\VMBuilds\Test01\stm32duino_genericSTM32F103C\Release\core.a(util.c.o)
 .debug_abbrev  0x00000000000034d3      0x3b6 D:\UserProfile\Temp\VMBuilds\Test01\stm32duino_genericSTM32F103C\Release\core.a(usb.c.o)
 .debug_abbrev  0x0000000000003889      0x4b0 D:\UserProfile\Temp\VMBuilds\Test01\stm32duino_genericSTM32F103C\Release\core.a(usb_cdcacm.c.o)
 .debug_abbrev  0x0000000000003d39      0x197 D:\UserProfile\Temp\VMBuilds\Test01\stm32duino_genericSTM32F103C\Release\core.a(usb_reg_map.c.o)
 .debug_abbrev  0x0000000000003ed0      0x419 D:\UserProfile\Temp\VMBuilds\Test01\stm32duino_genericSTM32F103C\Release\core.a(usb_core.c.o)
 .debug_abbrev  0x00000000000042e9      0x118 D:\UserProfile\Temp\VMBuilds\Test01\stm32duino_genericSTM32F103C\Release\core.a(usb_init.c.o)
 .debug_abbrev  0x0000000000004401      0x15a D:\UserProfile\Temp\VMBuilds\Test01\stm32duino_genericSTM32F103C\Release\core.a(usb_mem.c.o)
 .debug_abbrev  0x000000000000455b      0x2a4 D:\UserProfile\Temp\VMBuilds\Test01\stm32duino_genericSTM32F103C\Release\core.a(usb_regs.c.o)
 .debug_abbrev  0x00000000000047ff      0x69a D:\UserProfile\Temp\VMBuilds\Test01\stm32duino_genericSTM32F103C\Release\core.a(HardwareSerial.cpp.o)
 .debug_abbrev  0x0000000000004e99       0x7f D:\UserProfile\Temp\VMBuilds\Test01\stm32duino_genericSTM32F103C\Release\core.a(main.cpp.o)
 .debug_abbrev  0x0000000000004f18      0x6ee D:\UserProfile\Temp\VMBuilds\Test01\stm32duino_genericSTM32F103C\Release\core.a(Print.cpp.o)
 .debug_abbrev  0x0000000000005606      0x8f8 D:\UserProfile\Temp\VMBuilds\Test01\stm32duino_genericSTM32F103C\Release\core.a(usb_serial.cpp.o)
 .debug_abbrev  0x0000000000005efe      0x198 D:\UserProfile\Temp\VMBuilds\Test01\stm32duino_genericSTM32F103C\Release\core.a(wirish_digital.cpp.o)
 .debug_abbrev  0x0000000000006096      0x5cb D:\UserProfile\Temp\VMBuilds\Test01\stm32duino_genericSTM32F103C\Release\core.a(wirish_time.cpp.o)
 .debug_abbrev  0x0000000000006661      0x247 D:\UserProfile\Temp\VMBuilds\Test01\stm32duino_genericSTM32F103C\Release\core.a(wirish_digital_f1.cpp.o)
 .debug_abbrev  0x00000000000068a8       0x28 D:\UserProfile\Temp\VMBuilds\Test01\stm32duino_genericSTM32F103C\Release\core.a(hooks.c.o)
 .debug_abbrev  0x00000000000068d0      0x11b D:\UserProfile\Temp\VMBuilds\Test01\stm32duino_genericSTM32F103C\Release\core.a(gpio.c.o)
 .debug_abbrev  0x00000000000069eb      0x4de D:\UserProfile\Temp\VMBuilds\Test01\stm32duino_genericSTM32F103C\Release\core.a(i2c.c.o)
 .debug_abbrev  0x0000000000006ec9      0x313 D:\UserProfile\Temp\VMBuilds\Test01\stm32duino_genericSTM32F103C\Release\core.a(usart.c.o)

.debug_line     0x0000000000000000     0xc074
 *(.debug_line)
 .debug_line    0x0000000000000000      0xa35 Test01.cpp.o
 .debug_line    0x0000000000000a35      0x744 D:\UserProfile\Temp\VMBCore\arduino16x\cba90235cfc1513c27939bafbcd9e40a\variant\board.cpp.o
 .debug_line    0x0000000000001179      0x550 D:\UserProfile\Temp\VMBCore\arduino16x\cba90235cfc1513c27939bafbcd9e40a\variant\boards.cpp.o
 .debug_line    0x00000000000016c9      0x6d1 D:\UserProfile\Temp\VMBCore\arduino16x\cba90235cfc1513c27939bafbcd9e40a\variant\boards_setup.cpp.o
 .debug_line    0x0000000000001d9a       0xbb D:\UserProfile\Temp\VMBCore\arduino16x\cba90235cfc1513c27939bafbcd9e40a\variant\start.S.o
 .debug_line    0x0000000000001e55       0xc8 D:\UserProfile\Temp\VMBCore\arduino16x\cba90235cfc1513c27939bafbcd9e40a\variant\start_c.c.o
 .debug_line    0x0000000000001f1d       0xbe D:\UserProfile\Temp\VMBuilds\Test01\stm32duino_genericSTM32F103C\Release\core.a(exc.S.o)
 .debug_line    0x0000000000001fdb       0xbb D:\UserProfile\Temp\VMBuilds\Test01\stm32duino_genericSTM32F103C\Release\core.a(isrs.S.o)
 .debug_line    0x0000000000002096      0x369 D:\UserProfile\Temp\VMBuilds\Test01\stm32duino_genericSTM32F103C\Release\core.a(adc.c.o)
 .debug_line    0x00000000000023ff      0x418 D:\UserProfile\Temp\VMBuilds\Test01\stm32duino_genericSTM32F103C\Release\core.a(adc_f1.c.o)
 .debug_line    0x0000000000002817      0x6ab D:\UserProfile\Temp\VMBuilds\Test01\stm32duino_genericSTM32F103C\Release\core.a(dma_f1.c.o)
 .debug_line    0x0000000000002ec2      0x453 D:\UserProfile\Temp\VMBuilds\Test01\stm32duino_genericSTM32F103C\Release\core.a(exti.c.o)
 .debug_line    0x0000000000003315      0x2eb D:\UserProfile\Temp\VMBuilds\Test01\stm32duino_genericSTM32F103C\Release\core.a(flash.c.o)
 .debug_line    0x0000000000003600      0x398 D:\UserProfile\Temp\VMBuilds\Test01\stm32duino_genericSTM32F103C\Release\core.a(gpio_f1.c.o)
 .debug_line    0x0000000000003998      0x496 D:\UserProfile\Temp\VMBuilds\Test01\stm32duino_genericSTM32F103C\Release\core.a(i2c_f1.c.o)
 .debug_line    0x0000000000003e2e      0x356 D:\UserProfile\Temp\VMBuilds\Test01\stm32duino_genericSTM32F103C\Release\core.a(nvic.c.o)
 .debug_line    0x0000000000004184      0x402 D:\UserProfile\Temp\VMBuilds\Test01\stm32duino_genericSTM32F103C\Release\core.a(rcc.c.o)
 .debug_line    0x0000000000004586      0x461 D:\UserProfile\Temp\VMBuilds\Test01\stm32duino_genericSTM32F103C\Release\core.a(rcc_f1.c.o)
 .debug_line    0x00000000000049e7      0x2bb D:\UserProfile\Temp\VMBuilds\Test01\stm32duino_genericSTM32F103C\Release\core.a(systick.c.o)
 .debug_line    0x0000000000004ca2      0x6ff D:\UserProfile\Temp\VMBuilds\Test01\stm32duino_genericSTM32F103C\Release\core.a(timer.c.o)
 .debug_line    0x00000000000053a1      0x498 D:\UserProfile\Temp\VMBuilds\Test01\stm32duino_genericSTM32F103C\Release\core.a(usart_f1.c.o)
 .debug_line    0x0000000000005839      0x331 D:\UserProfile\Temp\VMBuilds\Test01\stm32duino_genericSTM32F103C\Release\core.a(usart_private.c.o)
 .debug_line    0x0000000000005b6a      0x3f8 D:\UserProfile\Temp\VMBuilds\Test01\stm32duino_genericSTM32F103C\Release\core.a(util.c.o)
 .debug_line    0x0000000000005f62      0x59d D:\UserProfile\Temp\VMBuilds\Test01\stm32duino_genericSTM32F103C\Release\core.a(usb.c.o)
 .debug_line    0x00000000000064ff      0x9b9 D:\UserProfile\Temp\VMBuilds\Test01\stm32duino_genericSTM32F103C\Release\core.a(usb_cdcacm.c.o)
 .debug_line    0x0000000000006eb8      0x327 D:\UserProfile\Temp\VMBuilds\Test01\stm32duino_genericSTM32F103C\Release\core.a(usb_reg_map.c.o)
 .debug_line    0x00000000000071df      0x484 D:\UserProfile\Temp\VMBuilds\Test01\stm32duino_genericSTM32F103C\Release\core.a(usb_core.c.o)
 .debug_line    0x0000000000007663      0x170 D:\UserProfile\Temp\VMBuilds\Test01\stm32duino_genericSTM32F103C\Release\core.a(usb_init.c.o)
 .debug_line    0x00000000000077d3      0x1b6 D:\UserProfile\Temp\VMBuilds\Test01\stm32duino_genericSTM32F103C\Release\core.a(usb_mem.c.o)
 .debug_line    0x0000000000007989      0x592 D:\UserProfile\Temp\VMBuilds\Test01\stm32duino_genericSTM32F103C\Release\core.a(usb_regs.c.o)
 .debug_line    0x0000000000007f1b      0x786 D:\UserProfile\Temp\VMBuilds\Test01\stm32duino_genericSTM32F103C\Release\core.a(HardwareSerial.cpp.o)
 .debug_line    0x00000000000086a1       0xb6 D:\UserProfile\Temp\VMBuilds\Test01\stm32duino_genericSTM32F103C\Release\core.a(main.cpp.o)
 .debug_line    0x0000000000008757      0xa3f D:\UserProfile\Temp\VMBuilds\Test01\stm32duino_genericSTM32F103C\Release\core.a(Print.cpp.o)
 .debug_line    0x0000000000009196      0xb88 D:\UserProfile\Temp\VMBuilds\Test01\stm32duino_genericSTM32F103C\Release\core.a(usb_serial.cpp.o)
 .debug_line    0x0000000000009d1e      0x3ad D:\UserProfile\Temp\VMBuilds\Test01\stm32duino_genericSTM32F103C\Release\core.a(wirish_digital.cpp.o)
 .debug_line    0x000000000000a0cb      0x991 D:\UserProfile\Temp\VMBuilds\Test01\stm32duino_genericSTM32F103C\Release\core.a(wirish_time.cpp.o)
 .debug_line    0x000000000000aa5c      0x446 D:\UserProfile\Temp\VMBuilds\Test01\stm32duino_genericSTM32F103C\Release\core.a(wirish_digital_f1.cpp.o)
 .debug_line    0x000000000000aea2       0xa0 D:\UserProfile\Temp\VMBuilds\Test01\stm32duino_genericSTM32F103C\Release\core.a(hooks.c.o)
 .debug_line    0x000000000000af42      0x30f D:\UserProfile\Temp\VMBuilds\Test01\stm32duino_genericSTM32F103C\Release\core.a(gpio.c.o)
 .debug_line    0x000000000000b251      0x9b7 D:\UserProfile\Temp\VMBuilds\Test01\stm32duino_genericSTM32F103C\Release\core.a(i2c.c.o)
 .debug_line    0x000000000000bc08      0x46c D:\UserProfile\Temp\VMBuilds\Test01\stm32duino_genericSTM32F103C\Release\core.a(usart.c.o)

.debug_frame    0x0000000000000000     0x2024
 *(.debug_frame)
 .debug_frame   0x0000000000000000       0x58 Test01.cpp.o
 .debug_frame   0x0000000000000058       0x3c D:\UserProfile\Temp\VMBCore\arduino16x\cba90235cfc1513c27939bafbcd9e40a\variant\board.cpp.o
 .debug_frame   0x0000000000000094       0x8c D:\UserProfile\Temp\VMBCore\arduino16x\cba90235cfc1513c27939bafbcd9e40a\variant\boards.cpp.o
 .debug_frame   0x0000000000000120       0x6c D:\UserProfile\Temp\VMBCore\arduino16x\cba90235cfc1513c27939bafbcd9e40a\variant\boards_setup.cpp.o
 .debug_frame   0x000000000000018c       0x28 D:\UserProfile\Temp\VMBCore\arduino16x\cba90235cfc1513c27939bafbcd9e40a\variant\start_c.c.o
 .debug_frame   0x00000000000001b4       0x68 D:\UserProfile\Temp\VMBuilds\Test01\stm32duino_genericSTM32F103C\Release\core.a(adc.c.o)
 .debug_frame   0x000000000000021c       0xc8 D:\UserProfile\Temp\VMBuilds\Test01\stm32duino_genericSTM32F103C\Release\core.a(adc_f1.c.o)
 .debug_frame   0x00000000000002e4      0x190 D:\UserProfile\Temp\VMBuilds\Test01\stm32duino_genericSTM32F103C\Release\core.a(dma_f1.c.o)